******************************************************************************
             TMS320C2000 Linker PC v22.6.2                     
******************************************************************************
>> Linked Tue Jul 29 20:01:53 2025

OUTPUT FILE NAME:   <8.I2C.out>
ENTRY POINT SYMBOL: "code_start"  address: 00080000


MEMORY CONFIGURATION

         name            origin    length      used     unused   attr    fill
----------------------  --------  ---------  --------  --------  ----  --------
  BOOT_RSVD             00000002   00000126  00000000  00000126  RWIX
  RAMM0                 00000128   000002d8  00000000  000002d8  RWIX
  RAMM1                 00000400   00000400  00000200  00000200  RWIX
  CLATOCPURAM           00001480   00000080  00000000  00000080  RWIX
  CPUTOCLARAM           00001500   00000080  00000000  00000080  RWIX
  CLATODMARAM           00001680   00000080  00000000  00000080  RWIX
  DMATOCLARAM           00001700   00000080  00000000  00000080  RWIX
  RAMLS0                00008000   00000800  000000cd  00000733  RWIX
  RAMLS1                00008800   00000800  00000000  00000800  RWIX
  RAMLS2                00009000   00000800  00000000  00000800  RWIX
  RAMLS3                00009800   00000800  00000000  00000800  RWIX
  RAMLS4                0000a000   00000800  00000000  00000800  RWIX
  RAMLS5                0000a800   00000800  0000005b  000007a5  RWIX
  RAMLS6                0000b000   00000800  00000000  00000800  RWIX
  RAMLS7                0000b800   00000800  00000000  00000800  RWIX
  RAMGS0                0000c000   00002000  00000000  00002000  RWIX
  RAMGS1                0000e000   00002000  00000000  00002000  RWIX
  RAMGS2                00010000   00002000  00000000  00002000  RWIX
  RAMGS3                00012000   00002000  00000000  00002000  RWIX
  RAMLS8                00014000   00002000  00000000  00002000  RWIX
  RAMLS9                00016000   00002000  00000000  00002000  RWIX
  BEGIN                 00080000   00000002  00000002  00000000  RWIX
  FLASH_BANK0           00080002   0001fffe  00003b55  0001c4a9  RWIX
  FLASH_BANK1           000a0000   00020000  00000000  00020000  RWIX
  FLASH_BANK2           000c0000   00020000  00000000  00020000  RWIX
  FLASH_BANK3           000e0000   00020000  00000000  00020000  RWIX
  FLASH_BANK4           00100000   00007fff  00000000  00007fff  RWIX
  RESET                 003fffc0   00000002  00000000  00000002  RWIX


SECTION ALLOCATION MAP

 output                                  attributes/
section   page    origin      length       input sections
--------  ----  ----------  ----------   ----------------
codestart 
*          0    00080000    00000002     
                  00080000    00000002     f28p55x_codestartbranch.obj (codestart)

.cinit     0    00083b40    00000028     
                  00083b40    00000016     (.cinit..data.load) [load image, compression = lzss]
                  00083b56    00000006     (__TI_handler_table)
                  00083b5c    00000004     (.cinit..bss.load) [load image, compression = zero_init]
                  00083b60    00000008     (__TI_cinit_table)

.reset     0    003fffc0    00000000     DSECT

.stack     0    00000400    00000200     UNINITIALIZED
                  00000400    00000200     --HOLE--

.bss       0    0000a800    0000002c     UNINITIALIZED
                  0000a800    0000002c     bsp_lsm6ds3.obj (.bss)

.init_array 
*          0    00080008    00000000     UNINITIALIZED

.data      0    0000a82c    0000002f     UNINITIALIZED
                  0000a82c    00000006     bsp_lsm6ds3.obj (.data:acc)
                  0000a832    00000006     bsp_lsm6ds3.obj (.data:gyr)
                  0000a838    00000006     rts2800_fpu32_eabi.lib : exit.c.obj (.data)
                  0000a83e    00000002                            : _lock.c.obj (.data:_lock)
                  0000a840    00000018     bsp_lsm6ds3.obj (.data)
                  0000a858    00000002     rts2800_fpu32_eabi.lib : _lock.c.obj (.data:_unlock)
                  0000a85a    00000001                            : errno.c.obj (.data)

.const     0    00080008    000006ae     
                  00080008    00000101     rts2800_fpu32_eabi.lib : ctype.c.obj (.const:.string:_ctypes_)
                  00080109    00000001     --HOLE-- [fill = 0]
                  0008010a    0000009b     driverlib.lib : flash.obj (.const:.string)
                  000801a5    00000001     --HOLE-- [fill = 0]
                  000801a6    0000009a                   : sysctl.obj (.const:.string)
                  00080240    00000098                   : gpio.obj (.const:.string)
                  000802d8    00000097                   : sci.obj (.const:.string)
                  0008036f    00000001     --HOLE-- [fill = 0]
                  00080370    00000083     board.obj (.const:.string)
                  000803f3    00000001     --HOLE-- [fill = 0]
                  000803f4    0000000c     rts2800_fpu32_eabi.lib : e_sqrt.c.obj (.const)
                  00080400    0000007c                            : e_asin.c.obj (.const)
                  0008047c    00000057     device.obj (.const:.string)
                  000804d3    00000001     --HOLE-- [fill = 0]
                  000804d4    0000004b     driverlib.lib : pga.obj (.const:.string)
                  0008051f    00000001     --HOLE-- [fill = 0]
                  00080520    00000042     bsp_i2c.obj (.const:.string)
                  00080562    00000041     bsp_uart.obj (.const:.string)
                  000805a3    00000001     --HOLE-- [fill = 0]
                  000805a4    0000002c     rts2800_fpu32_eabi.lib : s_atan.c.obj (.const:aT)
                  000805d0    00000026                            : _printfi.c.obj (.const:.string)
                  000805f6    00000008                            : s_frexp.c.obj (.const)
                  000805fe    00000002     --HOLE-- [fill = 0]
                  00080600    00000020                            : e_atan2.c.obj (.const)
                  00080620    0000001c                            : _printfi.c.obj (.const)
                  0008063c    00000004     --HOLE-- [fill = 0]
                  00080640    0000001c                            : s_atan.c.obj (.const)
                  0008065c    0000001c                            : s_scalbn.c.obj (.const)
                  00080678    00000018     empty_driverlib_main.obj (.const:.string)
                  00080690    00000010     rts2800_fpu32_eabi.lib : s_atan.c.obj (.const:atanhi)
                  000806a0    00000010                            : s_atan.c.obj (.const:atanlo)
                  000806b0    00000006     bsp_lsm6ds3.obj (.const)

.TI.ramfunc 
*          0    000806b8    000000cd     RUN ADDR = 00008000
                  000806b8    00000036     driverlib.lib : flash.obj (.TI.ramfunc:Flash_initModule)
                  000806ee    00000022                   : flash.obj (.TI.ramfunc:Flash_setWaitstates)
                  00080710    00000018                   : flash.obj (.TI.ramfunc:Flash_disableCache)
                  00080728    00000017                   : flash.obj (.TI.ramfunc:Flash_disablePrefetch)
                  0008073f    00000016                   : flash.obj (.TI.ramfunc:Flash_enableCache)
                  00080755    00000016                   : flash.obj (.TI.ramfunc:Flash_enableECC)
                  0008076b    00000016                   : flash.obj (.TI.ramfunc:Flash_enablePrefetch)
                  00080781    00000004                   : sysctl.obj (.TI.ramfunc)

.text      0    00080788    000033b2     
                  00080788    000006c2     rts2800_fpu32_eabi.lib : _printfi.c.obj (.text)
                  00080e4a    00000614                            : _printfi.c.obj (.text:__TI_printfi)
                  0008145e    0000035d                            : e_asin.c.obj (.text)
                  000817bb    0000035b     bsp_lsm6ds3.obj (.text:lsm6ds3_get_angle)
                  00081b16    0000027d     rts2800_fpu32_eabi.lib : s_atan.c.obj (.text)
                  00081d93    00000177                            : e_atan2.c.obj (.text)
                  00081f0a    00000123     driverlib.lib : sysctl.obj (.text:SysCtl_setClock)
                  0008202d    00000107     rts2800_fpu32_eabi.lib : ll_div28.asm.obj (.text)
                  00082134    000000fe     driverlib.lib : sysctl.obj (.text:SysCtl_isPLLValid)
                  00082232    000000eb                   : gpio.obj (.text:GPIO_setAnalogMode)
                  0008231d    000000de     rts2800_fpu32_eabi.lib : e_sqrt.c.obj (.text)
                  000823fb    000000d8     device.obj (.text:Device_enableAllPeripherals)
                  000824d3    000000c7     device.obj (.text:Device_init)
                  0008259a    000000ac     bsp_lsm6ds3.obj (.text:lsm6ds3_get_acceleration)
                  00082646    000000a9     rts2800_fpu32_eabi.lib : s_scalbn.c.obj (.text)
                  000826ef    0000009c                            : fd_add28.asm.obj (.text)
                  0008278b    0000008b                            : fd_div28.asm.obj (.text)
                  00082816    00000088                            : fs_div28.asm.obj (.text)
                  0008289e    00000086     bsp_lsm6ds3.obj (.text:lsm6ds3_get_gyroscope)
                  00082924    00000083     rts2800_fpu32_eabi.lib : fd_mpy28.asm.obj (.text)
                  000829a7    00000073     driverlib.lib : sysctl.obj (.text:DCC_setCounterSeeds)
                  00082a1a    00000065                   : sysctl.obj (.text:SysCtl_getClock)
                  00082a7f    00000064     empty_driverlib_main.obj (.text:main)
                  00082ae3    0000005a     rts2800_fpu32_eabi.lib : s_frexp.c.obj (.text)
                  00082b3d    00000052     driverlib.lib : gpio.obj (.text:GPIO_setPadConfig)
                  00082b8f    00000047     bsp_lsm6ds3.obj (.text:KalmanFilter_Update)
                  00082bd6    00000047     driverlib.lib : sysctl.obj (.text:SysCtl_selectOscSource)
                  00082c1d    00000046                   : sysctl.obj (.text:SysCtl_selectXTAL)
                  00082c63    00000045                   : sci.obj (.text:SCI_clearInterruptStatus)
                  00082ca8    00000045                   : sysctl.obj (.text:SysCtl_pollX1Counter)
                  00082ced    00000044                   : pga.obj (.text:PGA_setOffsetTrimPMOS)
                  00082d31    00000041                   : pga.obj (.text:PGA_setOffsetTrimNMOS)
                  00082d72    0000003e                   : sci.obj (.text:SCI_setConfig)
                  00082db0    0000003d                   : interrupt.obj (.text:Interrupt_initModule)
                  00082ded    0000003c     bsp_lsm6ds3.obj (.text:KalmanFilter_init)
                  00082e29    0000003c     bsp_lsm6ds3.obj (.text:lsm6ds3_soft_calibrate_z0)
                  00082e65    00000039     bsp_i2c.obj (.text:i2c_send_byte)
                  00082e9e    00000038     bsp_lsm6ds3.obj (.text:lsm6ds3_write_command)
                  00082ed6    00000037     driverlib.lib : gpio.obj (.text:GPIO_setControllerCore)
                  00082f0d    00000037                   : gpio.obj (.text:GPIO_setPinConfig)
                  00082f44    00000037                   : gpio.obj (.text:GPIO_setQualificationMode)
                  00082f7b    00000035     board.obj (.text:PinMux_init)
                  00082fb0    00000035     empty_driverlib_main.obj (.text:float_to_str)
                  00082fe5    00000035     bsp_i2c.obj (.text:i2c_wait_ack)
                  0008301a    00000034     bsp_i2c.obj (.text:i2c_read_byte_ack)
                  0008304e    00000034     bsp_i2c.obj (.text:i2c_send_ack)
                  00083082    00000034     bsp_lsm6ds3.obj (.text:lsm6ds3_read_one_byte)
                  000830b6    00000032     rts2800_fpu32_eabi.lib : sprintf.c.obj (.text)
                  000830e8    00000031     driverlib.lib : gpio.obj (.text:GPIO_setDirectionMode)
                  00083119    00000031     rts2800_fpu32_eabi.lib : atoi.c.obj (.text)
                  0008314a    00000030                            : _ltoa.c.obj (.text)
                  0008317a    0000002f     board.obj (.text:mySCI0_init)
                  000831a9    0000002e     bsp_uart.obj (.text:SCI_isTransmitterBusy)
                  000831d7    0000002e     rts2800_fpu32_eabi.lib : copy_decompress_lzss.c.obj (.text:decompress:lzss)
                  00083205    0000002e     bsp_lsm6ds3.obj (.text:lsm6ds3_reset)
                  00083233    0000002d     bsp_lsm6ds3.obj (.text:lsm6ds3_set_BDU)
                  00083260    0000002c     board.obj (.text:GPIO_isPinValid)
                  0008328c    0000002c     bsp_i2c.obj (.text:GPIO_isPinValid)
                  000832b8    0000002c     driverlib.lib : gpio.obj (.text:GPIO_isPinValid)
                  000832e4    0000002b     rts2800_fpu32_eabi.lib : autoinit.c.obj (.text:__TI_auto_init_nobinit_nopinit)
                  0008330f    0000002a     bsp_lsm6ds3.obj (.text:lsm6ds3_set_accelerometer_bandwidth)
                  00083339    0000002a     rts2800_fpu32_eabi.lib : fd_cmp28.asm.obj (.text)
                  00083363    0000002a                            : l_div28.asm.obj (.text)
                  0008338d    00000029     bsp_i2c.obj (.text:i2c_start)
                  000833b6    00000029     rts2800_fpu32_eabi.lib : exit.c.obj (.text)
                  000833df    00000027     board.obj (.text:GPIO_writePin)
                  00083406    00000027     bsp_i2c.obj (.text:GPIO_writePin)
                  0008342d    00000025     driverlib.lib : sysctl.obj (.text:SysCtl_selectXTALSingleEnded)
                  00083452    00000024                   : sysctl.obj (.text:DCC_enableSingleShotMode)
                  00083476    00000024     bsp_lsm6ds3.obj (.text:lsm6ds3_init)
                  0008349a    00000024     rts2800_fpu32_eabi.lib : s_copysign.c.obj (.text)
                  000834be    00000023     bsp_i2c.obj (.text:GPIO_readPin)
                  000834e1    00000023     rts2800_fpu32_eabi.lib : fd_tofsfpu32.asm.obj (.text)
                  00083504    00000022                            : i_div28.asm.obj (.text)
                  00083526    00000021     bsp_i2c.obj (.text:i2c_stop)
                  00083547    00000021     rts2800_fpu32_eabi.lib : fd_toi28.asm.obj (.text)
                  00083568    00000020     bsp_uart.obj (.text:SCI_isFIFOEnabled)
                  00083588    0000001f     rts2800_fpu32_eabi.lib : fd_tol28.asm.obj (.text)
                  000835a7    0000001e     driverlib.lib : sysctl.obj (.text:DCC_setCounter0ClkSource)
                  000835c5    0000001e                   : sysctl.obj (.text:DCC_setCounter1ClkSource)
                  000835e3    0000001e                   : interrupt.obj (.text:Interrupt_initVectorTable)
                  00083601    0000001e     rts2800_fpu32_eabi.lib : ll_cmp28.asm.obj (.text)
                  0008361f    0000001d                            : i_tofd28.asm.obj (.text)
                  0008363c    0000001d                            : memcpy.c.obj (.text)
                  00083659    0000001c                            : fs_tofdfpu32.asm.obj (.text)
                  00083675    0000001c                            : l_tofd28.asm.obj (.text)
                  00083691    0000001a     device.obj (.text:Device_initGPIO)
                  000836ab    0000001a     driverlib.lib : sysctl.obj (.text:SysCtl_getLowSpeedClock)
                  000836c5    00000019     board.obj (.text:I2C_SCL_init)
                  000836de    00000019     board.obj (.text:I2C_SDA_init)
                  000836f7    00000019     driverlib.lib : sysctl.obj (.text:SysCtl_setPLLSysClk)
                  00083710    00000019     bsp_lsm6ds3.obj (.text:lsm6ds3_set_accelerometer_fullscale)
                  00083729    00000019     bsp_lsm6ds3.obj (.text:lsm6ds3_set_accelerometer_rate)
                  00083742    00000019     bsp_lsm6ds3.obj (.text:lsm6ds3_set_gyroscope_fullscale)
                  0008375b    00000019     bsp_lsm6ds3.obj (.text:lsm6ds3_set_gyroscope_rate)
                  00083774    00000018     driverlib.lib : sci.obj (.text:SCI_disableModule)
                  0008378c    00000018     board.obj (.text:SCI_performSoftwareReset)
                  000837a4    00000018     driverlib.lib : sci.obj (.text:SCI_performSoftwareReset)
                  000837bc    00000018     board.obj (.text:SCI_resetChannels)
                  000837d4    00000018     rts2800_fpu32_eabi.lib : ll_aox28.asm.obj (.text)
                  000837ec    00000017     driverlib.lib : pga.obj (.text:PGA_isBaseValid)
                  00083803    00000017     board.obj (.text:SCI_isBaseValid)
                  0008381a    00000017     bsp_uart.obj (.text:SCI_isBaseValid)
                  00083831    00000017     driverlib.lib : sci.obj (.text:SCI_isBaseValid)
                  00083848    00000017     device.obj (.text:SysCtl_enablePeripheral)
                  0008385f    00000017     driverlib.lib : sysctl.obj (.text:SysCtl_enablePeripheral)
                  00083876    00000017     rts2800_fpu32_eabi.lib : boot28.asm.obj (.text)
                  0008388d    00000016     driverlib.lib : sysctl.obj (.text:DCC_disableDoneSignal)
                  000838a3    00000016                   : interrupt.obj (.text:Interrupt_defaultHandler)
                  000838b9    00000015                   : sysctl.obj (.text:DCC_clearDoneFlag)
                  000838ce    00000015                   : sysctl.obj (.text:DCC_clearErrorFlag)
                  000838e3    00000015                   : sysctl.obj (.text:DCC_disableErrorSignal)
                  000838f8    00000015                   : sysctl.obj (.text:DCC_isBaseValid)
                  0008390d    00000015     device.obj (.text:GPIO_unlockPortConfig)
                  00083922    00000014     driverlib.lib : sysctl.obj (.text:DCC_disableModule)
                  00083936    00000014                   : sysctl.obj (.text:DCC_enableModule)
                  0008394a    00000014     bsp_uart.obj (.text:SCI_writeCharNonBlocking)
                  0008395e    00000014     bsp_lsm6ds3.obj (.text:lsm6ds3_read_command)
                  00083972    00000013     board.obj (.text:SCI_clearOverflowStatus)
                  00083985    00000013     board.obj (.text:SCI_disableFIFO)
                  00083998    00000013     board.obj (.text:SCI_enableModule)
                  000839ab    00000013     driverlib.lib : sci.obj (.text:SCI_enableModule)
                  000839be    00000012     bsp_lsm6ds3.obj (.text:delay_syms)
                  000839d0    00000011     board.obj (.text:SCI_disableLoopback)
                  000839e1    00000010     driverlib.lib : flash.obj (.text:Flash_isCtrlBaseValid)
                  000839f1    00000010                   : flash.obj (.text:Flash_isECCBaseValid)
                  00083a01    00000010     bsp_lsm6ds3.obj (.text:lsm6ds3_get_status)
                  00083a11    00000010     rts2800_fpu32_eabi.lib : memccpy.c.obj (.text)
                  00083a21    0000000f     bsp_lsm6ds3.obj (.text:i2c_check_device)
                  00083a30    0000000f     bsp_uart.obj (.text:uart0_sendChar)
                  00083a3f    0000000e     rts2800_fpu32_eabi.lib : fd_sub28.asm.obj (.text)
                  00083a4d    0000000e     bsp_uart.obj (.text:uart0_sendString)
                  00083a5b    0000000d     driverlib.lib : interrupt.obj (.text:Interrupt_disableGlobal)
                  00083a68    0000000d     device.obj (.text:SysCtl_setLowSpeedClock)
                  00083a75    0000000d     rts2800_fpu32_eabi.lib : copy_zero_init.c.obj (.text:decompress:ZI:__TI_zero_init_nomemset)
                  00083a82    0000000c                            : args_main.c.obj (.text)
                  00083a8e    0000000c                            : strchr.c.obj (.text)
                  00083a9a    0000000b     device.obj (.text:SysCtl_disableWatchdog)
                  00083aa5    0000000b     driverlib.lib : sysctl.obj (.text:SysCtl_isMCDClockFailureDetected)
                  00083ab0    0000000b     bsp_lsm6ds3.obj (.text:lsm6ds3_check_ok)
                  00083abb    0000000b     rts2800_fpu32_eabi.lib : wcslen.c.obj (.text)
                  00083ac6    0000000a     driverlib.lib : interrupt.obj (.text:Interrupt_illegalOperationHandler)
                  00083ad0    0000000a                   : interrupt.obj (.text:Interrupt_nmiHandler)
                  00083ada    00000009     board.obj (.text:Board_init)
                  00083ae3    00000009     rts2800_fpu32_eabi.lib : _lock.c.obj (.text)
                  00083aec    00000009                            : fd_neg28.asm.obj (.text)
                  00083af5    00000008                            : copy_decompress_none.c.obj (.text:decompress:none)
                  00083afd    00000008     f28p55x_codestartbranch.obj (.text)
                  00083b05    00000008     rts2800_fpu32_eabi.lib : strlen.c.obj (.text)
                  00083b0d    00000007     device.obj (.text:ASysCtl_lockVREG)
                  00083b14    00000007     driverlib.lib : sysctl.obj (.text:SysCtl_resetMCD)
                  00083b1b    00000007     device.obj (.text:__error__)
                  00083b22    00000007     rts2800_fpu32_eabi.lib : memset.c.obj (.text)
                  00083b29    00000005     board.obj (.text:GPIO_init)
                  00083b2e    00000005     rts2800_fpu32_eabi.lib : strcpy.c.obj (.text)
                  00083b33    00000003     board.obj (.text:SCI_init)
                  00083b36    00000002     rts2800_fpu32_eabi.lib : pre_init.c.obj (.text)
                  00083b38    00000001     c2000ware_libraries.obj (.text:C2000Ware_libraries_init)
                  00083b39    00000001     rts2800_fpu32_eabi.lib : startup.c.obj (.text)

MODULE SUMMARY

       Module                        code    ro data   rw data
       ------                        ----    -------   -------
    .\
       empty_driverlib_main.obj      153     24        0      
    +--+-----------------------------+-------+---------+---------+
       Total:                        153     24        0      
                                                              
    .\BSP\
       bsp_lsm6ds3.obj               1813    6         80     
       bsp_i2c.obj                   406     66        0      
       bsp_uart.obj                  150     65        0      
    +--+-----------------------------+-------+---------+---------+
       Total:                        2369    137       80     
                                                              
    .\device\
       device.obj                    523     87        0      
       f28p55x_codestartbranch.obj   10      0         0      
    +--+-----------------------------+-------+---------+---------+
       Total:                        533     87        0      
                                                              
    .\syscfg\
       board.obj                     395     131       0      
       c2000ware_libraries.obj       1       0         0      
    +--+-----------------------------+-------+---------+---------+
       Total:                        396     131       0      
                                                              
    E:/TI/sdk/C2000Ware_5_05_00_00/driverlib/f28p55x/driverlib/ccs/Debug/driverlib.lib
       sysctl.obj                    1350    154       0      
       gpio.obj                      575     152       0      
       flash.obj                     434     155       0      
       sci.obj                       221     151       0      
       pga.obj                       156     75        0      
       interrupt.obj                 146     0         0      
    +--+-----------------------------+-------+---------+---------+
       Total:                        2882    687       0      
                                                              
    E:\TI\ccs\tools\compiler\ti-cgt-c2000_22.6.2.LTS\lib\rts2800_fpu32_eabi.lib
       _printfi.c.obj                3286    66        0      
       e_asin.c.obj                  861     124       0      
       s_atan.c.obj                  637     104       0      
       e_atan2.c.obj                 375     32        0      
       ll_div28.asm.obj              263     0         0      
       ctype.c.obj                   0       257       0      
       e_sqrt.c.obj                  222     12        0      
       s_scalbn.c.obj                169     28        0      
       fd_add28.asm.obj              156     0         0      
       fd_div28.asm.obj              139     0         0      
       fs_div28.asm.obj              136     0         0      
       fd_mpy28.asm.obj              131     0         0      
       s_frexp.c.obj                 90      8         0      
       sprintf.c.obj                 50      0         0      
       atoi.c.obj                    49      0         0      
       _ltoa.c.obj                   48      0         0      
       exit.c.obj                    41      0         6      
       copy_decompress_lzss.c.obj    46      0         0      
       autoinit.c.obj                43      0         0      
       fd_cmp28.asm.obj              42      0         0      
       l_div28.asm.obj               42      0         0      
       s_copysign.c.obj              36      0         0      
       fd_tofsfpu32.asm.obj          35      0         0      
       i_div28.asm.obj               34      0         0      
       fd_toi28.asm.obj              33      0         0      
       fd_tol28.asm.obj              31      0         0      
       ll_cmp28.asm.obj              30      0         0      
       i_tofd28.asm.obj              29      0         0      
       memcpy.c.obj                  29      0         0      
       fs_tofdfpu32.asm.obj          28      0         0      
       l_tofd28.asm.obj              28      0         0      
       ll_aox28.asm.obj              24      0         0      
       boot28.asm.obj                23      0         0      
       memccpy.c.obj                 16      0         0      
       fd_sub28.asm.obj              14      0         0      
       _lock.c.obj                   9       0         4      
       copy_zero_init.c.obj          13      0         0      
       args_main.c.obj               12      0         0      
       strchr.c.obj                  12      0         0      
       wcslen.c.obj                  11      0         0      
       fd_neg28.asm.obj              9       0         0      
       copy_decompress_none.c.obj    8       0         0      
       strlen.c.obj                  8       0         0      
       memset.c.obj                  7       0         0      
       strcpy.c.obj                  5       0         0      
       pre_init.c.obj                2       0         0      
       errno.c.obj                   0       0         1      
       startup.c.obj                 1       0         0      
    +--+-----------------------------+-------+---------+---------+
       Total:                        7313    631       11     
                                                              
       Stack:                        0       0         512    
       Linker Generated:             0       40        0      
    +--+-----------------------------+-------+---------+---------+
       Grand Total:                  13646   1737      603    


LINKER GENERATED COPY TABLES

__TI_cinit_table @ 00083b60 records: 2, size/record: 4, table size: 8
	.data: load addr=00083b40, load size=00000016 bytes, run addr=0000a82c, run size=0000002f bytes, compression=lzss
	.bss: load addr=00083b5c, load size=00000004 bytes, run addr=0000a800, run size=0000002c bytes, compression=zero_init


LINKER GENERATED HANDLER TABLE

__TI_handler_table @ 00083b56 records: 3, size/record: 2, table size: 6
	index: 0, handler: __TI_zero_init
	index: 1, handler: __TI_decompress_lzss
	index: 2, handler: __TI_decompress_none


GLOBAL DATA SYMBOLS: SORTED BY DATA PAGE

address     data page           name
--------    ----------------    ----
00000400      10 (00000400)     __stack

0000a800     2a0 (0000a800)     angle
0000a806     2a0 (0000a800)     quaternion
0000a80e     2a0 (0000a800)     kf_roll
0000a818     2a0 (0000a800)     kf_pitch
0000a822     2a0 (0000a800)     kf_yaw
0000a82c     2a0 (0000a800)     acc
0000a832     2a0 (0000a800)     gyr
0000a838     2a0 (0000a800)     __TI_enable_exit_profile_output
0000a83a     2a0 (0000a800)     __TI_cleanup_ptr
0000a83c     2a0 (0000a800)     __TI_dtors_ptr
0000a83e     2a0 (0000a800)     _lock

0000a842     2a1 (0000a840)     Kp
0000a844     2a1 (0000a840)     Ki
0000a846     2a1 (0000a840)     halfT
0000a848     2a1 (0000a840)     q0
0000a84a     2a1 (0000a840)     q1
0000a84c     2a1 (0000a840)     q2
0000a84e     2a1 (0000a840)     q3
0000a850     2a1 (0000a840)     exInt
0000a852     2a1 (0000a840)     eyInt
0000a854     2a1 (0000a840)     ezInt
0000a856     2a1 (0000a840)     z_offset
0000a858     2a1 (0000a840)     _unlock
0000a85a     2a1 (0000a840)     errno

00080008    2000 (00080000)     _ctypes_


GLOBAL SYMBOLS: SORTED ALPHABETICALLY BY Name 

page  address   name                               
----  -------   ----                               
0     00083ada  Board_init                         
0     000833b6  C$$EXIT                            
0     00083b38  C2000Ware_libraries_init           
0     000823fb  Device_enableAllPeripherals        
0     000824d3  Device_init                        
0     00083691  Device_initGPIO                    
0     00008000  Flash_initModule                   
0     00083b29  GPIO_init                          
0     00082232  GPIO_setAnalogMode                 
0     00082ed6  GPIO_setControllerCore             
0     000830e8  GPIO_setDirectionMode              
0     00082b3d  GPIO_setPadConfig                  
0     00082f0d  GPIO_setPinConfig                  
0     00082f44  GPIO_setQualificationMode          
0     000836c5  I2C_SCL_init                       
0     000836de  I2C_SDA_init                       
0     000838a3  Interrupt_defaultHandler           
0     00083ac6  Interrupt_illegalOperationHandler  
0     00082db0  Interrupt_initModule               
0     000835e3  Interrupt_initVectorTable          
0     00083ad0  Interrupt_nmiHandler               
0     0000a844  Ki                                 
0     0000a842  Kp                                 
0     00082d31  PGA_setOffsetTrimNMOS              
0     00082ced  PGA_setOffsetTrimPMOS              
0     00082f7b  PinMux_init                        
0     00080785  RamfuncsLoadEnd                    
abs   000000cd  RamfuncsLoadSize                   
0     000806b8  RamfuncsLoadStart                  
0     000080cd  RamfuncsRunEnd                     
abs   000000cd  RamfuncsRunSize                    
0     00008000  RamfuncsRunStart                   
0     00082c63  SCI_clearInterruptStatus           
0     00083b33  SCI_init                           
0     00082d72  SCI_setConfig                      
0     000080c9  SysCtl_delay                       
0     00082a1a  SysCtl_getClock                    
0     000836ab  SysCtl_getLowSpeedClock            
0     00082134  SysCtl_isPLLValid                  
0     00082bd6  SysCtl_selectOscSource             
0     00082c1d  SysCtl_selectXTAL                  
0     0008342d  SysCtl_selectXTALSingleEnded       
0     00081f0a  SysCtl_setClock                    
0     00083b60  __TI_CINIT_Base                    
0     00083b68  __TI_CINIT_Limit                   
0     00083b68  __TI_CINIT_Warm                    
0     00083b56  __TI_Handler_Table_Base            
0     00083b5c  __TI_Handler_Table_Limit           
0     00000600  __TI_STACK_END                     
abs   00000200  __TI_STACK_SIZE                    
0     000832e4  __TI_auto_init_nobinit_nopinit     
0     0000a83a  __TI_cleanup_ptr                   
0     000831d7  __TI_decompress_lzss               
0     00083af5  __TI_decompress_none               
0     0000a83c  __TI_dtors_ptr                     
0     0000a838  __TI_enable_exit_profile_output    
0     0008314a  __TI_ltoa                          
abs   ffffffff  __TI_pprof_out_hndl                
0     000812d9  __TI_printfi                       
abs   ffffffff  __TI_prof_data_size                
abs   ffffffff  __TI_prof_data_start               
0     00083a75  __TI_zero_init_nomemset            
0     000826ef  __c28xabi_addd                     
0     000837d4  __c28xabi_andll                    
0     00083339  __c28xabi_cmpd                     
0     00083601  __c28xabi_cmpll                    
0     00083613  __c28xabi_cmpull                   
0     0008278b  __c28xabi_divd                     
0     00082816  __c28xabi_divf                     
0     00083504  __c28xabi_divi                     
0     00083363  __c28xabi_divl                     
0     0008202d  __c28xabi_divll                    
0     00083380  __c28xabi_divul                    
0     000820a3  __c28xabi_divull                   
0     000834e1  __c28xabi_dtof                     
0     00083547  __c28xabi_dtoi                     
0     00083588  __c28xabi_dtol                     
0     00083659  __c28xabi_ftod                     
0     0008361f  __c28xabi_itod                     
0     00083675  __c28xabi_ltod                     
0     00083515  __c28xabi_modi                     
0     00083372  __c28xabi_modl                     
0     00082069  __c28xabi_modll                    
0     00083387  __c28xabi_modul                    
0     000820d2  __c28xabi_modull                   
0     00082924  __c28xabi_mpyd                     
0     00083aec  __c28xabi_negd                     
0     000837dc  __c28xabi_orll                     
0     00083a3f  __c28xabi_subd                     
0     000837e4  __c28xabi_xorll                    
n/a   UNDEFED   __c_args__                         
0     00083b1b  __error__                          
0     00000400  __stack                            
0     00083a82  _args_main                         
0     00083876  _c_int00                           
0     00080008  _ctypes_                           
0     0000a83e  _lock                              
0     00083aeb  _nop                               
0     00083ae7  _register_lock                     
0     00083ae3  _register_unlock                   
0     00083b39  _system_post_cinit                 
0     00083b36  _system_pre_init                   
0     0000a858  _unlock                            
0     000833b6  abort                              
0     0000a82c  acc                                
0     0000a800  angle                              
0     0008145e  asin                               
0     0008145e  asinl                              
0     00081b16  atan                               
0     00081d93  atan2                              
0     00081d93  atan2l                             
0     00081b16  atanl                              
0     00083119  atoi                               
0     00080000  code_start                         
0     0008349a  copysign                           
0     0008349a  copysignl                          
0     0000a85a  errno                              
0     0000a850  exInt                              
0     000833b8  exit                               
0     0000a852  eyInt                              
0     0000a854  ezInt                              
0     00082fb0  float_to_str                       
0     00082ae3  frexp                              
0     00082ae3  frexpl                             
0     0000a832  gyr                                
0     0000a846  halfT                              
0     00083a21  i2c_check_device                   
0     0008301a  i2c_read_byte_ack                  
0     0008304e  i2c_send_ack                       
0     00082e65  i2c_send_byte                      
0     0008338d  i2c_start                          
0     00083526  i2c_stop                           
0     00082fe5  i2c_wait_ack                       
0     0000a818  kf_pitch                           
0     0000a80e  kf_roll                            
0     0000a822  kf_yaw                             
0     00082646  ldexp                              
0     00082646  ldexpl                             
0     00083ab0  lsm6ds3_check_ok                   
0     0008259a  lsm6ds3_get_acceleration           
0     000817bb  lsm6ds3_get_angle                  
0     0008289e  lsm6ds3_get_gyroscope              
0     00083a01  lsm6ds3_get_status                 
0     00083476  lsm6ds3_init                       
0     0008395e  lsm6ds3_read_command               
0     00083082  lsm6ds3_read_one_byte              
0     00083205  lsm6ds3_reset                      
0     00083233  lsm6ds3_set_BDU                    
0     0008330f  lsm6ds3_set_accelerometer_bandwidth
0     00083710  lsm6ds3_set_accelerometer_fullscale
0     00083729  lsm6ds3_set_accelerometer_rate     
0     00083742  lsm6ds3_set_gyroscope_fullscale    
0     0008375b  lsm6ds3_set_gyroscope_rate         
0     00082e9e  lsm6ds3_write_command              
0     00082a7f  main                               
0     00083a11  memccpy                            
0     0008363c  memcpy                             
0     00083b22  memset                             
0     0008317a  mySCI0_init                        
0     0000a848  q0                                 
0     0000a84a  q1                                 
0     0000a84c  q2                                 
0     0000a84e  q3                                 
0     0000a806  quaternion                         
0     00082646  scalbn                             
0     00082646  scalbnl                            
0     000830b6  sprintf                            
0     0008231d  sqrt                               
0     0008231d  sqrtl                              
0     00083a8e  strchr                             
0     00083b2e  strcpy                             
0     00083b05  strlen                             
0     00083a30  uart0_sendChar                     
0     00083a4d  uart0_sendString                   
0     00083abb  wcslen                             
0     0000a856  z_offset                           


GLOBAL SYMBOLS: SORTED BY Symbol Address 

page  address   name                               
----  -------   ----                               
0     00000400  __stack                            
0     00000600  __TI_STACK_END                     
0     00008000  Flash_initModule                   
0     00008000  RamfuncsRunStart                   
0     000080c9  SysCtl_delay                       
0     000080cd  RamfuncsRunEnd                     
0     0000a800  angle                              
0     0000a806  quaternion                         
0     0000a80e  kf_roll                            
0     0000a818  kf_pitch                           
0     0000a822  kf_yaw                             
0     0000a82c  acc                                
0     0000a832  gyr                                
0     0000a838  __TI_enable_exit_profile_output    
0     0000a83a  __TI_cleanup_ptr                   
0     0000a83c  __TI_dtors_ptr                     
0     0000a83e  _lock                              
0     0000a842  Kp                                 
0     0000a844  Ki                                 
0     0000a846  halfT                              
0     0000a848  q0                                 
0     0000a84a  q1                                 
0     0000a84c  q2                                 
0     0000a84e  q3                                 
0     0000a850  exInt                              
0     0000a852  eyInt                              
0     0000a854  ezInt                              
0     0000a856  z_offset                           
0     0000a858  _unlock                            
0     0000a85a  errno                              
0     00080000  code_start                         
0     00080008  _ctypes_                           
0     000806b8  RamfuncsLoadStart                  
0     00080785  RamfuncsLoadEnd                    
0     000812d9  __TI_printfi                       
0     0008145e  asin                               
0     0008145e  asinl                              
0     000817bb  lsm6ds3_get_angle                  
0     00081b16  atan                               
0     00081b16  atanl                              
0     00081d93  atan2                              
0     00081d93  atan2l                             
0     00081f0a  SysCtl_setClock                    
0     0008202d  __c28xabi_divll                    
0     00082069  __c28xabi_modll                    
0     000820a3  __c28xabi_divull                   
0     000820d2  __c28xabi_modull                   
0     00082134  SysCtl_isPLLValid                  
0     00082232  GPIO_setAnalogMode                 
0     0008231d  sqrt                               
0     0008231d  sqrtl                              
0     000823fb  Device_enableAllPeripherals        
0     000824d3  Device_init                        
0     0008259a  lsm6ds3_get_acceleration           
0     00082646  ldexp                              
0     00082646  ldexpl                             
0     00082646  scalbn                             
0     00082646  scalbnl                            
0     000826ef  __c28xabi_addd                     
0     0008278b  __c28xabi_divd                     
0     00082816  __c28xabi_divf                     
0     0008289e  lsm6ds3_get_gyroscope              
0     00082924  __c28xabi_mpyd                     
0     00082a1a  SysCtl_getClock                    
0     00082a7f  main                               
0     00082ae3  frexp                              
0     00082ae3  frexpl                             
0     00082b3d  GPIO_setPadConfig                  
0     00082bd6  SysCtl_selectOscSource             
0     00082c1d  SysCtl_selectXTAL                  
0     00082c63  SCI_clearInterruptStatus           
0     00082ced  PGA_setOffsetTrimPMOS              
0     00082d31  PGA_setOffsetTrimNMOS              
0     00082d72  SCI_setConfig                      
0     00082db0  Interrupt_initModule               
0     00082e65  i2c_send_byte                      
0     00082e9e  lsm6ds3_write_command              
0     00082ed6  GPIO_setControllerCore             
0     00082f0d  GPIO_setPinConfig                  
0     00082f44  GPIO_setQualificationMode          
0     00082f7b  PinMux_init                        
0     00082fb0  float_to_str                       
0     00082fe5  i2c_wait_ack                       
0     0008301a  i2c_read_byte_ack                  
0     0008304e  i2c_send_ack                       
0     00083082  lsm6ds3_read_one_byte              
0     000830b6  sprintf                            
0     000830e8  GPIO_setDirectionMode              
0     00083119  atoi                               
0     0008314a  __TI_ltoa                          
0     0008317a  mySCI0_init                        
0     000831d7  __TI_decompress_lzss               
0     00083205  lsm6ds3_reset                      
0     00083233  lsm6ds3_set_BDU                    
0     000832e4  __TI_auto_init_nobinit_nopinit     
0     0008330f  lsm6ds3_set_accelerometer_bandwidth
0     00083339  __c28xabi_cmpd                     
0     00083363  __c28xabi_divl                     
0     00083372  __c28xabi_modl                     
0     00083380  __c28xabi_divul                    
0     00083387  __c28xabi_modul                    
0     0008338d  i2c_start                          
0     000833b6  C$$EXIT                            
0     000833b6  abort                              
0     000833b8  exit                               
0     0008342d  SysCtl_selectXTALSingleEnded       
0     00083476  lsm6ds3_init                       
0     0008349a  copysign                           
0     0008349a  copysignl                          
0     000834e1  __c28xabi_dtof                     
0     00083504  __c28xabi_divi                     
0     00083515  __c28xabi_modi                     
0     00083526  i2c_stop                           
0     00083547  __c28xabi_dtoi                     
0     00083588  __c28xabi_dtol                     
0     000835e3  Interrupt_initVectorTable          
0     00083601  __c28xabi_cmpll                    
0     00083613  __c28xabi_cmpull                   
0     0008361f  __c28xabi_itod                     
0     0008363c  memcpy                             
0     00083659  __c28xabi_ftod                     
0     00083675  __c28xabi_ltod                     
0     00083691  Device_initGPIO                    
0     000836ab  SysCtl_getLowSpeedClock            
0     000836c5  I2C_SCL_init                       
0     000836de  I2C_SDA_init                       
0     00083710  lsm6ds3_set_accelerometer_fullscale
0     00083729  lsm6ds3_set_accelerometer_rate     
0     00083742  lsm6ds3_set_gyroscope_fullscale    
0     0008375b  lsm6ds3_set_gyroscope_rate         
0     000837d4  __c28xabi_andll                    
0     000837dc  __c28xabi_orll                     
0     000837e4  __c28xabi_xorll                    
0     00083876  _c_int00                           
0     000838a3  Interrupt_defaultHandler           
0     0008395e  lsm6ds3_read_command               
0     00083a01  lsm6ds3_get_status                 
0     00083a11  memccpy                            
0     00083a21  i2c_check_device                   
0     00083a30  uart0_sendChar                     
0     00083a3f  __c28xabi_subd                     
0     00083a4d  uart0_sendString                   
0     00083a75  __TI_zero_init_nomemset            
0     00083a82  _args_main                         
0     00083a8e  strchr                             
0     00083ab0  lsm6ds3_check_ok                   
0     00083abb  wcslen                             
0     00083ac6  Interrupt_illegalOperationHandler  
0     00083ad0  Interrupt_nmiHandler               
0     00083ada  Board_init                         
0     00083ae3  _register_unlock                   
0     00083ae7  _register_lock                     
0     00083aeb  _nop                               
0     00083aec  __c28xabi_negd                     
0     00083af5  __TI_decompress_none               
0     00083b05  strlen                             
0     00083b1b  __error__                          
0     00083b22  memset                             
0     00083b29  GPIO_init                          
0     00083b2e  strcpy                             
0     00083b33  SCI_init                           
0     00083b36  _system_pre_init                   
0     00083b38  C2000Ware_libraries_init           
0     00083b39  _system_post_cinit                 
0     00083b56  __TI_Handler_Table_Base            
0     00083b5c  __TI_Handler_Table_Limit           
0     00083b60  __TI_CINIT_Base                    
0     00083b68  __TI_CINIT_Limit                   
0     00083b68  __TI_CINIT_Warm                    
abs   000000cd  RamfuncsLoadSize                   
abs   000000cd  RamfuncsRunSize                    
abs   00000200  __TI_STACK_SIZE                    
abs   ffffffff  __TI_pprof_out_hndl                
abs   ffffffff  __TI_prof_data_size                
abs   ffffffff  __TI_prof_data_start               
n/a   UNDEFED   __c_args__                         

[176 symbols]
