******************************************************************************
             TMS320C2000 Linker PC v22.6.2                     
******************************************************************************
>> Linked Thu Jul 17 13:34:59 2025

OUTPUT FILE NAME:   <1.GPIO.out>
ENTRY POINT SYMBOL: "code_start"  address: 00080000


MEMORY CONFIGURATION

         name            origin    length      used     unused   attr    fill
----------------------  --------  ---------  --------  --------  ----  --------
  BOOT_RSVD             00000002   00000126  00000000  00000126  RWIX
  RAMM0                 00000128   000002d8  00000000  000002d8  RWIX
  RAMM1                 00000400   00000400  00000200  00000200  RWIX
  CLATOCPURAM           00001480   00000080  00000000  00000080  RWIX
  CPUTOCLARAM           00001500   00000080  00000000  00000080  RWIX
  CLATODMARAM           00001680   00000080  00000000  00000080  RWIX
  DMATOCLARAM           00001700   00000080  00000000  00000080  RWIX
  RAMLS0                00008000   00000800  000000cd  00000733  RWIX
  RAMLS1                00008800   00000800  00000000  00000800  RWIX
  RAMLS2                00009000   00000800  00000000  00000800  RWIX
  RAMLS3                00009800   00000800  00000000  00000800  RWIX
  RAMLS4                0000a000   00000800  00000000  00000800  RWIX
  RAMLS5                0000a800   00000800  0000000a  000007f6  RWIX
  RAMLS6                0000b000   00000800  00000000  00000800  RWIX
  RAMLS7                0000b800   00000800  00000000  00000800  RWIX
  RAMGS0                0000c000   00002000  00000000  00002000  RWIX
  RAMGS1                0000e000   00002000  00000000  00002000  RWIX
  RAMGS2                00010000   00002000  00000000  00002000  RWIX
  RAMGS3                00012000   00002000  00000000  00002000  RWIX
  RAMLS8                00014000   00002000  00000000  00002000  RWIX
  RAMLS9                00016000   00002000  00000000  00002000  RWIX
  BEGIN                 00080000   00000002  00000002  00000000  RWIX
  FLASH_BANK0           00080002   0001fffe  000010aa  0001ef54  RWIX
  FLASH_BANK1           000a0000   00020000  00000000  00020000  RWIX
  FLASH_BANK2           000c0000   00020000  00000000  00020000  RWIX
  FLASH_BANK3           000e0000   00020000  00000000  00020000  RWIX
  FLASH_BANK4           00100000   00007fff  00000000  00007fff  RWIX
  RESET                 003fffc0   00000002  00000000  00000002  RWIX


SECTION ALLOCATION MAP

 output                                  attributes/
section   page    origin      length       input sections
--------  ----  ----------  ----------   ----------------
codestart 
*          0    00080000    00000002     
                  00080000    00000002     f28p55x_codestartbranch.obj (codestart)

.cinit     0    000810a8    00000012     
                  000810a8    00000009     (.cinit..data.load) [load image, compression = lzss]
                  000810b1    00000001     --HOLE-- [fill = 0]
                  000810b2    00000004     (__TI_handler_table)
                  000810b6    00000004     (__TI_cinit_table)

.reset     0    003fffc0    00000000     DSECT

.stack     0    00000400    00000200     UNINITIALIZED
                  00000400    00000200     --HOLE--

.init_array 
*          0    00080008    00000000     UNINITIALIZED

.data      0    0000a800    0000000a     UNINITIALIZED
                  0000a800    00000006     rts2800_fpu32_eabi.lib : exit.c.obj (.data)
                  0000a806    00000002                            : _lock.c.obj (.data:_lock)
                  0000a808    00000002                            : _lock.c.obj (.data:_unlock)

.const     0    00080008    000002b4     
                  00080008    0000009b     driverlib.lib : flash.obj (.const:.string)
                  000800a3    00000001     --HOLE-- [fill = 0]
                  000800a4    0000009a                   : sysctl.obj (.const:.string)
                  0008013e    00000098                   : gpio.obj (.const:.string)
                  000801d6    00000057     device.obj (.const:.string)
                  0008022d    00000001     --HOLE-- [fill = 0]
                  0008022e    0000004b     driverlib.lib : pga.obj (.const:.string)
                  00080279    00000001     --HOLE-- [fill = 0]
                  0008027a    00000042     empty_driverlib_main.obj (.const:.string)

.TI.ramfunc 
*          0    000802c0    000000cd     RUN ADDR = 00008000
                  000802c0    00000036     driverlib.lib : flash.obj (.TI.ramfunc:Flash_initModule)
                  000802f6    00000022                   : flash.obj (.TI.ramfunc:Flash_setWaitstates)
                  00080318    00000018                   : flash.obj (.TI.ramfunc:Flash_disableCache)
                  00080330    00000017                   : flash.obj (.TI.ramfunc:Flash_disablePrefetch)
                  00080347    00000016                   : flash.obj (.TI.ramfunc:Flash_enableCache)
                  0008035d    00000016                   : flash.obj (.TI.ramfunc:Flash_enableECC)
                  00080373    00000016                   : flash.obj (.TI.ramfunc:Flash_enablePrefetch)
                  00080389    00000004                   : sysctl.obj (.TI.ramfunc)

.text      0    00080390    00000d17     
                  00080390    00000123     driverlib.lib : sysctl.obj (.text:SysCtl_setClock)
                  000804b3    000000fe                   : sysctl.obj (.text:SysCtl_isPLLValid)
                  000805b1    000000eb                   : gpio.obj (.text:GPIO_setAnalogMode)
                  0008069c    000000d8     device.obj (.text:Device_enableAllPeripherals)
                  00080774    000000c7     device.obj (.text:Device_init)
                  0008083b    00000088     rts2800_fpu32_eabi.lib : fs_div28.asm.obj (.text)
                  000808c3    00000073     driverlib.lib : sysctl.obj (.text:DCC_setCounterSeeds)
                  00080936    00000065                   : sysctl.obj (.text:SysCtl_getClock)
                  0008099b    00000052                   : gpio.obj (.text:GPIO_setPadConfig)
                  000809ed    00000047                   : sysctl.obj (.text:SysCtl_selectOscSource)
                  00080a34    00000046                   : sysctl.obj (.text:SysCtl_selectXTAL)
                  00080a7a    00000045                   : sysctl.obj (.text:SysCtl_pollX1Counter)
                  00080abf    00000044                   : pga.obj (.text:PGA_setOffsetTrimPMOS)
                  00080b03    00000041                   : pga.obj (.text:PGA_setOffsetTrimNMOS)
                  00080b44    0000003d                   : interrupt.obj (.text:Interrupt_initModule)
                  00080b81    00000037                   : gpio.obj (.text:GPIO_setControllerCore)
                  00080bb8    00000037                   : gpio.obj (.text:GPIO_setPinConfig)
                  00080bef    00000037                   : gpio.obj (.text:GPIO_setQualificationMode)
                  00080c26    00000031                   : gpio.obj (.text:GPIO_setDirectionMode)
                  00080c57    0000002e     rts2800_fpu32_eabi.lib : copy_decompress_lzss.c.obj (.text:decompress:lzss)
                  00080c85    0000002c     driverlib.lib : gpio.obj (.text:GPIO_isPinValid)
                  00080cb1    0000002c     empty_driverlib_main.obj (.text:GPIO_isPinValid)
                  00080cdd    0000002b     rts2800_fpu32_eabi.lib : autoinit.c.obj (.text:__TI_auto_init_nobinit_nopinit)
                  00080d08    00000029                            : exit.c.obj (.text)
                  00080d31    00000027     empty_driverlib_main.obj (.text:GPIO_writePin)
                  00080d58    00000025     driverlib.lib : sysctl.obj (.text:SysCtl_selectXTALSingleEnded)
                  00080d7d    00000024                   : sysctl.obj (.text:DCC_enableSingleShotMode)
                  00080da1    00000023     empty_driverlib_main.obj (.text:GPIO_readPin)
                  00080dc4    00000021     empty_driverlib_main.obj (.text:main)
                  00080de5    0000001e     driverlib.lib : sysctl.obj (.text:DCC_setCounter0ClkSource)
                  00080e03    0000001e                   : sysctl.obj (.text:DCC_setCounter1ClkSource)
                  00080e21    0000001e                   : interrupt.obj (.text:Interrupt_initVectorTable)
                  00080e3f    0000001d     rts2800_fpu32_eabi.lib : memcpy.c.obj (.text)
                  00080e5c    0000001a     device.obj (.text:Device_initGPIO)
                  00080e76    0000001a     driverlib.lib : sysctl.obj (.text:SysCtl_getLowSpeedClock)
                  00080e90    00000019                   : sysctl.obj (.text:SysCtl_setPLLSysClk)
                  00080ea9    00000017                   : pga.obj (.text:PGA_isBaseValid)
                  00080ec0    00000017     device.obj (.text:SysCtl_enablePeripheral)
                  00080ed7    00000017     driverlib.lib : sysctl.obj (.text:SysCtl_enablePeripheral)
                  00080eee    00000017     rts2800_fpu32_eabi.lib : boot28.asm.obj (.text)
                  00080f05    00000016     driverlib.lib : sysctl.obj (.text:DCC_disableDoneSignal)
                  00080f1b    00000016                   : interrupt.obj (.text:Interrupt_defaultHandler)
                  00080f31    00000015                   : sysctl.obj (.text:DCC_clearDoneFlag)
                  00080f46    00000015                   : sysctl.obj (.text:DCC_clearErrorFlag)
                  00080f5b    00000015                   : sysctl.obj (.text:DCC_disableErrorSignal)
                  00080f70    00000015                   : sysctl.obj (.text:DCC_isBaseValid)
                  00080f85    00000015     device.obj (.text:GPIO_unlockPortConfig)
                  00080f9a    00000014     driverlib.lib : sysctl.obj (.text:DCC_disableModule)
                  00080fae    00000014                   : sysctl.obj (.text:DCC_enableModule)
                  00080fc2    00000014     board.obj (.text:User_KEY_init)
                  00080fd6    00000014     board.obj (.text:User_LED_init)
                  00080fea    00000010     driverlib.lib : flash.obj (.text:Flash_isCtrlBaseValid)
                  00080ffa    00000010                   : flash.obj (.text:Flash_isECCBaseValid)
                  0008100a    0000000f     board.obj (.text:PinMux_init)
                  00081019    0000000d     driverlib.lib : interrupt.obj (.text:Interrupt_disableGlobal)
                  00081026    0000000d     device.obj (.text:SysCtl_setLowSpeedClock)
                  00081033    0000000c     rts2800_fpu32_eabi.lib : args_main.c.obj (.text)
                  0008103f    0000000b     device.obj (.text:SysCtl_disableWatchdog)
                  0008104a    0000000b     driverlib.lib : sysctl.obj (.text:SysCtl_isMCDClockFailureDetected)
                  00081055    0000000a                   : interrupt.obj (.text:Interrupt_illegalOperationHandler)
                  0008105f    0000000a                   : interrupt.obj (.text:Interrupt_nmiHandler)
                  00081069    00000009     rts2800_fpu32_eabi.lib : _lock.c.obj (.text)
                  00081072    00000008                            : copy_decompress_none.c.obj (.text:decompress:none)
                  0008107a    00000008     f28p55x_codestartbranch.obj (.text)
                  00081082    00000007     device.obj (.text:ASysCtl_lockVREG)
                  00081089    00000007     board.obj (.text:Board_init)
                  00081090    00000007     driverlib.lib : sysctl.obj (.text:SysCtl_resetMCD)
                  00081097    00000007     device.obj (.text:__error__)
                  0008109e    00000005     board.obj (.text:GPIO_init)
                  000810a3    00000002     rts2800_fpu32_eabi.lib : pre_init.c.obj (.text)
                  000810a5    00000001     c2000ware_libraries.obj (.text:C2000Ware_libraries_init)
                  000810a6    00000001     rts2800_fpu32_eabi.lib : startup.c.obj (.text)

MODULE SUMMARY

       Module                        code   ro data   rw data
       ------                        ----   -------   -------
    .\
       empty_driverlib_main.obj      151    66        0      
    +--+-----------------------------+------+---------+---------+
       Total:                        151    66        0      
                                                             
    .\device\
       device.obj                    523    87        0      
       f28p55x_codestartbranch.obj   10     0         0      
    +--+-----------------------------+------+---------+---------+
       Total:                        533    87        0      
                                                             
    .\syscfg\
       board.obj                     67     0         0      
       c2000ware_libraries.obj       1      0         0      
    +--+-----------------------------+------+---------+---------+
       Total:                        68     0         0      
                                                             
    E:/TI/sdk/C2000Ware_5_05_00_00/driverlib/f28p55x/driverlib/ccs/Debug/driverlib.lib
       sysctl.obj                    1350   154       0      
       gpio.obj                      575    152       0      
       flash.obj                     434    155       0      
       pga.obj                       156    75        0      
       interrupt.obj                 146    0         0      
    +--+-----------------------------+------+---------+---------+
       Total:                        2661   536       0      
                                                             
    E:\TI\ccs\tools\compiler\ti-cgt-c2000_22.6.2.LTS\lib\rts2800_fpu32_eabi.lib
       fs_div28.asm.obj              136    0         0      
       exit.c.obj                    41     0         6      
       copy_decompress_lzss.c.obj    46     0         0      
       autoinit.c.obj                43     0         0      
       memcpy.c.obj                  29     0         0      
       boot28.asm.obj                23     0         0      
       _lock.c.obj                   9      0         4      
       args_main.c.obj               12     0         0      
       copy_decompress_none.c.obj    8      0         0      
       pre_init.c.obj                2      0         0      
       startup.c.obj                 1      0         0      
    +--+-----------------------------+------+---------+---------+
       Total:                        350    0         10     
                                                             
       Stack:                        0      0         512    
       Linker Generated:             0      17        0      
    +--+-----------------------------+------+---------+---------+
       Grand Total:                  3763   706       522    


LINKER GENERATED COPY TABLES

__TI_cinit_table @ 000810b6 records: 1, size/record: 4, table size: 4
	.data: load addr=000810a8, load size=00000009 bytes, run addr=0000a800, run size=0000000a bytes, compression=lzss


LINKER GENERATED HANDLER TABLE

__TI_handler_table @ 000810b2 records: 2, size/record: 2, table size: 4
	index: 0, handler: __TI_decompress_lzss
	index: 1, handler: __TI_decompress_none


GLOBAL DATA SYMBOLS: SORTED BY DATA PAGE

address     data page           name
--------    ----------------    ----
00000400      10 (00000400)     __stack

0000a800     2a0 (0000a800)     __TI_enable_exit_profile_output
0000a802     2a0 (0000a800)     __TI_cleanup_ptr
0000a804     2a0 (0000a800)     __TI_dtors_ptr
0000a806     2a0 (0000a800)     _lock
0000a808     2a0 (0000a800)     _unlock


GLOBAL SYMBOLS: SORTED ALPHABETICALLY BY Name 

page  address   name                             
----  -------   ----                             
0     00081089  Board_init                       
0     00080d08  C$$EXIT                          
0     000810a5  C2000Ware_libraries_init         
0     0008069c  Device_enableAllPeripherals      
0     00080774  Device_init                      
0     00080e5c  Device_initGPIO                  
0     00008000  Flash_initModule                 
0     0008109e  GPIO_init                        
0     000805b1  GPIO_setAnalogMode               
0     00080b81  GPIO_setControllerCore           
0     00080c26  GPIO_setDirectionMode            
0     0008099b  GPIO_setPadConfig                
0     00080bb8  GPIO_setPinConfig                
0     00080bef  GPIO_setQualificationMode        
0     00080f1b  Interrupt_defaultHandler         
0     00081055  Interrupt_illegalOperationHandler
0     00080b44  Interrupt_initModule             
0     00080e21  Interrupt_initVectorTable        
0     0008105f  Interrupt_nmiHandler             
0     00080b03  PGA_setOffsetTrimNMOS            
0     00080abf  PGA_setOffsetTrimPMOS            
0     0008100a  PinMux_init                      
0     0008038d  RamfuncsLoadEnd                  
abs   000000cd  RamfuncsLoadSize                 
0     000802c0  RamfuncsLoadStart                
0     000080cd  RamfuncsRunEnd                   
abs   000000cd  RamfuncsRunSize                  
0     00008000  RamfuncsRunStart                 
0     000080c9  SysCtl_delay                     
0     00080936  SysCtl_getClock                  
0     00080e76  SysCtl_getLowSpeedClock          
0     000804b3  SysCtl_isPLLValid                
0     000809ed  SysCtl_selectOscSource           
0     00080a34  SysCtl_selectXTAL                
0     00080d58  SysCtl_selectXTALSingleEnded     
0     00080390  SysCtl_setClock                  
0     00080fc2  User_KEY_init                    
0     00080fd6  User_LED_init                    
0     000810b6  __TI_CINIT_Base                  
0     000810ba  __TI_CINIT_Limit                 
0     000810ba  __TI_CINIT_Warm                  
0     000810b2  __TI_Handler_Table_Base          
0     000810b6  __TI_Handler_Table_Limit         
0     00000600  __TI_STACK_END                   
abs   00000200  __TI_STACK_SIZE                  
0     00080cdd  __TI_auto_init_nobinit_nopinit   
0     0000a802  __TI_cleanup_ptr                 
0     00080c57  __TI_decompress_lzss             
0     00081072  __TI_decompress_none             
0     0000a804  __TI_dtors_ptr                   
0     0000a800  __TI_enable_exit_profile_output  
abs   ffffffff  __TI_pprof_out_hndl              
abs   ffffffff  __TI_prof_data_size              
abs   ffffffff  __TI_prof_data_start             
0     0008083b  __c28xabi_divf                   
n/a   UNDEFED   __c_args__                       
0     00081097  __error__                        
0     00000400  __stack                          
0     00081033  _args_main                       
0     00080eee  _c_int00                         
0     0000a806  _lock                            
0     00081071  _nop                             
0     0008106d  _register_lock                   
0     00081069  _register_unlock                 
0     000810a6  _system_post_cinit               
0     000810a3  _system_pre_init                 
0     0000a808  _unlock                          
0     00080d08  abort                            
0     00080000  code_start                       
0     00080d0a  exit                             
0     00080dc4  main                             
0     00080e3f  memcpy                           


GLOBAL SYMBOLS: SORTED BY Symbol Address 

page  address   name                             
----  -------   ----                             
0     00000400  __stack                          
0     00000600  __TI_STACK_END                   
0     00008000  Flash_initModule                 
0     00008000  RamfuncsRunStart                 
0     000080c9  SysCtl_delay                     
0     000080cd  RamfuncsRunEnd                   
0     0000a800  __TI_enable_exit_profile_output  
0     0000a802  __TI_cleanup_ptr                 
0     0000a804  __TI_dtors_ptr                   
0     0000a806  _lock                            
0     0000a808  _unlock                          
0     00080000  code_start                       
0     000802c0  RamfuncsLoadStart                
0     0008038d  RamfuncsLoadEnd                  
0     00080390  SysCtl_setClock                  
0     000804b3  SysCtl_isPLLValid                
0     000805b1  GPIO_setAnalogMode               
0     0008069c  Device_enableAllPeripherals      
0     00080774  Device_init                      
0     0008083b  __c28xabi_divf                   
0     00080936  SysCtl_getClock                  
0     0008099b  GPIO_setPadConfig                
0     000809ed  SysCtl_selectOscSource           
0     00080a34  SysCtl_selectXTAL                
0     00080abf  PGA_setOffsetTrimPMOS            
0     00080b03  PGA_setOffsetTrimNMOS            
0     00080b44  Interrupt_initModule             
0     00080b81  GPIO_setControllerCore           
0     00080bb8  GPIO_setPinConfig                
0     00080bef  GPIO_setQualificationMode        
0     00080c26  GPIO_setDirectionMode            
0     00080c57  __TI_decompress_lzss             
0     00080cdd  __TI_auto_init_nobinit_nopinit   
0     00080d08  C$$EXIT                          
0     00080d08  abort                            
0     00080d0a  exit                             
0     00080d58  SysCtl_selectXTALSingleEnded     
0     00080dc4  main                             
0     00080e21  Interrupt_initVectorTable        
0     00080e3f  memcpy                           
0     00080e5c  Device_initGPIO                  
0     00080e76  SysCtl_getLowSpeedClock          
0     00080eee  _c_int00                         
0     00080f1b  Interrupt_defaultHandler         
0     00080fc2  User_KEY_init                    
0     00080fd6  User_LED_init                    
0     0008100a  PinMux_init                      
0     00081033  _args_main                       
0     00081055  Interrupt_illegalOperationHandler
0     0008105f  Interrupt_nmiHandler             
0     00081069  _register_unlock                 
0     0008106d  _register_lock                   
0     00081071  _nop                             
0     00081072  __TI_decompress_none             
0     00081089  Board_init                       
0     00081097  __error__                        
0     0008109e  GPIO_init                        
0     000810a3  _system_pre_init                 
0     000810a5  C2000Ware_libraries_init         
0     000810a6  _system_post_cinit               
0     000810b2  __TI_Handler_Table_Base          
0     000810b6  __TI_CINIT_Base                  
0     000810b6  __TI_Handler_Table_Limit         
0     000810ba  __TI_CINIT_Limit                 
0     000810ba  __TI_CINIT_Warm                  
abs   000000cd  RamfuncsLoadSize                 
abs   000000cd  RamfuncsRunSize                  
abs   00000200  __TI_STACK_SIZE                  
abs   ffffffff  __TI_pprof_out_hndl              
abs   ffffffff  __TI_prof_data_size              
abs   ffffffff  __TI_prof_data_start             
n/a   UNDEFED   __c_args__                       

[72 symbols]
