******************************************************************************
             TMS320C2000 Linker PC v22.6.2                     
******************************************************************************
>> Linked Sun Jul 20 10:02:39 2025

OUTPUT FILE NAME:   <4.UART.out>
ENTRY POINT SYMBOL: "code_start"  address: 00080000


MEMORY CONFIGURATION

         name            origin    length      used     unused   attr    fill
----------------------  --------  ---------  --------  --------  ----  --------
  BOOT_RSVD             00000002   00000126  00000000  00000126  RWIX
  RAMM0                 00000128   000002d8  00000000  000002d8  RWIX
  RAMM1                 00000400   00000400  00000200  00000200  RWIX
  CLATOCPURAM           00001480   00000080  00000000  00000080  RWIX
  CPUTOCLARAM           00001500   00000080  00000000  00000080  RWIX
  CLATODMARAM           00001680   00000080  00000000  00000080  RWIX
  DMATOCLARAM           00001700   00000080  00000000  00000080  RWIX
  RAMLS0                00008000   00000800  000000cd  00000733  RWIX
  RAMLS1                00008800   00000800  00000000  00000800  RWIX
  RAMLS2                00009000   00000800  00000000  00000800  RWIX
  RAMLS3                00009800   00000800  00000000  00000800  RWIX
  RAMLS4                0000a000   00000800  00000000  00000800  RWIX
  RAMLS5                0000a800   00000800  0000003e  000007c2  RWIX
  RAMLS6                0000b000   00000800  00000000  00000800  RWIX
  RAMLS7                0000b800   00000800  00000000  00000800  RWIX
  RAMGS0                0000c000   00002000  00000000  00002000  RWIX
  RAMGS1                0000e000   00002000  00000000  00002000  RWIX
  RAMGS2                00010000   00002000  00000000  00002000  RWIX
  RAMGS3                00012000   00002000  00000000  00002000  RWIX
  RAMLS8                00014000   00002000  00000000  00002000  RWIX
  RAMLS9                00016000   00002000  00000000  00002000  RWIX
  BEGIN                 00080000   00000002  00000002  00000000  RWIX
  FLASH_BANK0           00080002   0001fffe  0000154a  0001eab4  RWIX
  FLASH_BANK1           000a0000   00020000  00000000  00020000  RWIX
  FLASH_BANK2           000c0000   00020000  00000000  00020000  RWIX
  FLASH_BANK3           000e0000   00020000  00000000  00020000  RWIX
  FLASH_BANK4           00100000   00007fff  00000000  00007fff  RWIX
  RESET                 003fffc0   00000002  00000000  00000002  RWIX


SECTION ALLOCATION MAP

 output                                  attributes/
section   page    origin      length       input sections
--------  ----  ----------  ----------   ----------------
codestart 
*          0    00080000    00000002     
                  00080000    00000002     f28p55x_codestartbranch.obj (codestart)

.cinit     0    00081548    00000014     
                  00081548    0000000c     (.cinit..data.load) [load image, compression = lzss]
                  00081554    00000004     (__TI_handler_table)
                  00081558    00000004     (__TI_cinit_table)

.reset     0    003fffc0    00000000     DSECT

.stack     0    00000400    00000200     UNINITIALIZED
                  00000400    00000200     --HOLE--

.init_array 
*          0    00080008    00000000     UNINITIALIZED

.data      0    0000a800    0000003e     UNINITIALIZED
                  0000a800    00000032     empty_driverlib_main.obj (.data:rDataA)
                  0000a832    00000006     rts2800_fpu32_eabi.lib : exit.c.obj (.data)
                  0000a838    00000002                            : _lock.c.obj (.data:_lock)
                  0000a83a    00000002                            : _lock.c.obj (.data:_unlock)
                  0000a83c    00000002     empty_driverlib_main.obj (.data)

.const     0    00080008    000003cf     
                  00080008    0000009b     driverlib.lib : flash.obj (.const:.string)
                  000800a3    00000001     --HOLE-- [fill = 0]
                  000800a4    0000009a                   : sysctl.obj (.const:.string)
                  0008013e    00000098                   : gpio.obj (.const:.string)
                  000801d6    00000097                   : sci.obj (.const:.string)
                  0008026d    00000001     --HOLE-- [fill = 0]
                  0008026e    00000083     empty_driverlib_main.obj (.const:.string)
                  000802f1    00000001     --HOLE-- [fill = 0]
                  000802f2    00000057     device.obj (.const:.string)
                  00080349    00000001     --HOLE-- [fill = 0]
                  0008034a    0000004b     driverlib.lib : pga.obj (.const:.string)
                  00080395    00000001     --HOLE-- [fill = 0]
                  00080396    00000041     board.obj (.const:.string)

.TI.ramfunc 
*          0    000803d8    000000cd     RUN ADDR = 00008000
                  000803d8    00000036     driverlib.lib : flash.obj (.TI.ramfunc:Flash_initModule)
                  0008040e    00000022                   : flash.obj (.TI.ramfunc:Flash_setWaitstates)
                  00080430    00000018                   : flash.obj (.TI.ramfunc:Flash_disableCache)
                  00080448    00000017                   : flash.obj (.TI.ramfunc:Flash_disablePrefetch)
                  0008045f    00000016                   : flash.obj (.TI.ramfunc:Flash_enableCache)
                  00080475    00000016                   : flash.obj (.TI.ramfunc:Flash_enableECC)
                  0008048b    00000016                   : flash.obj (.TI.ramfunc:Flash_enablePrefetch)
                  000804a1    00000004                   : sysctl.obj (.TI.ramfunc)

.text      0    000804a8    0000109a     
                  000804a8    00000123     driverlib.lib : sysctl.obj (.text:SysCtl_setClock)
                  000805cb    000000fe                   : sysctl.obj (.text:SysCtl_isPLLValid)
                  000806c9    000000eb                   : gpio.obj (.text:GPIO_setAnalogMode)
                  000807b4    000000d8     device.obj (.text:Device_enableAllPeripherals)
                  0008088c    000000c7     device.obj (.text:Device_init)
                  00080953    00000088     rts2800_fpu32_eabi.lib : fs_div28.asm.obj (.text)
                  000809db    00000073     driverlib.lib : sysctl.obj (.text:DCC_setCounterSeeds)
                  00080a4e    00000065                   : sysctl.obj (.text:SysCtl_getClock)
                  00080ab3    00000052                   : gpio.obj (.text:GPIO_setPadConfig)
                  00080b05    0000004a     empty_driverlib_main.obj (.text:INT_User_UART_RX_ISR)
                  00080b4f    00000047     driverlib.lib : sysctl.obj (.text:SysCtl_selectOscSource)
                  00080b96    00000046                   : sysctl.obj (.text:SysCtl_selectXTAL)
                  00080bdc    00000045                   : sci.obj (.text:SCI_clearInterruptStatus)
                  00080c21    00000045                   : sysctl.obj (.text:SysCtl_pollX1Counter)
                  00080c66    00000044                   : pga.obj (.text:PGA_setOffsetTrimPMOS)
                  00080caa    00000044                   : sci.obj (.text:SCI_enableInterrupt)
                  00080cee    00000041                   : pga.obj (.text:PGA_setOffsetTrimNMOS)
                  00080d2f    00000041                   : sci.obj (.text:SCI_writeCharArray)
                  00080d70    0000003e                   : sci.obj (.text:SCI_setConfig)
                  00080dae    0000003d                   : interrupt.obj (.text:Interrupt_initModule)
                  00080deb    00000037                   : gpio.obj (.text:GPIO_setControllerCore)
                  00080e22    00000037                   : gpio.obj (.text:GPIO_setPinConfig)
                  00080e59    00000037                   : gpio.obj (.text:GPIO_setQualificationMode)
                  00080e90    00000037                   : interrupt.obj (.text:Interrupt_enable)
                  00080ec7    00000035     board.obj (.text:User_UART_init)
                  00080efc    00000031     driverlib.lib : gpio.obj (.text:GPIO_setDirectionMode)
                  00080f2d    00000030     empty_driverlib_main.obj (.text:main)
                  00080f5d    0000002e     rts2800_fpu32_eabi.lib : copy_decompress_lzss.c.obj (.text:decompress:lzss)
                  00080f8b    0000002c     driverlib.lib : gpio.obj (.text:GPIO_isPinValid)
                  00080fb7    0000002c     empty_driverlib_main.obj (.text:GPIO_isPinValid)
                  00080fe3    0000002c     board.obj (.text:PinMux_init)
                  0008100f    0000002b     rts2800_fpu32_eabi.lib : autoinit.c.obj (.text:__TI_auto_init_nobinit_nopinit)
                  0008103a    00000029                            : exit.c.obj (.text)
                  00081063    00000025     driverlib.lib : sysctl.obj (.text:SysCtl_selectXTALSingleEnded)
                  00081088    00000024                   : sysctl.obj (.text:DCC_enableSingleShotMode)
                  000810ac    00000020                   : sci.obj (.text:SCI_isFIFOEnabled)
                  000810cc    0000001f     empty_driverlib_main.obj (.text:GPIO_togglePin)
                  000810eb    0000001e     driverlib.lib : sysctl.obj (.text:DCC_setCounter0ClkSource)
                  00081109    0000001e                   : sysctl.obj (.text:DCC_setCounter1ClkSource)
                  00081127    0000001e                   : interrupt.obj (.text:Interrupt_initVectorTable)
                  00081145    0000001d     rts2800_fpu32_eabi.lib : memcpy.c.obj (.text)
                  00081162    0000001a     device.obj (.text:Device_initGPIO)
                  0008117c    0000001a     empty_driverlib_main.obj (.text:SCI_isDataAvailableNonFIFO)
                  00081196    0000001a     driverlib.lib : sci.obj (.text:SCI_isSpaceAvailableNonFIFO)
                  000811b0    0000001a                   : sysctl.obj (.text:SysCtl_getLowSpeedClock)
                  000811ca    00000019                   : sysctl.obj (.text:SysCtl_setPLLSysClk)
                  000811e3    00000018                   : sci.obj (.text:SCI_disableModule)
                  000811fb    00000018     board.obj (.text:SCI_performSoftwareReset)
                  00081213    00000018     driverlib.lib : sci.obj (.text:SCI_performSoftwareReset)
                  0008122b    00000018     board.obj (.text:SCI_resetChannels)
                  00081243    00000017     driverlib.lib : pga.obj (.text:PGA_isBaseValid)
                  0008125a    00000017     board.obj (.text:SCI_isBaseValid)
                  00081271    00000017     driverlib.lib : sci.obj (.text:SCI_isBaseValid)
                  00081288    00000017     empty_driverlib_main.obj (.text:SCI_isBaseValid)
                  0008129f    00000017     device.obj (.text:SysCtl_enablePeripheral)
                  000812b6    00000017     driverlib.lib : sysctl.obj (.text:SysCtl_enablePeripheral)
                  000812cd    00000017     rts2800_fpu32_eabi.lib : boot28.asm.obj (.text)
                  000812e4    00000016     driverlib.lib : sysctl.obj (.text:DCC_disableDoneSignal)
                  000812fa    00000016                   : interrupt.obj (.text:Interrupt_defaultHandler)
                  00081310    00000016     empty_driverlib_main.obj (.text:SCI_readCharBlockingNonFIFO)
                  00081326    00000015     driverlib.lib : sysctl.obj (.text:DCC_clearDoneFlag)
                  0008133b    00000015                   : sysctl.obj (.text:DCC_clearErrorFlag)
                  00081350    00000015                   : sysctl.obj (.text:DCC_disableErrorSignal)
                  00081365    00000015                   : sysctl.obj (.text:DCC_isBaseValid)
                  0008137a    00000015     device.obj (.text:GPIO_unlockPortConfig)
                  0008138f    00000014     driverlib.lib : sysctl.obj (.text:DCC_disableModule)
                  000813a3    00000014                   : sysctl.obj (.text:DCC_enableModule)
                  000813b7    00000014                   : sci.obj (.text:SCI_getTxFIFOStatus)
                  000813cb    00000014     board.obj (.text:User_LED_init)
                  000813df    00000013     board.obj (.text:SCI_clearOverflowStatus)
                  000813f2    00000013     board.obj (.text:SCI_disableFIFO)
                  00081405    00000013     board.obj (.text:SCI_enableModule)
                  00081418    00000013     driverlib.lib : sci.obj (.text:SCI_enableModule)
                  0008142b    00000011     board.obj (.text:SCI_disableLoopback)
                  0008143c    00000011     empty_driverlib_main.obj (.text:delay_ms)
                  0008144d    00000010     driverlib.lib : flash.obj (.text:Flash_isCtrlBaseValid)
                  0008145d    00000010                   : flash.obj (.text:Flash_isECCBaseValid)
                  0008146d    0000000f     board.obj (.text:Interrupt_register)
                  0008147c    0000000d     board.obj (.text:INTERRUPT_init)
                  00081489    0000000d     driverlib.lib : interrupt.obj (.text:Interrupt_disableGlobal)
                  00081496    0000000d                   : interrupt.obj (.text:Interrupt_enableGlobal)
                  000814a3    0000000d     device.obj (.text:SysCtl_setLowSpeedClock)
                  000814b0    0000000c     rts2800_fpu32_eabi.lib : args_main.c.obj (.text)
                  000814bc    0000000b     board.obj (.text:Board_init)
                  000814c7    0000000b     device.obj (.text:SysCtl_disableWatchdog)
                  000814d2    0000000b     driverlib.lib : sysctl.obj (.text:SysCtl_isMCDClockFailureDetected)
                  000814dd    0000000b     rts2800_fpu32_eabi.lib : u_div28.asm.obj (.text)
                  000814e8    0000000a     driverlib.lib : interrupt.obj (.text:Interrupt_illegalOperationHandler)
                  000814f2    0000000a                   : interrupt.obj (.text:Interrupt_nmiHandler)
                  000814fc    00000009     rts2800_fpu32_eabi.lib : _lock.c.obj (.text)
                  00081505    00000008                            : copy_decompress_none.c.obj (.text:decompress:none)
                  0008150d    00000008     f28p55x_codestartbranch.obj (.text)
                  00081515    00000008     rts2800_fpu32_eabi.lib : strlen.c.obj (.text)
                  0008151d    00000007     device.obj (.text:ASysCtl_lockVREG)
                  00081524    00000007     driverlib.lib : sysctl.obj (.text:SysCtl_resetMCD)
                  0008152b    00000007     device.obj (.text:__error__)
                  00081532    00000006     empty_driverlib_main.obj (.text:Interrupt_clearACKGroup)
                  00081538    00000003     board.obj (.text:GPIO_init)
                  0008153b    00000003     board.obj (.text:SCI_init)
                  0008153e    00000002     rts2800_fpu32_eabi.lib : pre_init.c.obj (.text)
                  00081540    00000001     c2000ware_libraries.obj (.text:C2000Ware_libraries_init)
                  00081541    00000001     rts2800_fpu32_eabi.lib : startup.c.obj (.text)

MODULE SUMMARY

       Module                        code   ro data   rw data
       ------                        ----   -------   -------
    .\
       empty_driverlib_main.obj      291    131       52     
    +--+-----------------------------+------+---------+---------+
       Total:                        291    131       52     
                                                             
    .\device\
       device.obj                    523    87        0      
       f28p55x_codestartbranch.obj   10     0         0      
    +--+-----------------------------+------+---------+---------+
       Total:                        533    87        0      
                                                             
    .\syscfg\
       board.obj                     307    65        0      
       c2000ware_libraries.obj       1      0         0      
    +--+-----------------------------+------+---------+---------+
       Total:                        308    65        0      
                                                             
    E:/TI/sdk/C2000Ware_5_05_00_00/driverlib/f28p55x/driverlib/ccs/Debug/driverlib.lib
       sysctl.obj                    1350   154       0      
       gpio.obj                      575    152       0      
       flash.obj                     434    155       0      
       sci.obj                       432    151       0      
       pga.obj                       156    75        0      
       interrupt.obj                 214    0         0      
    +--+-----------------------------+------+---------+---------+
       Total:                        3161   687       0      
                                                             
    E:\TI\ccs\tools\compiler\ti-cgt-c2000_22.6.2.LTS\lib\rts2800_fpu32_eabi.lib
       fs_div28.asm.obj              136    0         0      
       exit.c.obj                    41     0         6      
       copy_decompress_lzss.c.obj    46     0         0      
       autoinit.c.obj                43     0         0      
       memcpy.c.obj                  29     0         0      
       boot28.asm.obj                23     0         0      
       _lock.c.obj                   9      0         4      
       args_main.c.obj               12     0         0      
       u_div28.asm.obj               11     0         0      
       copy_decompress_none.c.obj    8      0         0      
       strlen.c.obj                  8      0         0      
       pre_init.c.obj                2      0         0      
       startup.c.obj                 1      0         0      
    +--+-----------------------------+------+---------+---------+
       Total:                        369    0         10     
                                                             
       Stack:                        0      0         512    
       Linker Generated:             0      20        0      
    +--+-----------------------------+------+---------+---------+
       Grand Total:                  4662   990       574    


LINKER GENERATED COPY TABLES

__TI_cinit_table @ 00081558 records: 1, size/record: 4, table size: 4
	.data: load addr=00081548, load size=0000000c bytes, run addr=0000a800, run size=0000003e bytes, compression=lzss


LINKER GENERATED HANDLER TABLE

__TI_handler_table @ 00081554 records: 2, size/record: 2, table size: 4
	index: 0, handler: __TI_decompress_lzss
	index: 1, handler: __TI_decompress_none


GLOBAL DATA SYMBOLS: SORTED BY DATA PAGE

address     data page           name
--------    ----------------    ----
00000400      10 (00000400)     __stack

0000a800     2a0 (0000a800)     rDataA
0000a832     2a0 (0000a800)     __TI_enable_exit_profile_output
0000a834     2a0 (0000a800)     __TI_cleanup_ptr
0000a836     2a0 (0000a800)     __TI_dtors_ptr
0000a838     2a0 (0000a800)     _lock
0000a83a     2a0 (0000a800)     _unlock
0000a83c     2a0 (0000a800)     rx_len
0000a83d     2a0 (0000a800)     rx_flag


GLOBAL SYMBOLS: SORTED ALPHABETICALLY BY Name 

page  address   name                             
----  -------   ----                             
0     000814bc  Board_init                       
0     0008103a  C$$EXIT                          
0     00081540  C2000Ware_libraries_init         
0     000807b4  Device_enableAllPeripherals      
0     0008088c  Device_init                      
0     00081162  Device_initGPIO                  
0     00008000  Flash_initModule                 
0     00081538  GPIO_init                        
0     000806c9  GPIO_setAnalogMode               
0     00080deb  GPIO_setControllerCore           
0     00080efc  GPIO_setDirectionMode            
0     00080ab3  GPIO_setPadConfig                
0     00080e22  GPIO_setPinConfig                
0     00080e59  GPIO_setQualificationMode        
0     0008147c  INTERRUPT_init                   
0     00080b05  INT_User_UART_RX_ISR             
0     000812fa  Interrupt_defaultHandler         
0     00080e90  Interrupt_enable                 
0     000814e8  Interrupt_illegalOperationHandler
0     00080dae  Interrupt_initModule             
0     00081127  Interrupt_initVectorTable        
0     000814f2  Interrupt_nmiHandler             
0     00080cee  PGA_setOffsetTrimNMOS            
0     00080c66  PGA_setOffsetTrimPMOS            
0     00080fe3  PinMux_init                      
0     000804a5  RamfuncsLoadEnd                  
abs   000000cd  RamfuncsLoadSize                 
0     000803d8  RamfuncsLoadStart                
0     000080cd  RamfuncsRunEnd                   
abs   000000cd  RamfuncsRunSize                  
0     00008000  RamfuncsRunStart                 
0     00080bdc  SCI_clearInterruptStatus         
0     00080caa  SCI_enableInterrupt              
0     0008153b  SCI_init                         
0     00080d70  SCI_setConfig                    
0     00080d2f  SCI_writeCharArray               
0     000080c9  SysCtl_delay                     
0     00080a4e  SysCtl_getClock                  
0     000811b0  SysCtl_getLowSpeedClock          
0     000805cb  SysCtl_isPLLValid                
0     00080b4f  SysCtl_selectOscSource           
0     00080b96  SysCtl_selectXTAL                
0     00081063  SysCtl_selectXTALSingleEnded     
0     000804a8  SysCtl_setClock                  
0     000813cb  User_LED_init                    
0     00080ec7  User_UART_init                   
0     00081558  __TI_CINIT_Base                  
0     0008155c  __TI_CINIT_Limit                 
0     0008155c  __TI_CINIT_Warm                  
0     00081554  __TI_Handler_Table_Base          
0     00081558  __TI_Handler_Table_Limit         
0     00000600  __TI_STACK_END                   
abs   00000200  __TI_STACK_SIZE                  
0     0008100f  __TI_auto_init_nobinit_nopinit   
0     0000a834  __TI_cleanup_ptr                 
0     00080f5d  __TI_decompress_lzss             
0     00081505  __TI_decompress_none             
0     0000a836  __TI_dtors_ptr                   
0     0000a832  __TI_enable_exit_profile_output  
abs   ffffffff  __TI_pprof_out_hndl              
abs   ffffffff  __TI_prof_data_size              
abs   ffffffff  __TI_prof_data_start             
0     00080953  __c28xabi_divf                   
0     000814dd  __c28xabi_divu                   
0     000814e2  __c28xabi_modu                   
n/a   UNDEFED   __c_args__                       
0     0008152b  __error__                        
0     00000400  __stack                          
0     000814b0  _args_main                       
0     000812cd  _c_int00                         
0     0000a838  _lock                            
0     00081504  _nop                             
0     00081500  _register_lock                   
0     000814fc  _register_unlock                 
0     00081541  _system_post_cinit               
0     0008153e  _system_pre_init                 
0     0000a83a  _unlock                          
0     0008103a  abort                            
0     00080000  code_start                       
0     0008143c  delay_ms                         
0     0008103c  exit                             
0     00080f2d  main                             
0     00081145  memcpy                           
0     0000a800  rDataA                           
0     0000a83d  rx_flag                          
0     0000a83c  rx_len                           
0     00081515  strlen                           


GLOBAL SYMBOLS: SORTED BY Symbol Address 

page  address   name                             
----  -------   ----                             
0     00000400  __stack                          
0     00000600  __TI_STACK_END                   
0     00008000  Flash_initModule                 
0     00008000  RamfuncsRunStart                 
0     000080c9  SysCtl_delay                     
0     000080cd  RamfuncsRunEnd                   
0     0000a800  rDataA                           
0     0000a832  __TI_enable_exit_profile_output  
0     0000a834  __TI_cleanup_ptr                 
0     0000a836  __TI_dtors_ptr                   
0     0000a838  _lock                            
0     0000a83a  _unlock                          
0     0000a83c  rx_len                           
0     0000a83d  rx_flag                          
0     00080000  code_start                       
0     000803d8  RamfuncsLoadStart                
0     000804a5  RamfuncsLoadEnd                  
0     000804a8  SysCtl_setClock                  
0     000805cb  SysCtl_isPLLValid                
0     000806c9  GPIO_setAnalogMode               
0     000807b4  Device_enableAllPeripherals      
0     0008088c  Device_init                      
0     00080953  __c28xabi_divf                   
0     00080a4e  SysCtl_getClock                  
0     00080ab3  GPIO_setPadConfig                
0     00080b05  INT_User_UART_RX_ISR             
0     00080b4f  SysCtl_selectOscSource           
0     00080b96  SysCtl_selectXTAL                
0     00080bdc  SCI_clearInterruptStatus         
0     00080c66  PGA_setOffsetTrimPMOS            
0     00080caa  SCI_enableInterrupt              
0     00080cee  PGA_setOffsetTrimNMOS            
0     00080d2f  SCI_writeCharArray               
0     00080d70  SCI_setConfig                    
0     00080dae  Interrupt_initModule             
0     00080deb  GPIO_setControllerCore           
0     00080e22  GPIO_setPinConfig                
0     00080e59  GPIO_setQualificationMode        
0     00080e90  Interrupt_enable                 
0     00080ec7  User_UART_init                   
0     00080efc  GPIO_setDirectionMode            
0     00080f2d  main                             
0     00080f5d  __TI_decompress_lzss             
0     00080fe3  PinMux_init                      
0     0008100f  __TI_auto_init_nobinit_nopinit   
0     0008103a  C$$EXIT                          
0     0008103a  abort                            
0     0008103c  exit                             
0     00081063  SysCtl_selectXTALSingleEnded     
0     00081127  Interrupt_initVectorTable        
0     00081145  memcpy                           
0     00081162  Device_initGPIO                  
0     000811b0  SysCtl_getLowSpeedClock          
0     000812cd  _c_int00                         
0     000812fa  Interrupt_defaultHandler         
0     000813cb  User_LED_init                    
0     0008143c  delay_ms                         
0     0008147c  INTERRUPT_init                   
0     000814b0  _args_main                       
0     000814bc  Board_init                       
0     000814dd  __c28xabi_divu                   
0     000814e2  __c28xabi_modu                   
0     000814e8  Interrupt_illegalOperationHandler
0     000814f2  Interrupt_nmiHandler             
0     000814fc  _register_unlock                 
0     00081500  _register_lock                   
0     00081504  _nop                             
0     00081505  __TI_decompress_none             
0     00081515  strlen                           
0     0008152b  __error__                        
0     00081538  GPIO_init                        
0     0008153b  SCI_init                         
0     0008153e  _system_pre_init                 
0     00081540  C2000Ware_libraries_init         
0     00081541  _system_post_cinit               
0     00081554  __TI_Handler_Table_Base          
0     00081558  __TI_CINIT_Base                  
0     00081558  __TI_Handler_Table_Limit         
0     0008155c  __TI_CINIT_Limit                 
0     0008155c  __TI_CINIT_Warm                  
abs   000000cd  RamfuncsLoadSize                 
abs   000000cd  RamfuncsRunSize                  
abs   00000200  __TI_STACK_SIZE                  
abs   ffffffff  __TI_pprof_out_hndl              
abs   ffffffff  __TI_prof_data_size              
abs   ffffffff  __TI_prof_data_start             
n/a   UNDEFED   __c_args__                       

[87 symbols]
