******************************************************************************
             TMS320C2000 Linker PC v22.6.2                     
******************************************************************************
>> Linked Fri Aug  1 20:45:39 2025

OUTPUT FILE NAME:   <7.ADC.out>
ENTRY POINT SYMBOL: "code_start"  address: 00080000


MEMORY CONFIGURATION

         name            origin    length      used     unused   attr    fill
----------------------  --------  ---------  --------  --------  ----  --------
  BOOT_RSVD             00000002   00000126  00000000  00000126  RWIX
  RAMM0                 00000128   000002d8  00000000  000002d8  RWIX
  RAMM1                 00000400   00000400  00000400  00000000  RWIX
  CLATOCPURAM           00001480   00000080  00000000  00000080  RWIX
  CPUTOCLARAM           00001500   00000080  00000000  00000080  RWIX
  CLATODMARAM           00001680   00000080  00000000  00000080  RWIX
  DMATOCLARAM           00001700   00000080  00000000  00000080  RWIX
  RAMLS0                00008000   00000800  000000cd  00000733  RWIX
  RAMLS1                00008800   00000800  00000000  00000800  RWIX
  RAMLS2                00009000   00000800  00000000  00000800  RWIX
  RAMLS3                00009800   00000800  00000000  00000800  RWIX
  RAMLS4                0000a000   00000800  00000400  00000400  RWIX
  RAMLS5                0000a800   00000800  000002c1  0000053f  RWIX
  RAMLS6                0000b000   00000800  00000000  00000800  RWIX
  RAMLS7                0000b800   00000800  00000000  00000800  RWIX
  RAMGS0                0000c000   00002000  00000000  00002000  RWIX
  RAMGS1                0000e000   00002000  00000000  00002000  RWIX
  RAMGS2                00010000   00002000  00000000  00002000  RWIX
  RAMGS3                00012000   00002000  00000000  00002000  RWIX
  RAMLS8                00014000   00002000  00000000  00002000  RWIX
  RAMLS9                00016000   00002000  00000000  00002000  RWIX
  BEGIN                 00080000   00000002  00000002  00000000  RWIX
  FLASH_BANK0           00080002   0001fffe  000031f5  0001ce09  RWIX
  FLASH_BANK1           000a0000   00020000  00000000  00020000  RWIX
  FLASH_BANK2           000c0000   00020000  00000000  00020000  RWIX
  FLASH_BANK3           000e0000   00020000  00000000  00020000  RWIX
  FLASH_BANK4           00100000   00007fff  00000000  00007fff  RWIX
  RESET                 003fffc0   00000002  00000000  00000002  RWIX


SECTION ALLOCATION MAP

 output                                  attributes/
section   page    origin      length       input sections
--------  ----  ----------  ----------   ----------------
codestart 
*          0    00080000    00000002     
                  00080000    00000002     f28p55x_codestartbranch.obj (codestart)

.cinit     0    000831c0    00000044     
                  000831c0    00000031     (.cinit..data.load) [load image, compression = lzss]
                  000831f1    00000001     --HOLE-- [fill = 0]
                  000831f2    00000006     (__TI_handler_table)
                  000831f8    00000004     (.cinit..bss.load) [load image, compression = zero_init]
                  000831fc    00000008     (__TI_cinit_table)

.reset     0    003fffc0    00000000     DSECT

.stack     0    00000400    00000400     UNINITIALIZED
                  00000400    00000400     --HOLE--

.sysmem    0    0000a000    00000400     UNINITIALIZED
                  0000a000    00000004     rts2800_fpu32_eabi.lib : memory.c.obj (.sysmem)
                  0000a004    000003fc     --HOLE--

.bss       0    0000a800    000001ca     UNINITIALIZED
                  0000a800    00000120     rts2800_fpu32_eabi.lib : trgmsg.c.obj (.bss:_CIOBUF_)
                  0000a920    000000a0                            : defs.c.obj (.bss:__TI_tmpnams)
                  0000a9c0    00000008                            : hostopen.c.obj (.bss:parmbuf)
                  0000a9c8    00000002                            : memory.c.obj (.bss)

.init_array 
*          0    00080008    00000000     UNINITIALIZED

.data      0    0000a9ca    000000f7     UNINITIALIZED
                  0000a9ca    00000078     rts2800_fpu32_eabi.lib : defs.c.obj (.data:_ftable)
                  0000aa42    00000048                            : host_device.c.obj (.data:_device)
                  0000aa8a    00000028                            : host_device.c.obj (.data:_stream)
                  0000aab2    00000006                            : exit.c.obj (.data)
                  0000aab8    00000002                            : _lock.c.obj (.data:_lock)
                  0000aaba    00000002                            : _lock.c.obj (.data:_unlock)
                  0000aabc    00000001                            : defs.c.obj (.data)
                  0000aabd    00000001                            : errno.c.obj (.data)
                  0000aabe    00000001                            : fopen.c.obj (.data)
                  0000aabf    00000001                            : memory.c.obj (.data)
                  0000aac0    00000001                            : open.c.obj (.data)

.const     0    00080008    00000570     
                  00080008    00000101     rts2800_fpu32_eabi.lib : ctype.c.obj (.const:.string:_ctypes_)
                  00080109    00000001     --HOLE-- [fill = 0]
                  0008010a    0000009b     driverlib.lib : flash.obj (.const:.string)
                  000801a5    00000001     --HOLE-- [fill = 0]
                  000801a6    0000009a                   : sysctl.obj (.const:.string)
                  00080240    00000098                   : gpio.obj (.const:.string)
                  000802d8    00000097                   : adc.obj (.const:.string)
                  0008036f    00000001     --HOLE-- [fill = 0]
                  00080370    00000061     empty_driverlib_main.obj (.const:.string)
                  000803d1    00000001     --HOLE-- [fill = 0]
                  000803d2    00000057     device.obj (.const:.string)
                  00080429    00000001     --HOLE-- [fill = 0]
                  0008042a    0000004f     driverlib.lib : asysctl.obj (.const:.string)
                  00080479    00000001     --HOLE-- [fill = 0]
                  0008047a    0000004b                   : pga.obj (.const:.string)
                  000804c5    00000001     --HOLE-- [fill = 0]
                  000804c6    00000041     board.obj (.const:.string)
                  00080507    00000001     --HOLE-- [fill = 0]
                  00080508    00000026     rts2800_fpu32_eabi.lib : _printfi.c.obj (.const:.string)
                  0008052e    0000001c                            : _printfi.c.obj (.const)
                  0008054a    0000001c                            : s_scalbn.c.obj (.const)
                  00080566    00000008     empty_driverlib_main.obj (.const)
                  0008056e    00000008     rts2800_fpu32_eabi.lib : s_frexp.c.obj (.const)
                  00080576    00000002                            : fputs.c.obj (.const:.string)

.TI.ramfunc 
*          0    00080578    000000cd     RUN ADDR = 00008000
                  00080578    00000036     driverlib.lib : flash.obj (.TI.ramfunc:Flash_initModule)
                  000805ae    00000022                   : flash.obj (.TI.ramfunc:Flash_setWaitstates)
                  000805d0    00000018                   : flash.obj (.TI.ramfunc:Flash_disableCache)
                  000805e8    00000017                   : flash.obj (.TI.ramfunc:Flash_disablePrefetch)
                  000805ff    00000016                   : flash.obj (.TI.ramfunc:Flash_enableCache)
                  00080615    00000016                   : flash.obj (.TI.ramfunc:Flash_enableECC)
                  0008062b    00000016                   : flash.obj (.TI.ramfunc:Flash_enablePrefetch)
                  00080641    00000004                   : sysctl.obj (.TI.ramfunc)

.text      0    00080648    00002b74     
                  00080648    000006c2     rts2800_fpu32_eabi.lib : _printfi.c.obj (.text)
                  00080d0a    00000614                            : _printfi.c.obj (.text:__TI_printfi)
                  0008131e    00000298                            : memory.c.obj (.text)
                  000815b6    00000123     driverlib.lib : sysctl.obj (.text:SysCtl_setClock)
                  000816d9    00000121     rts2800_fpu32_eabi.lib : fopen.c.obj (.text)
                  000817fa    00000107                            : ll_div28.asm.obj (.text)
                  00081901    000000fe     driverlib.lib : sysctl.obj (.text:SysCtl_isPLLValid)
                  000819ff    000000eb                   : gpio.obj (.text:GPIO_setAnalogMode)
                  00081aea    000000d8     device.obj (.text:Device_enableAllPeripherals)
                  00081bc2    000000c7     device.obj (.text:Device_init)
                  00081c89    000000a9     rts2800_fpu32_eabi.lib : s_scalbn.c.obj (.text)
                  00081d32    000000a8                            : fputs.c.obj (.text)
                  00081dda    0000009c                            : fd_add28.asm.obj (.text)
                  00081e76    00000095                            : trgmsg.c.obj (.text)
                  00081f0b    0000008b                            : fd_div28.asm.obj (.text)
                  00081f96    00000088                            : fs_div28.asm.obj (.text)
                  0008201e    00000083                            : fd_mpy28.asm.obj (.text)
                  000820a1    00000080     empty_driverlib_main.obj (.text:main)
                  00082121    0000007c     rts2800_fpu32_eabi.lib : setvbuf.c.obj (.text)
                  0008219d    00000073     driverlib.lib : sysctl.obj (.text:DCC_setCounterSeeds)
                  00082210    00000073     rts2800_fpu32_eabi.lib : fflush.c.obj (.text)
                  00082283    00000071                            : open.c.obj (.text)
                  000822f4    00000065     driverlib.lib : sysctl.obj (.text:SysCtl_getClock)
                  00082359    00000065     rts2800_fpu32_eabi.lib : _io_perm.c.obj (.text)
                  000823be    00000061                            : hostlseek.c.obj (.text)
                  0008241f    0000005d                            : fclose.c.obj (.text)
                  0008247c    0000005a                            : s_frexp.c.obj (.text)
                  000824d6    00000053                            : fputc.c.obj (.text)
                  00082529    00000051                            : getdevice.c.obj (.text)
                  0008257a    00000047     driverlib.lib : sysctl.obj (.text:SysCtl_selectOscSource)
                  000825c1    00000046     board.obj (.text:ADC_setupSOC)
                  00082607    00000046     driverlib.lib : sysctl.obj (.text:SysCtl_selectXTAL)
                  0008264d    00000045                   : sysctl.obj (.text:SysCtl_pollX1Counter)
                  00082692    00000044                   : pga.obj (.text:PGA_setOffsetTrimPMOS)
                  000826d6    00000042     board.obj (.text:myADC0_init)
                  00082718    00000041     driverlib.lib : pga.obj (.text:PGA_setOffsetTrimNMOS)
                  00082759    0000003e                   : adc.obj (.text:ADC_setVREF)
                  00082797    0000003e     rts2800_fpu32_eabi.lib : hostrename.c.obj (.text)
                  000827d5    0000003d     driverlib.lib : interrupt.obj (.text:Interrupt_initModule)
                  00082812    0000003d     rts2800_fpu32_eabi.lib : fseek.c.obj (.text)
                  0008284f    0000003a                            : hostopen.c.obj (.text)
                  00082889    00000039                            : hostwrite.c.obj (.text)
                  000828c2    00000038                            : hostread.c.obj (.text)
                  000828fa    00000037     driverlib.lib : gpio.obj (.text:GPIO_setPinConfig)
                  00082931    00000034     rts2800_fpu32_eabi.lib : printf.c.obj (.text)
                  00082965    00000033                            : close.c.obj (.text)
                  00082998    00000031                            : atoi.c.obj (.text)
                  000829c9    00000030                            : _ltoa.c.obj (.text)
                  000829f9    0000002e     board.obj (.text:ADC_setInterruptSOCTrigger)
                  00082a27    0000002e     rts2800_fpu32_eabi.lib : copy_decompress_lzss.c.obj (.text:decompress:lzss)
                  00082a55    0000002b                            : autoinit.c.obj (.text:__TI_auto_init_nobinit_nopinit)
                  00082a80    0000002a                            : fd_cmp28.asm.obj (.text)
                  00082aaa    0000002a                            : l_div28.asm.obj (.text)
                  00082ad4    00000029                            : exit.c.obj (.text)
                  00082afd    00000029                            : hostclose.c.obj (.text)
                  00082b26    00000025     driverlib.lib : sysctl.obj (.text:SysCtl_selectXTALSingleEnded)
                  00082b4b    00000024                   : asysctl.obj (.text:ASysCtl_setAnalogReferenceExternal)
                  00082b6f    00000024                   : sysctl.obj (.text:DCC_enableSingleShotMode)
                  00082b93    00000024     rts2800_fpu32_eabi.lib : hostunlink.c.obj (.text)
                  00082bb7    00000024                            : s_copysign.c.obj (.text)
                  00082bdb    00000023                            : fd_tofsfpu32.asm.obj (.text)
                  00082bfe    00000022     empty_driverlib_main.obj (.text:ADC_readResult)
                  00082c20    00000022     rts2800_fpu32_eabi.lib : i_div28.asm.obj (.text)
                  00082c42    00000021                            : fd_toi28.asm.obj (.text)
                  00082c63    0000001f     board.obj (.text:ADC_isBaseValid)
                  00082c82    0000001f     driverlib.lib : adc.obj (.text:ADC_isBaseValid)
                  00082ca1    0000001f     empty_driverlib_main.obj (.text:ADC_isBaseValid)
                  00082cc0    0000001f     rts2800_fpu32_eabi.lib : fd_tol28.asm.obj (.text)
                  00082cdf    0000001e     driverlib.lib : sysctl.obj (.text:DCC_setCounter0ClkSource)
                  00082cfd    0000001e                   : sysctl.obj (.text:DCC_setCounter1ClkSource)
                  00082d1b    0000001e                   : interrupt.obj (.text:Interrupt_initVectorTable)
                  00082d39    0000001e     rts2800_fpu32_eabi.lib : ll_cmp28.asm.obj (.text)
                  00082d57    0000001d                            : i_tofd28.asm.obj (.text)
                  00082d74    0000001d                            : memcpy.c.obj (.text)
                  00082d91    0000001c     board.obj (.text:ADC_disableSampleCAPReset)
                  00082dad    0000001c     board.obj (.text:ADC_setSOCPriority)
                  00082dc9    0000001c     rts2800_fpu32_eabi.lib : l_tofd28.asm.obj (.text)
                  00082de5    0000001a     device.obj (.text:Device_initGPIO)
                  00082dff    0000001a     driverlib.lib : sysctl.obj (.text:SysCtl_getLowSpeedClock)
                  00082e19    00000019                   : sysctl.obj (.text:SysCtl_setPLLSysClk)
                  00082e32    00000019     rts2800_fpu32_eabi.lib : unlink.c.obj (.text)
                  00082e4b    00000019                            : write.c.obj (.text)
                  00082e64    00000018                            : ll_aox28.asm.obj (.text)
                  00082e7c    00000018                            : lseek.c.obj (.text)
                  00082e94    00000017     empty_driverlib_main.obj (.text:ADC_isBusy)
                  00082eab    00000017     driverlib.lib : pga.obj (.text:PGA_isBaseValid)
                  00082ec2    00000017     device.obj (.text:SysCtl_enablePeripheral)
                  00082ed9    00000017     driverlib.lib : sysctl.obj (.text:SysCtl_enablePeripheral)
                  00082ef0    00000017     rts2800_fpu32_eabi.lib : boot28.asm.obj (.text)
                  00082f07    00000017                            : u_tofd28.asm.obj (.text)
                  00082f1e    00000016     board.obj (.text:ADC_setInterruptCycleOffset)
                  00082f34    00000016     board.obj (.text:ADC_setInterruptPulseMode)
                  00082f4a    00000016     board.obj (.text:ADC_setPrescaler)
                  00082f60    00000016     driverlib.lib : sysctl.obj (.text:DCC_disableDoneSignal)
                  00082f76    00000016                   : interrupt.obj (.text:Interrupt_defaultHandler)
                  00082f8c    00000015     board.obj (.text:ADC_disableBurstMode)
                  00082fa1    00000015     driverlib.lib : sysctl.obj (.text:DCC_clearDoneFlag)
                  00082fb6    00000015                   : sysctl.obj (.text:DCC_clearErrorFlag)
                  00082fcb    00000015                   : sysctl.obj (.text:DCC_disableErrorSignal)
                  00082fe0    00000015                   : sysctl.obj (.text:DCC_isBaseValid)
                  00082ff5    00000015     device.obj (.text:GPIO_unlockPortConfig)
                  0008300a    00000015     rts2800_fpu32_eabi.lib : strncpy.c.obj (.text)
                  0008301f    00000014     empty_driverlib_main.obj (.text:ADC_forceMultipleSOC)
                  00083033    00000014     driverlib.lib : sysctl.obj (.text:DCC_disableModule)
                  00083047    00000014                   : sysctl.obj (.text:DCC_enableModule)
                  0008305b    00000013     board.obj (.text:ADC_enableAltDMATiming)
                  0008306e    00000013     board.obj (.text:ADC_enableConverter)
                  00083081    00000010     driverlib.lib : flash.obj (.text:Flash_isCtrlBaseValid)
                  00083091    00000010                   : flash.obj (.text:Flash_isECCBaseValid)
                  000830a1    00000010     rts2800_fpu32_eabi.lib : memccpy.c.obj (.text)
                  000830b1    0000000e                            : fd_sub28.asm.obj (.text)
                  000830bf    0000000d     driverlib.lib : interrupt.obj (.text:Interrupt_disableGlobal)
                  000830cc    0000000d     device.obj (.text:SysCtl_setLowSpeedClock)
                  000830d9    0000000d     rts2800_fpu32_eabi.lib : copy_zero_init.c.obj (.text:decompress:ZI:__TI_zero_init_nomemset)
                  000830e6    0000000d                            : memchr.c.obj (.text)
                  000830f3    0000000c                            : args_main.c.obj (.text)
                  000830ff    0000000c                            : strchr.c.obj (.text)
                  0008310b    0000000b     device.obj (.text:SysCtl_disableWatchdog)
                  00083116    0000000b     driverlib.lib : sysctl.obj (.text:SysCtl_isMCDClockFailureDetected)
                  00083121    0000000b     rts2800_fpu32_eabi.lib : wcslen.c.obj (.text)
                  0008312c    0000000a     driverlib.lib : interrupt.obj (.text:Interrupt_illegalOperationHandler)
                  00083136    0000000a                   : interrupt.obj (.text:Interrupt_nmiHandler)
                  00083140    0000000a     rts2800_fpu32_eabi.lib : strcmp.c.obj (.text)
                  0008314a    00000009     board.obj (.text:Board_init)
                  00083153    00000009     board.obj (.text:PinMux_init)
                  0008315c    00000009     rts2800_fpu32_eabi.lib : _lock.c.obj (.text)
                  00083165    00000009                            : fd_neg28.asm.obj (.text)
                  0008316e    00000008                            : copy_decompress_none.c.obj (.text:decompress:none)
                  00083176    00000008     f28p55x_codestartbranch.obj (.text)
                  0008317e    00000008     rts2800_fpu32_eabi.lib : strlen.c.obj (.text)
                  00083186    00000007     board.obj (.text:ASYSCTL_init)
                  0008318d    00000007     board.obj (.text:ASysCtl_disableTemperatureSensor)
                  00083194    00000007     device.obj (.text:ASysCtl_lockVREG)
                  0008319b    00000007     driverlib.lib : sysctl.obj (.text:SysCtl_resetMCD)
                  000831a2    00000007     device.obj (.text:__error__)
                  000831a9    00000007     rts2800_fpu32_eabi.lib : memset.c.obj (.text)
                  000831b0    00000005                            : strcpy.c.obj (.text)
                  000831b5    00000003     board.obj (.text:ADC_init)
                  000831b8    00000002     rts2800_fpu32_eabi.lib : pre_init.c.obj (.text)
                  000831ba    00000001     c2000ware_libraries.obj (.text:C2000Ware_libraries_init)
                  000831bb    00000001     rts2800_fpu32_eabi.lib : startup.c.obj (.text)

MODULE SUMMARY

       Module                        code    ro data   rw data
       ------                        ----    -------   -------
    .\
       empty_driverlib_main.obj      236     105       0      
    +--+-----------------------------+-------+---------+---------+
       Total:                        236     105       0      
                                                              
    .\device\
       device.obj                    523     87        0      
       f28p55x_codestartbranch.obj   10      0         0      
    +--+-----------------------------+-------+---------+---------+
       Total:                        533     87        0      
                                                              
    .\syscfg\
       board.obj                     429     65        0      
       c2000ware_libraries.obj       1       0         0      
    +--+-----------------------------+-------+---------+---------+
       Total:                        430     65        0      
                                                              
    E:/TI/sdk/C2000Ware_5_05_00_00/driverlib/f28p55x/driverlib/ccs/Debug/driverlib.lib
       sysctl.obj                    1350    154       0      
       flash.obj                     434     155       0      
       gpio.obj                      290     152       0      
       adc.obj                       93      151       0      
       pga.obj                       156     75        0      
       interrupt.obj                 146     0         0      
       asysctl.obj                   36      79        0      
    +--+-----------------------------+-------+---------+---------+
       Total:                        2505    766       0      
                                                              
    E:\TI\ccs\tools\compiler\ti-cgt-c2000_22.6.2.LTS\lib\rts2800_fpu32_eabi.lib
       _printfi.c.obj                3286    66        0      
       memory.c.obj                  664     0         3      
       trgmsg.c.obj                  149     0         288    
       fopen.c.obj                   289     0         1      
       defs.c.obj                    0       0         281    
       ll_div28.asm.obj              263     0         0      
       ctype.c.obj                   0       257       0      
       s_scalbn.c.obj                169     28        0      
       fputs.c.obj                   168     2         0      
       fd_add28.asm.obj              156     0         0      
       fd_div28.asm.obj              139     0         0      
       fs_div28.asm.obj              136     0         0      
       fd_mpy28.asm.obj              131     0         0      
       setvbuf.c.obj                 124     0         0      
       fflush.c.obj                  115     0         0      
       open.c.obj                    113     0         1      
       host_device.c.obj             0       0         112    
       _io_perm.c.obj                101     0         0      
       s_frexp.c.obj                 90      8         0      
       hostlseek.c.obj               97      0         0      
       fclose.c.obj                  93      0         0      
       fputc.c.obj                   83      0         0      
       getdevice.c.obj               81      0         0      
       hostopen.c.obj                58      0         8      
       hostrename.c.obj              62      0         0      
       fseek.c.obj                   61      0         0      
       hostwrite.c.obj               57      0         0      
       hostread.c.obj                56      0         0      
       printf.c.obj                  52      0         0      
       close.c.obj                   51      0         0      
       atoi.c.obj                    49      0         0      
       _ltoa.c.obj                   48      0         0      
       exit.c.obj                    41      0         6      
       copy_decompress_lzss.c.obj    46      0         0      
       autoinit.c.obj                43      0         0      
       fd_cmp28.asm.obj              42      0         0      
       l_div28.asm.obj               42      0         0      
       hostclose.c.obj               41      0         0      
       hostunlink.c.obj              36      0         0      
       s_copysign.c.obj              36      0         0      
       fd_tofsfpu32.asm.obj          35      0         0      
       i_div28.asm.obj               34      0         0      
       fd_toi28.asm.obj              33      0         0      
       fd_tol28.asm.obj              31      0         0      
       ll_cmp28.asm.obj              30      0         0      
       i_tofd28.asm.obj              29      0         0      
       memcpy.c.obj                  29      0         0      
       l_tofd28.asm.obj              28      0         0      
       unlink.c.obj                  25      0         0      
       write.c.obj                   25      0         0      
       ll_aox28.asm.obj              24      0         0      
       lseek.c.obj                   24      0         0      
       boot28.asm.obj                23      0         0      
       u_tofd28.asm.obj              23      0         0      
       strncpy.c.obj                 21      0         0      
       memccpy.c.obj                 16      0         0      
       fd_sub28.asm.obj              14      0         0      
       _lock.c.obj                   9       0         4      
       copy_zero_init.c.obj          13      0         0      
       memchr.c.obj                  13      0         0      
       args_main.c.obj               12      0         0      
       strchr.c.obj                  12      0         0      
       wcslen.c.obj                  11      0         0      
       strcmp.c.obj                  10      0         0      
       fd_neg28.asm.obj              9       0         0      
       copy_decompress_none.c.obj    8       0         0      
       strlen.c.obj                  8       0         0      
       memset.c.obj                  7       0         0      
       strcpy.c.obj                  5       0         0      
       pre_init.c.obj                2       0         0      
       errno.c.obj                   0       0         1      
       startup.c.obj                 1       0         0      
    +--+-----------------------------+-------+---------+---------+
       Total:                        7832    361       705    
                                                              
       Heap:                         0       0         1024   
       Stack:                        0       0         1024   
       Linker Generated:             0       67        0      
    +--+-----------------------------+-------+---------+---------+
       Grand Total:                  11536   1451      2753   


LINKER GENERATED COPY TABLES

__TI_cinit_table @ 000831fc records: 2, size/record: 4, table size: 8
	.data: load addr=000831c0, load size=00000031 bytes, run addr=0000a9ca, run size=000000f7 bytes, compression=lzss
	.bss: load addr=000831f8, load size=00000004 bytes, run addr=0000a800, run size=000001ca bytes, compression=zero_init


LINKER GENERATED HANDLER TABLE

__TI_handler_table @ 000831f2 records: 3, size/record: 2, table size: 6
	index: 0, handler: __TI_zero_init
	index: 1, handler: __TI_decompress_lzss
	index: 2, handler: __TI_decompress_none


GLOBAL DATA SYMBOLS: SORTED BY DATA PAGE

address     data page           name
--------    ----------------    ----
00000400      10 (00000400)     __stack

0000a000     280 (0000a000)     _sys_memory

0000a800     2a0 (0000a800)     __CIOBUF_

0000a920     2a4 (0000a900)     __TI_tmpnams

0000a9c0     2a7 (0000a9c0)     parmbuf
0000a9ca     2a7 (0000a9c0)     _ftable

0000aa42     2a9 (0000aa40)     _device

0000aa8a     2aa (0000aa80)     _stream
0000aab2     2aa (0000aa80)     __TI_enable_exit_profile_output
0000aab4     2aa (0000aa80)     __TI_cleanup_ptr
0000aab6     2aa (0000aa80)     __TI_dtors_ptr
0000aab8     2aa (0000aa80)     _lock
0000aaba     2aa (0000aa80)     _unlock
0000aabc     2aa (0000aa80)     __TI_ft_end
0000aabd     2aa (0000aa80)     errno

00080008    2000 (00080000)     _ctypes_


GLOBAL SYMBOLS: SORTED ALPHABETICALLY BY Name 

page  address   name                              
----  -------   ----                              
0     000831b5  ADC_init                          
0     00082759  ADC_setVREF                       
0     00083186  ASYSCTL_init                      
0     00082b4b  ASysCtl_setAnalogReferenceExternal
0     0008314a  Board_init                        
0     00082ad4  C$$EXIT                           
0     00081ec9  C$$IO$$                           
0     000831ba  C2000Ware_libraries_init          
0     00081aea  Device_enableAllPeripherals       
0     00081bc2  Device_init                       
0     00082de5  Device_initGPIO                   
0     00008000  Flash_initModule                  
0     000819ff  GPIO_setAnalogMode                
0     000828fa  GPIO_setPinConfig                 
0     00082afd  HOSTclose                         
0     000823be  HOSTlseek                         
0     0008284f  HOSTopen                          
0     000828c2  HOSTread                          
0     00082797  HOSTrename                        
0     00082b93  HOSTunlink                        
0     00082889  HOSTwrite                         
0     00082f76  Interrupt_defaultHandler          
0     0008312c  Interrupt_illegalOperationHandler 
0     000827d5  Interrupt_initModule              
0     00082d1b  Interrupt_initVectorTable         
0     00083136  Interrupt_nmiHandler              
0     00082718  PGA_setOffsetTrimNMOS             
0     00082692  PGA_setOffsetTrimPMOS             
0     00083153  PinMux_init                       
0     00080645  RamfuncsLoadEnd                   
abs   000000cd  RamfuncsLoadSize                  
0     00080578  RamfuncsLoadStart                 
0     000080cd  RamfuncsRunEnd                    
abs   000000cd  RamfuncsRunSize                   
0     00008000  RamfuncsRunStart                  
0     000080c9  SysCtl_delay                      
0     000822f4  SysCtl_getClock                   
0     00082dff  SysCtl_getLowSpeedClock           
0     00081901  SysCtl_isPLLValid                 
0     0008257a  SysCtl_selectOscSource            
0     00082607  SysCtl_selectXTAL                 
0     00082b26  SysCtl_selectXTALSingleEnded      
0     000815b6  SysCtl_setClock                   
0     0000a800  __CIOBUF_                         
0     000831fc  __TI_CINIT_Base                   
0     00083204  __TI_CINIT_Limit                  
0     00083204  __TI_CINIT_Warm                   
0     000831f2  __TI_Handler_Table_Base           
0     000831f8  __TI_Handler_Table_Limit          
0     00000800  __TI_STACK_END                    
abs   00000400  __TI_STACK_SIZE                   
abs   00000400  __TI_SYSMEM_SIZE                  
0     00082a55  __TI_auto_init_nobinit_nopinit    
0     00081778  __TI_cleanup                      
0     0000aab4  __TI_cleanup_ptr                  
0     0008241f  __TI_closefile                    
0     00082a27  __TI_decompress_lzss              
0     0008316e  __TI_decompress_none              
0     00082210  __TI_doflush                      
0     0000aab6  __TI_dtors_ptr                    
0     0000aab2  __TI_enable_exit_profile_output   
0     0000aabc  __TI_ft_end                       
0     000815b4  __TI_heap_check                   
0     00081595  __TI_heap_largest_available       
0     00081576  __TI_heap_total_available         
0     000829c9  __TI_ltoa                         
abs   ffffffff  __TI_pprof_out_hndl               
0     00081199  __TI_printfi                      
abs   ffffffff  __TI_prof_data_size               
abs   ffffffff  __TI_prof_data_start              
0     00082393  __TI_rd_ok                        
0     00081ece  __TI_readmsg                      
0     0000a920  __TI_tmpnams                      
0     00081e76  __TI_writemsg                     
0     00082359  __TI_wrt_ok                       
0     000830d9  __TI_zero_init_nomemset           
0     00081dda  __c28xabi_addd                    
0     00082e64  __c28xabi_andll                   
0     00082a80  __c28xabi_cmpd                    
0     00082d39  __c28xabi_cmpll                   
0     00082d4b  __c28xabi_cmpull                  
0     00081f0b  __c28xabi_divd                    
0     00081f96  __c28xabi_divf                    
0     00082c20  __c28xabi_divi                    
0     00082aaa  __c28xabi_divl                    
0     000817fa  __c28xabi_divll                   
0     00082ac7  __c28xabi_divul                   
0     00081870  __c28xabi_divull                  
0     00082bdb  __c28xabi_dtof                    
0     00082c42  __c28xabi_dtoi                    
0     00082cc0  __c28xabi_dtol                    
0     00082d57  __c28xabi_itod                    
0     00082dc9  __c28xabi_ltod                    
0     00082c31  __c28xabi_modi                    
0     00082ab9  __c28xabi_modl                    
0     00081836  __c28xabi_modll                   
0     00082ace  __c28xabi_modul                   
0     0008189f  __c28xabi_modull                  
0     0008201e  __c28xabi_mpyd                    
0     00083165  __c28xabi_negd                    
0     00082e6c  __c28xabi_orll                    
0     000830b1  __c28xabi_subd                    
0     00082f07  __c28xabi_utod                    
0     00082e74  __c28xabi_xorll                   
n/a   UNDEFED   __c_args__                        
0     000831a2  __error__                         
0     00000400  __stack                           
0     000830f3  _args_main                        
0     00082ef0  _c_int00                          
0     00080008  _ctypes_                          
0     0000aa42  _device                           
0     0000a9ca  _ftable                           
0     0000aab8  _lock                             
0     00083164  _nop                              
0     00083160  _register_lock                    
0     0008315c  _register_unlock                  
0     0000aa8a  _stream                           
0     0000a000  _sys_memory                       
0     000831bb  _system_post_cinit                
0     000831b8  _system_pre_init                  
0     0000aaba  _unlock                           
0     00082ad4  abort                             
0     000814c8  aligned_alloc                     
0     00082998  atoi                              
0     0008149b  calloc                            
0     00082965  close                             
0     00080000  code_start                        
0     00082bb7  copysign                          
0     00082bb7  copysignl                         
0     0000aabd  errno                             
0     00082ad6  exit                              
0     00082463  fclose                            
0     0008223f  fflush                            
0     00082529  finddevice                        
0     000817b3  fopen                             
0     000824d6  fputc                             
0     00081d32  fputs                             
0     00081349  free                              
0     00081795  freopen                           
0     0008247c  frexp                             
0     0008247c  frexpl                            
0     00082812  fseek                             
0     00082812  fseeko                            
0     00082544  getdevice                         
0     00081c89  ldexp                             
0     00081c89  ldexpl                            
0     00082e7c  lseek                             
0     000820a1  main                              
0     0008131e  malloc                            
0     000814c8  memalign                          
0     000830a1  memccpy                           
0     000830e6  memchr                            
0     00082d74  memcpy                            
0     000831a9  memset                            
0     00081497  minit                             
0     000826d6  myADC0_init                       
0     00082283  open                              
0     0000a9c0  parmbuf                           
0     00082937  printf                            
0     000824d6  putc                              
0     00082524  putchar                           
0     00081dc7  puts                              
0     00081413  realloc                           
0     00082e32  remove                            
0     00081c89  scalbn                            
0     00081c89  scalbnl                           
0     00082121  setvbuf                           
0     000830ff  strchr                            
0     00083140  strcmp                            
0     000831b0  strcpy                            
0     0008317e  strlen                            
0     0008300a  strncpy                           
0     00082e32  unlink                            
0     00083121  wcslen                            
0     00082e4b  write                             


GLOBAL SYMBOLS: SORTED BY Symbol Address 

page  address   name                              
----  -------   ----                              
0     00000400  __stack                           
0     00000800  __TI_STACK_END                    
0     00008000  Flash_initModule                  
0     00008000  RamfuncsRunStart                  
0     000080c9  SysCtl_delay                      
0     000080cd  RamfuncsRunEnd                    
0     0000a000  _sys_memory                       
0     0000a800  __CIOBUF_                         
0     0000a920  __TI_tmpnams                      
0     0000a9c0  parmbuf                           
0     0000a9ca  _ftable                           
0     0000aa42  _device                           
0     0000aa8a  _stream                           
0     0000aab2  __TI_enable_exit_profile_output   
0     0000aab4  __TI_cleanup_ptr                  
0     0000aab6  __TI_dtors_ptr                    
0     0000aab8  _lock                             
0     0000aaba  _unlock                           
0     0000aabc  __TI_ft_end                       
0     0000aabd  errno                             
0     00080000  code_start                        
0     00080008  _ctypes_                          
0     00080578  RamfuncsLoadStart                 
0     00080645  RamfuncsLoadEnd                   
0     00081199  __TI_printfi                      
0     0008131e  malloc                            
0     00081349  free                              
0     00081413  realloc                           
0     00081497  minit                             
0     0008149b  calloc                            
0     000814c8  aligned_alloc                     
0     000814c8  memalign                          
0     00081576  __TI_heap_total_available         
0     00081595  __TI_heap_largest_available       
0     000815b4  __TI_heap_check                   
0     000815b6  SysCtl_setClock                   
0     00081778  __TI_cleanup                      
0     00081795  freopen                           
0     000817b3  fopen                             
0     000817fa  __c28xabi_divll                   
0     00081836  __c28xabi_modll                   
0     00081870  __c28xabi_divull                  
0     0008189f  __c28xabi_modull                  
0     00081901  SysCtl_isPLLValid                 
0     000819ff  GPIO_setAnalogMode                
0     00081aea  Device_enableAllPeripherals       
0     00081bc2  Device_init                       
0     00081c89  ldexp                             
0     00081c89  ldexpl                            
0     00081c89  scalbn                            
0     00081c89  scalbnl                           
0     00081d32  fputs                             
0     00081dc7  puts                              
0     00081dda  __c28xabi_addd                    
0     00081e76  __TI_writemsg                     
0     00081ec9  C$$IO$$                           
0     00081ece  __TI_readmsg                      
0     00081f0b  __c28xabi_divd                    
0     00081f96  __c28xabi_divf                    
0     0008201e  __c28xabi_mpyd                    
0     000820a1  main                              
0     00082121  setvbuf                           
0     00082210  __TI_doflush                      
0     0008223f  fflush                            
0     00082283  open                              
0     000822f4  SysCtl_getClock                   
0     00082359  __TI_wrt_ok                       
0     00082393  __TI_rd_ok                        
0     000823be  HOSTlseek                         
0     0008241f  __TI_closefile                    
0     00082463  fclose                            
0     0008247c  frexp                             
0     0008247c  frexpl                            
0     000824d6  fputc                             
0     000824d6  putc                              
0     00082524  putchar                           
0     00082529  finddevice                        
0     00082544  getdevice                         
0     0008257a  SysCtl_selectOscSource            
0     00082607  SysCtl_selectXTAL                 
0     00082692  PGA_setOffsetTrimPMOS             
0     000826d6  myADC0_init                       
0     00082718  PGA_setOffsetTrimNMOS             
0     00082759  ADC_setVREF                       
0     00082797  HOSTrename                        
0     000827d5  Interrupt_initModule              
0     00082812  fseek                             
0     00082812  fseeko                            
0     0008284f  HOSTopen                          
0     00082889  HOSTwrite                         
0     000828c2  HOSTread                          
0     000828fa  GPIO_setPinConfig                 
0     00082937  printf                            
0     00082965  close                             
0     00082998  atoi                              
0     000829c9  __TI_ltoa                         
0     00082a27  __TI_decompress_lzss              
0     00082a55  __TI_auto_init_nobinit_nopinit    
0     00082a80  __c28xabi_cmpd                    
0     00082aaa  __c28xabi_divl                    
0     00082ab9  __c28xabi_modl                    
0     00082ac7  __c28xabi_divul                   
0     00082ace  __c28xabi_modul                   
0     00082ad4  C$$EXIT                           
0     00082ad4  abort                             
0     00082ad6  exit                              
0     00082afd  HOSTclose                         
0     00082b26  SysCtl_selectXTALSingleEnded      
0     00082b4b  ASysCtl_setAnalogReferenceExternal
0     00082b93  HOSTunlink                        
0     00082bb7  copysign                          
0     00082bb7  copysignl                         
0     00082bdb  __c28xabi_dtof                    
0     00082c20  __c28xabi_divi                    
0     00082c31  __c28xabi_modi                    
0     00082c42  __c28xabi_dtoi                    
0     00082cc0  __c28xabi_dtol                    
0     00082d1b  Interrupt_initVectorTable         
0     00082d39  __c28xabi_cmpll                   
0     00082d4b  __c28xabi_cmpull                  
0     00082d57  __c28xabi_itod                    
0     00082d74  memcpy                            
0     00082dc9  __c28xabi_ltod                    
0     00082de5  Device_initGPIO                   
0     00082dff  SysCtl_getLowSpeedClock           
0     00082e32  remove                            
0     00082e32  unlink                            
0     00082e4b  write                             
0     00082e64  __c28xabi_andll                   
0     00082e6c  __c28xabi_orll                    
0     00082e74  __c28xabi_xorll                   
0     00082e7c  lseek                             
0     00082ef0  _c_int00                          
0     00082f07  __c28xabi_utod                    
0     00082f76  Interrupt_defaultHandler          
0     0008300a  strncpy                           
0     000830a1  memccpy                           
0     000830b1  __c28xabi_subd                    
0     000830d9  __TI_zero_init_nomemset           
0     000830e6  memchr                            
0     000830f3  _args_main                        
0     000830ff  strchr                            
0     00083121  wcslen                            
0     0008312c  Interrupt_illegalOperationHandler 
0     00083136  Interrupt_nmiHandler              
0     00083140  strcmp                            
0     0008314a  Board_init                        
0     00083153  PinMux_init                       
0     0008315c  _register_unlock                  
0     00083160  _register_lock                    
0     00083164  _nop                              
0     00083165  __c28xabi_negd                    
0     0008316e  __TI_decompress_none              
0     0008317e  strlen                            
0     00083186  ASYSCTL_init                      
0     000831a2  __error__                         
0     000831a9  memset                            
0     000831b0  strcpy                            
0     000831b5  ADC_init                          
0     000831b8  _system_pre_init                  
0     000831ba  C2000Ware_libraries_init          
0     000831bb  _system_post_cinit                
0     000831f2  __TI_Handler_Table_Base           
0     000831f8  __TI_Handler_Table_Limit          
0     000831fc  __TI_CINIT_Base                   
0     00083204  __TI_CINIT_Limit                  
0     00083204  __TI_CINIT_Warm                   
abs   000000cd  RamfuncsLoadSize                  
abs   000000cd  RamfuncsRunSize                   
abs   00000400  __TI_STACK_SIZE                   
abs   00000400  __TI_SYSMEM_SIZE                  
abs   ffffffff  __TI_pprof_out_hndl               
abs   ffffffff  __TI_prof_data_size               
abs   ffffffff  __TI_prof_data_start              
n/a   UNDEFED   __c_args__                        

[175 symbols]
