******************************************************************************
             TMS320C2000 Linker PC v22.6.2                     
******************************************************************************
>> Linked Tue Jul 29 22:33:12 2025

OUTPUT FILE NAME:   <9.SPI.out>
ENTRY POINT SYMBOL: "code_start"  address: 00080000


MEMORY CONFIGURATION

         name            origin    length      used     unused   attr    fill
----------------------  --------  ---------  --------  --------  ----  --------
  BOOT_RSVD             00000002   00000126  00000000  00000126  RWIX
  RAMM0                 00000128   000002d8  00000000  000002d8  RWIX
  RAMM1                 00000400   00000400  00000400  00000000  RWIX
  CLATOCPURAM           00001480   00000080  00000000  00000080  RWIX
  CPUTOCLARAM           00001500   00000080  00000000  00000080  RWIX
  CLATODMARAM           00001680   00000080  00000000  00000080  RWIX
  DMATOCLARAM           00001700   00000080  00000000  00000080  RWIX
  RAMLS0                00008000   00000800  000000cd  00000733  RWIX
  RAMLS1                00008800   00000800  00000000  00000800  RWIX
  RAMLS2                00009000   00000800  00000000  00000800  RWIX
  RAMLS3                00009800   00000800  00000000  00000800  RWIX
  RAMLS4                0000a000   00000800  00000400  00000400  RWIX
  RAMLS5                0000a800   00000800  000002c1  0000053f  RWIX
  RAMLS6                0000b000   00000800  00000000  00000800  RWIX
  RAMLS7                0000b800   00000800  00000000  00000800  RWIX
  RAMGS0                0000c000   00002000  00000000  00002000  RWIX
  RAMGS1                0000e000   00002000  00000000  00002000  RWIX
  RAMGS2                00010000   00002000  00000000  00002000  RWIX
  RAMGS3                00012000   00002000  00000000  00002000  RWIX
  RAMLS8                00014000   00002000  00000000  00002000  RWIX
  RAMLS9                00016000   00002000  00000000  00002000  RWIX
  BEGIN                 00080000   00000002  00000002  00000000  RWIX
  FLASH_BANK0           00080002   0001fffe  0000357a  0001ca84  RWIX
  FLASH_BANK1           000a0000   00020000  00000000  00020000  RWIX
  FLASH_BANK2           000c0000   00020000  00000000  00020000  RWIX
  FLASH_BANK3           000e0000   00020000  00000000  00020000  RWIX
  FLASH_BANK4           00100000   00007fff  00000000  00007fff  RWIX
  RESET                 003fffc0   00000002  00000000  00000002  RWIX


SECTION ALLOCATION MAP

 output                                  attributes/
section   page    origin      length       input sections
--------  ----  ----------  ----------   ----------------
codestart 
*          0    00080000    00000002     
                  00080000    00000002     f28p55x_codestartbranch.obj (codestart)

.cinit     0    00083548    00000044     
                  00083548    00000031     (.cinit..data.load) [load image, compression = lzss]
                  00083579    00000001     --HOLE-- [fill = 0]
                  0008357a    00000006     (__TI_handler_table)
                  00083580    00000004     (.cinit..bss.load) [load image, compression = zero_init]
                  00083584    00000008     (__TI_cinit_table)

.reset     0    003fffc0    00000000     DSECT

.stack     0    00000400    00000400     UNINITIALIZED
                  00000400    00000400     --HOLE--

.sysmem    0    0000a000    00000400     UNINITIALIZED
                  0000a000    00000004     rts2800_fpu32_eabi.lib : memory.c.obj (.sysmem)
                  0000a004    000003fc     --HOLE--

.bss       0    0000a800    000001ca     UNINITIALIZED
                  0000a800    00000120     rts2800_fpu32_eabi.lib : trgmsg.c.obj (.bss:_CIOBUF_)
                  0000a920    000000a0                            : defs.c.obj (.bss:__TI_tmpnams)
                  0000a9c0    00000008                            : hostopen.c.obj (.bss:parmbuf)
                  0000a9c8    00000002                            : memory.c.obj (.bss)

.init_array 
*          0    00080008    00000000     UNINITIALIZED

.data      0    0000a9ca    000000f7     UNINITIALIZED
                  0000a9ca    00000078     rts2800_fpu32_eabi.lib : defs.c.obj (.data:_ftable)
                  0000aa42    00000048                            : host_device.c.obj (.data:_device)
                  0000aa8a    00000028                            : host_device.c.obj (.data:_stream)
                  0000aab2    00000006                            : exit.c.obj (.data)
                  0000aab8    00000002                            : _lock.c.obj (.data:_lock)
                  0000aaba    00000002                            : _lock.c.obj (.data:_unlock)
                  0000aabc    00000001                            : defs.c.obj (.data)
                  0000aabd    00000001                            : errno.c.obj (.data)
                  0000aabe    00000001                            : fopen.c.obj (.data)
                  0000aabf    00000001                            : memory.c.obj (.data)
                  0000aac0    00000001                            : open.c.obj (.data)

.const     0    00080008    00000634     
                  00080008    00000101     rts2800_fpu32_eabi.lib : ctype.c.obj (.const:.string:_ctypes_)
                  00080109    00000001     --HOLE-- [fill = 0]
                  0008010a    0000009b     driverlib.lib : flash.obj (.const:.string)
                  000801a5    00000001     --HOLE-- [fill = 0]
                  000801a6    0000009a                   : sysctl.obj (.const:.string)
                  00080240    00000098                   : gpio.obj (.const:.string)
                  000802d8    00000097                   : sci.obj (.const:.string)
                  0008036f    00000001     --HOLE-- [fill = 0]
                  00080370    00000097                   : spi.obj (.const:.string)
                  00080407    00000001     --HOLE-- [fill = 0]
                  00080408    00000083     board.obj (.const:.string)
                  0008048b    00000001     --HOLE-- [fill = 0]
                  0008048c    00000083     bsp_w25qxx.obj (.const:.string)
                  0008050f    00000001     --HOLE-- [fill = 0]
                  00080510    00000057     device.obj (.const:.string)
                  00080567    00000001     --HOLE-- [fill = 0]
                  00080568    0000004b     driverlib.lib : pga.obj (.const:.string)
                  000805b3    00000001     --HOLE-- [fill = 0]
                  000805b4    00000026     rts2800_fpu32_eabi.lib : _printfi.c.obj (.const:.string)
                  000805da    00000020     empty_driverlib_main.obj (.const:.string)
                  000805fa    0000001c     rts2800_fpu32_eabi.lib : _printfi.c.obj (.const)
                  00080616    0000001c                            : s_scalbn.c.obj (.const)
                  00080632    00000008                            : s_frexp.c.obj (.const)
                  0008063a    00000002                            : fputs.c.obj (.const:.string)

.TI.ramfunc 
*          0    00080640    000000cd     RUN ADDR = 00008000
                  00080640    00000036     driverlib.lib : flash.obj (.TI.ramfunc:Flash_initModule)
                  00080676    00000022                   : flash.obj (.TI.ramfunc:Flash_setWaitstates)
                  00080698    00000018                   : flash.obj (.TI.ramfunc:Flash_disableCache)
                  000806b0    00000017                   : flash.obj (.TI.ramfunc:Flash_disablePrefetch)
                  000806c7    00000016                   : flash.obj (.TI.ramfunc:Flash_enableCache)
                  000806dd    00000016                   : flash.obj (.TI.ramfunc:Flash_enableECC)
                  000806f3    00000016                   : flash.obj (.TI.ramfunc:Flash_enablePrefetch)
                  00080709    00000004                   : sysctl.obj (.TI.ramfunc)

.text      0    00080710    00002e35     
                  00080710    000006c2     rts2800_fpu32_eabi.lib : _printfi.c.obj (.text)
                  00080dd2    00000614                            : _printfi.c.obj (.text:__TI_printfi)
                  000813e6    00000298                            : memory.c.obj (.text)
                  0008167e    00000123     driverlib.lib : sysctl.obj (.text:SysCtl_setClock)
                  000817a1    00000121     rts2800_fpu32_eabi.lib : fopen.c.obj (.text)
                  000818c2    00000107                            : ll_div28.asm.obj (.text)
                  000819c9    000000fe     driverlib.lib : sysctl.obj (.text:SysCtl_isPLLValid)
                  00081ac7    000000eb                   : gpio.obj (.text:GPIO_setAnalogMode)
                  00081bb2    000000d8     device.obj (.text:Device_enableAllPeripherals)
                  00081c8a    000000c7     device.obj (.text:Device_init)
                  00081d51    000000a9     rts2800_fpu32_eabi.lib : s_scalbn.c.obj (.text)
                  00081dfa    000000a8                            : fputs.c.obj (.text)
                  00081ea2    0000009c                            : fd_add28.asm.obj (.text)
                  00081f3e    00000095                            : trgmsg.c.obj (.text)
                  00081fd3    0000008b                            : fd_div28.asm.obj (.text)
                  0008205e    00000088                            : fs_div28.asm.obj (.text)
                  000820e6    00000083                            : fd_mpy28.asm.obj (.text)
                  00082169    0000007c                            : setvbuf.c.obj (.text)
                  000821e5    00000073     driverlib.lib : sysctl.obj (.text:DCC_setCounterSeeds)
                  00082258    00000073     rts2800_fpu32_eabi.lib : fflush.c.obj (.text)
                  000822cb    00000071                            : open.c.obj (.text)
                  0008233c    0000006b     empty_driverlib_main.obj (.text:main)
                  000823a7    00000065     driverlib.lib : sysctl.obj (.text:SysCtl_getClock)
                  0008240c    00000065     rts2800_fpu32_eabi.lib : _io_perm.c.obj (.text)
                  00082471    00000061                            : hostlseek.c.obj (.text)
                  000824d2    0000005d                            : fclose.c.obj (.text)
                  0008252f    0000005c     driverlib.lib : spi.obj (.text:SPI_setConfig)
                  0008258b    0000005a     rts2800_fpu32_eabi.lib : s_frexp.c.obj (.text)
                  000825e5    00000053                            : fputc.c.obj (.text)
                  00082638    00000052     driverlib.lib : gpio.obj (.text:GPIO_setPadConfig)
                  0008268a    00000052     board.obj (.text:PinMux_init)
                  000826dc    00000051     rts2800_fpu32_eabi.lib : getdevice.c.obj (.text)
                  0008272d    00000047     driverlib.lib : sysctl.obj (.text:SysCtl_selectOscSource)
                  00082774    00000046                   : sysctl.obj (.text:SysCtl_selectXTAL)
                  000827ba    00000045                   : sci.obj (.text:SCI_clearInterruptStatus)
                  000827ff    00000045                   : sysctl.obj (.text:SysCtl_pollX1Counter)
                  00082844    00000044                   : pga.obj (.text:PGA_setOffsetTrimPMOS)
                  00082888    00000041                   : pga.obj (.text:PGA_setOffsetTrimNMOS)
                  000828c9    0000003e                   : sci.obj (.text:SCI_setConfig)
                  00082907    0000003e     rts2800_fpu32_eabi.lib : hostrename.c.obj (.text)
                  00082945    0000003d     driverlib.lib : interrupt.obj (.text:Interrupt_initModule)
                  00082982    0000003d     rts2800_fpu32_eabi.lib : fseek.c.obj (.text)
                  000829bf    0000003a                            : hostopen.c.obj (.text)
                  000829f9    00000039                            : hostwrite.c.obj (.text)
                  00082a32    00000038                            : hostread.c.obj (.text)
                  00082a6a    00000037     driverlib.lib : gpio.obj (.text:GPIO_setControllerCore)
                  00082aa1    00000037                   : gpio.obj (.text:GPIO_setPinConfig)
                  00082ad8    00000037                   : gpio.obj (.text:GPIO_setQualificationMode)
                  00082b0f    00000035     bsp_w25qxx.obj (.text:w25qxx_write)
                  00082b44    00000034     rts2800_fpu32_eabi.lib : printf.c.obj (.text)
                  00082b78    00000033                            : close.c.obj (.text)
                  00082bab    00000031     driverlib.lib : gpio.obj (.text:GPIO_setDirectionMode)
                  00082bdc    00000031     rts2800_fpu32_eabi.lib : atoi.c.obj (.text)
                  00082c0d    00000030                            : _ltoa.c.obj (.text)
                  00082c3d    0000002f     board.obj (.text:mySCI0_init)
                  00082c6c    0000002e     rts2800_fpu32_eabi.lib : copy_decompress_lzss.c.obj (.text:decompress:lzss)
                  00082c9a    0000002d     board.obj (.text:FLASH_SPI_init)
                  00082cc7    0000002c     bsp_w25qxx.obj (.text:GPIO_isPinValid)
                  00082cf3    0000002c     driverlib.lib : gpio.obj (.text:GPIO_isPinValid)
                  00082d1f    0000002b     rts2800_fpu32_eabi.lib : autoinit.c.obj (.text:__TI_auto_init_nobinit_nopinit)
                  00082d4a    0000002b     bsp_w25qxx.obj (.text:w25qxx_read)
                  00082d75    0000002a     rts2800_fpu32_eabi.lib : fd_cmp28.asm.obj (.text)
                  00082d9f    0000002a                            : l_div28.asm.obj (.text)
                  00082dc9    00000029                            : exit.c.obj (.text)
                  00082df2    00000029                            : hostclose.c.obj (.text)
                  00082e1b    00000027     bsp_w25qxx.obj (.text:GPIO_writePin)
                  00082e42    00000025     driverlib.lib : sysctl.obj (.text:SysCtl_selectXTALSingleEnded)
                  00082e67    00000024                   : sysctl.obj (.text:DCC_enableSingleShotMode)
                  00082e8b    00000024     rts2800_fpu32_eabi.lib : hostunlink.c.obj (.text)
                  00082eaf    00000024                            : s_copysign.c.obj (.text)
                  00082ed3    00000024     bsp_w25qxx.obj (.text:w25qxx_read_id)
                  00082ef7    00000023     bsp_w25qxx.obj (.text:w25qxx_erase_sector)
                  00082f1a    00000021     rts2800_fpu32_eabi.lib : fd_toi28.asm.obj (.text)
                  00082f3b    0000001f                            : fd_tol28.asm.obj (.text)
                  00082f5a    0000001e     driverlib.lib : sysctl.obj (.text:DCC_setCounter0ClkSource)
                  00082f78    0000001e                   : sysctl.obj (.text:DCC_setCounter1ClkSource)
                  00082f96    0000001e                   : interrupt.obj (.text:Interrupt_initVectorTable)
                  00082fb4    0000001e     rts2800_fpu32_eabi.lib : ll_cmp28.asm.obj (.text)
                  00082fd2    0000001d                            : i_tofd28.asm.obj (.text)
                  00082fef    0000001d                            : memcpy.c.obj (.text)
                  0008300c    0000001c                            : l_tofd28.asm.obj (.text)
                  00083028    0000001a     device.obj (.text:Device_initGPIO)
                  00083042    0000001a     board.obj (.text:SPI_setEmulationMode)
                  0008305c    0000001a     board.obj (.text:SPI_setPTESignalPolarity)
                  00083076    0000001a     driverlib.lib : sysctl.obj (.text:SysCtl_getLowSpeedClock)
                  00083090    00000019                   : sysctl.obj (.text:SysCtl_setPLLSysClk)
                  000830a9    00000019     rts2800_fpu32_eabi.lib : unlink.c.obj (.text)
                  000830c2    00000019                            : write.c.obj (.text)
                  000830db    00000018     driverlib.lib : sci.obj (.text:SCI_disableModule)
                  000830f3    00000018     board.obj (.text:SCI_performSoftwareReset)
                  0008310b    00000018     driverlib.lib : sci.obj (.text:SCI_performSoftwareReset)
                  00083123    00000018     board.obj (.text:SCI_resetChannels)
                  0008313b    00000018     board.obj (.text:SPI_disableFIFO)
                  00083153    00000018     rts2800_fpu32_eabi.lib : ll_aox28.asm.obj (.text)
                  0008316b    00000018                            : lseek.c.obj (.text)
                  00083183    00000018     bsp_w25qxx.obj (.text:w25qxx_wait_busy)
                  0008319b    00000017     driverlib.lib : pga.obj (.text:PGA_isBaseValid)
                  000831b2    00000017     board.obj (.text:SCI_isBaseValid)
                  000831c9    00000017     driverlib.lib : sci.obj (.text:SCI_isBaseValid)
                  000831e0    00000017     device.obj (.text:SysCtl_enablePeripheral)
                  000831f7    00000017     driverlib.lib : sysctl.obj (.text:SysCtl_enablePeripheral)
                  0008320e    00000017     rts2800_fpu32_eabi.lib : boot28.asm.obj (.text)
                  00083225    00000016     driverlib.lib : sysctl.obj (.text:DCC_disableDoneSignal)
                  0008323b    00000016                   : interrupt.obj (.text:Interrupt_defaultHandler)
                  00083251    00000015                   : sysctl.obj (.text:DCC_clearDoneFlag)
                  00083266    00000015                   : sysctl.obj (.text:DCC_clearErrorFlag)
                  0008327b    00000015                   : sysctl.obj (.text:DCC_disableErrorSignal)
                  00083290    00000015                   : sysctl.obj (.text:DCC_isBaseValid)
                  000832a5    00000015     device.obj (.text:GPIO_unlockPortConfig)
                  000832ba    00000015     rts2800_fpu32_eabi.lib : strncpy.c.obj (.text)
                  000832cf    00000014     driverlib.lib : sysctl.obj (.text:DCC_disableModule)
                  000832e3    00000014                   : sysctl.obj (.text:DCC_enableModule)
                  000832f7    00000014     bsp_w25qxx.obj (.text:SPI_writeDataNonBlocking)
                  0008330b    00000013     board.obj (.text:FLASH_CS_init)
                  0008331e    00000013     board.obj (.text:SCI_clearOverflowStatus)
                  00083331    00000013     board.obj (.text:SCI_disableFIFO)
                  00083344    00000013     board.obj (.text:SCI_enableModule)
                  00083357    00000013     driverlib.lib : sci.obj (.text:SCI_enableModule)
                  0008336a    00000013     board.obj (.text:SPI_isBaseValid)
                  0008337d    00000013     bsp_w25qxx.obj (.text:SPI_isBaseValid)
                  00083390    00000013     driverlib.lib : spi.obj (.text:SPI_isBaseValid)
                  000833a3    00000012     bsp_w25qxx.obj (.text:SPI_readDataBlockingNonFIFO)
                  000833b5    00000011     board.obj (.text:SCI_disableLoopback)
                  000833c6    00000011     board.obj (.text:SPI_disableLoopback)
                  000833d7    00000011     board.obj (.text:SPI_disableModule)
                  000833e8    00000011     board.obj (.text:SPI_enableModule)
                  000833f9    00000011     bsp_w25qxx.obj (.text:spi_read_write_byte)
                  0008340a    00000010     driverlib.lib : flash.obj (.text:Flash_isCtrlBaseValid)
                  0008341a    00000010                   : flash.obj (.text:Flash_isECCBaseValid)
                  0008342a    00000010     rts2800_fpu32_eabi.lib : memccpy.c.obj (.text)
                  0008343a    0000000f     bsp_w25qxx.obj (.text:w25qxx_write_enable)
                  00083449    0000000e     rts2800_fpu32_eabi.lib : fd_sub28.asm.obj (.text)
                  00083457    0000000d     driverlib.lib : interrupt.obj (.text:Interrupt_disableGlobal)
                  00083464    0000000d     device.obj (.text:SysCtl_setLowSpeedClock)
                  00083471    0000000d     rts2800_fpu32_eabi.lib : copy_zero_init.c.obj (.text:decompress:ZI:__TI_zero_init_nomemset)
                  0008347e    0000000d                            : memchr.c.obj (.text)
                  0008348b    0000000c                            : args_main.c.obj (.text)
                  00083497    0000000c                            : strchr.c.obj (.text)
                  000834a3    0000000b     board.obj (.text:Board_init)
                  000834ae    0000000b     device.obj (.text:SysCtl_disableWatchdog)
                  000834b9    0000000b     driverlib.lib : sysctl.obj (.text:SysCtl_isMCDClockFailureDetected)
                  000834c4    0000000b     rts2800_fpu32_eabi.lib : wcslen.c.obj (.text)
                  000834cf    0000000a     driverlib.lib : interrupt.obj (.text:Interrupt_illegalOperationHandler)
                  000834d9    0000000a                   : interrupt.obj (.text:Interrupt_nmiHandler)
                  000834e3    0000000a     rts2800_fpu32_eabi.lib : strcmp.c.obj (.text)
                  000834ed    00000009                            : _lock.c.obj (.text)
                  000834f6    00000009                            : fd_neg28.asm.obj (.text)
                  000834ff    00000008                            : copy_decompress_none.c.obj (.text:decompress:none)
                  00083507    00000008     f28p55x_codestartbranch.obj (.text)
                  0008350f    00000008     rts2800_fpu32_eabi.lib : strlen.c.obj (.text)
                  00083517    00000007     device.obj (.text:ASysCtl_lockVREG)
                  0008351e    00000007     driverlib.lib : sysctl.obj (.text:SysCtl_resetMCD)
                  00083525    00000007     device.obj (.text:__error__)
                  0008352c    00000007     rts2800_fpu32_eabi.lib : memset.c.obj (.text)
                  00083533    00000005                            : strcpy.c.obj (.text)
                  00083538    00000003     board.obj (.text:GPIO_init)
                  0008353b    00000003     board.obj (.text:SCI_init)
                  0008353e    00000003     board.obj (.text:SPI_init)
                  00083541    00000002     rts2800_fpu32_eabi.lib : pre_init.c.obj (.text)
                  00083543    00000001     c2000ware_libraries.obj (.text:C2000Ware_libraries_init)
                  00083544    00000001     rts2800_fpu32_eabi.lib : startup.c.obj (.text)

MODULE SUMMARY

       Module                        code    ro data   rw data
       ------                        ----    -------   -------
    .\
       empty_driverlib_main.obj      107     32        0      
    +--+-----------------------------+-------+---------+---------+
       Total:                        107     32        0      
                                                              
    .\BSP\
       bsp_w25qxx.obj                363     131       0      
    +--+-----------------------------+-------+---------+---------+
       Total:                        363     131       0      
                                                              
    .\device\
       device.obj                    523     87        0      
       f28p55x_codestartbranch.obj   10      0         0      
    +--+-----------------------------+-------+---------+---------+
       Total:                        533     87        0      
                                                              
    .\syscfg\
       board.obj                     504     131       0      
       c2000ware_libraries.obj       1       0         0      
    +--+-----------------------------+-------+---------+---------+
       Total:                        505     131       0      
                                                              
    E:/TI/sdk/C2000Ware_5_05_00_00/driverlib/f28p55x/driverlib/ccs/Debug/driverlib.lib
       sysctl.obj                    1350    154       0      
       gpio.obj                      575     152       0      
       flash.obj                     434     155       0      
       sci.obj                       221     151       0      
       spi.obj                       111     151       0      
       pga.obj                       156     75        0      
       interrupt.obj                 146     0         0      
    +--+-----------------------------+-------+---------+---------+
       Total:                        2993    838       0      
                                                              
    E:\TI\ccs\tools\compiler\ti-cgt-c2000_22.6.2.LTS\lib\rts2800_fpu32_eabi.lib
       _printfi.c.obj                3286    66        0      
       memory.c.obj                  664     0         3      
       trgmsg.c.obj                  149     0         288    
       fopen.c.obj                   289     0         1      
       defs.c.obj                    0       0         281    
       ll_div28.asm.obj              263     0         0      
       ctype.c.obj                   0       257       0      
       s_scalbn.c.obj                169     28        0      
       fputs.c.obj                   168     2         0      
       fd_add28.asm.obj              156     0         0      
       fd_div28.asm.obj              139     0         0      
       fs_div28.asm.obj              136     0         0      
       fd_mpy28.asm.obj              131     0         0      
       setvbuf.c.obj                 124     0         0      
       fflush.c.obj                  115     0         0      
       open.c.obj                    113     0         1      
       host_device.c.obj             0       0         112    
       _io_perm.c.obj                101     0         0      
       s_frexp.c.obj                 90      8         0      
       hostlseek.c.obj               97      0         0      
       fclose.c.obj                  93      0         0      
       fputc.c.obj                   83      0         0      
       getdevice.c.obj               81      0         0      
       hostopen.c.obj                58      0         8      
       hostrename.c.obj              62      0         0      
       fseek.c.obj                   61      0         0      
       hostwrite.c.obj               57      0         0      
       hostread.c.obj                56      0         0      
       printf.c.obj                  52      0         0      
       close.c.obj                   51      0         0      
       atoi.c.obj                    49      0         0      
       _ltoa.c.obj                   48      0         0      
       exit.c.obj                    41      0         6      
       copy_decompress_lzss.c.obj    46      0         0      
       autoinit.c.obj                43      0         0      
       fd_cmp28.asm.obj              42      0         0      
       l_div28.asm.obj               42      0         0      
       hostclose.c.obj               41      0         0      
       hostunlink.c.obj              36      0         0      
       s_copysign.c.obj              36      0         0      
       fd_toi28.asm.obj              33      0         0      
       fd_tol28.asm.obj              31      0         0      
       ll_cmp28.asm.obj              30      0         0      
       i_tofd28.asm.obj              29      0         0      
       memcpy.c.obj                  29      0         0      
       l_tofd28.asm.obj              28      0         0      
       unlink.c.obj                  25      0         0      
       write.c.obj                   25      0         0      
       ll_aox28.asm.obj              24      0         0      
       lseek.c.obj                   24      0         0      
       boot28.asm.obj                23      0         0      
       strncpy.c.obj                 21      0         0      
       memccpy.c.obj                 16      0         0      
       fd_sub28.asm.obj              14      0         0      
       _lock.c.obj                   9       0         4      
       copy_zero_init.c.obj          13      0         0      
       memchr.c.obj                  13      0         0      
       args_main.c.obj               12      0         0      
       strchr.c.obj                  12      0         0      
       wcslen.c.obj                  11      0         0      
       strcmp.c.obj                  10      0         0      
       fd_neg28.asm.obj              9       0         0      
       copy_decompress_none.c.obj    8       0         0      
       strlen.c.obj                  8       0         0      
       memset.c.obj                  7       0         0      
       strcpy.c.obj                  5       0         0      
       pre_init.c.obj                2       0         0      
       errno.c.obj                   0       0         1      
       startup.c.obj                 1       0         0      
    +--+-----------------------------+-------+---------+---------+
       Total:                        7740    361       705    
                                                              
       Heap:                         0       0         1024   
       Stack:                        0       0         1024   
       Linker Generated:             0       67        0      
    +--+-----------------------------+-------+---------+---------+
       Grand Total:                  12241   1647      2753   


LINKER GENERATED COPY TABLES

__TI_cinit_table @ 00083584 records: 2, size/record: 4, table size: 8
	.data: load addr=00083548, load size=00000031 bytes, run addr=0000a9ca, run size=000000f7 bytes, compression=lzss
	.bss: load addr=00083580, load size=00000004 bytes, run addr=0000a800, run size=000001ca bytes, compression=zero_init


LINKER GENERATED HANDLER TABLE

__TI_handler_table @ 0008357a records: 3, size/record: 2, table size: 6
	index: 0, handler: __TI_zero_init
	index: 1, handler: __TI_decompress_lzss
	index: 2, handler: __TI_decompress_none


GLOBAL DATA SYMBOLS: SORTED BY DATA PAGE

address     data page           name
--------    ----------------    ----
00000400      10 (00000400)     __stack

0000a000     280 (0000a000)     _sys_memory

0000a800     2a0 (0000a800)     __CIOBUF_

0000a920     2a4 (0000a900)     __TI_tmpnams

0000a9c0     2a7 (0000a9c0)     parmbuf
0000a9ca     2a7 (0000a9c0)     _ftable

0000aa42     2a9 (0000aa40)     _device

0000aa8a     2aa (0000aa80)     _stream
0000aab2     2aa (0000aa80)     __TI_enable_exit_profile_output
0000aab4     2aa (0000aa80)     __TI_cleanup_ptr
0000aab6     2aa (0000aa80)     __TI_dtors_ptr
0000aab8     2aa (0000aa80)     _lock
0000aaba     2aa (0000aa80)     _unlock
0000aabc     2aa (0000aa80)     __TI_ft_end
0000aabd     2aa (0000aa80)     errno

00080008    2000 (00080000)     _ctypes_


GLOBAL SYMBOLS: SORTED ALPHABETICALLY BY Name 

page  address   name                             
----  -------   ----                             
0     000834a3  Board_init                       
0     00082dc9  C$$EXIT                          
0     00081f91  C$$IO$$                          
0     00083543  C2000Ware_libraries_init         
0     00081bb2  Device_enableAllPeripherals      
0     00081c8a  Device_init                      
0     00083028  Device_initGPIO                  
0     0008330b  FLASH_CS_init                    
0     00082c9a  FLASH_SPI_init                   
0     00008000  Flash_initModule                 
0     00083538  GPIO_init                        
0     00081ac7  GPIO_setAnalogMode               
0     00082a6a  GPIO_setControllerCore           
0     00082bab  GPIO_setDirectionMode            
0     00082638  GPIO_setPadConfig                
0     00082aa1  GPIO_setPinConfig                
0     00082ad8  GPIO_setQualificationMode        
0     00082df2  HOSTclose                        
0     00082471  HOSTlseek                        
0     000829bf  HOSTopen                         
0     00082a32  HOSTread                         
0     00082907  HOSTrename                       
0     00082e8b  HOSTunlink                       
0     000829f9  HOSTwrite                        
0     0008323b  Interrupt_defaultHandler         
0     000834cf  Interrupt_illegalOperationHandler
0     00082945  Interrupt_initModule             
0     00082f96  Interrupt_initVectorTable        
0     000834d9  Interrupt_nmiHandler             
0     00082888  PGA_setOffsetTrimNMOS            
0     00082844  PGA_setOffsetTrimPMOS            
0     0008268a  PinMux_init                      
0     0008070d  RamfuncsLoadEnd                  
abs   000000cd  RamfuncsLoadSize                 
0     00080640  RamfuncsLoadStart                
0     000080cd  RamfuncsRunEnd                   
abs   000000cd  RamfuncsRunSize                  
0     00008000  RamfuncsRunStart                 
0     000827ba  SCI_clearInterruptStatus         
0     0008353b  SCI_init                         
0     000828c9  SCI_setConfig                    
0     0008353e  SPI_init                         
0     0008252f  SPI_setConfig                    
0     000080c9  SysCtl_delay                     
0     000823a7  SysCtl_getClock                  
0     00083076  SysCtl_getLowSpeedClock          
0     000819c9  SysCtl_isPLLValid                
0     0008272d  SysCtl_selectOscSource           
0     00082774  SysCtl_selectXTAL                
0     00082e42  SysCtl_selectXTALSingleEnded     
0     0008167e  SysCtl_setClock                  
0     0000a800  __CIOBUF_                        
0     00083584  __TI_CINIT_Base                  
0     0008358c  __TI_CINIT_Limit                 
0     0008358c  __TI_CINIT_Warm                  
0     0008357a  __TI_Handler_Table_Base          
0     00083580  __TI_Handler_Table_Limit         
0     00000800  __TI_STACK_END                   
abs   00000400  __TI_STACK_SIZE                  
abs   00000400  __TI_SYSMEM_SIZE                 
0     00082d1f  __TI_auto_init_nobinit_nopinit   
0     00081840  __TI_cleanup                     
0     0000aab4  __TI_cleanup_ptr                 
0     000824d2  __TI_closefile                   
0     00082c6c  __TI_decompress_lzss             
0     000834ff  __TI_decompress_none             
0     00082258  __TI_doflush                     
0     0000aab6  __TI_dtors_ptr                   
0     0000aab2  __TI_enable_exit_profile_output  
0     0000aabc  __TI_ft_end                      
0     0008167c  __TI_heap_check                  
0     0008165d  __TI_heap_largest_available      
0     0008163e  __TI_heap_total_available        
0     00082c0d  __TI_ltoa                        
abs   ffffffff  __TI_pprof_out_hndl              
0     00081261  __TI_printfi                     
abs   ffffffff  __TI_prof_data_size              
abs   ffffffff  __TI_prof_data_start             
0     00082446  __TI_rd_ok                       
0     00081f96  __TI_readmsg                     
0     0000a920  __TI_tmpnams                     
0     00081f3e  __TI_writemsg                    
0     0008240c  __TI_wrt_ok                      
0     00083471  __TI_zero_init_nomemset          
0     00081ea2  __c28xabi_addd                   
0     00083153  __c28xabi_andll                  
0     00082d75  __c28xabi_cmpd                   
0     00082fb4  __c28xabi_cmpll                  
0     00082fc6  __c28xabi_cmpull                 
0     00081fd3  __c28xabi_divd                   
0     0008205e  __c28xabi_divf                   
0     00082d9f  __c28xabi_divl                   
0     000818c2  __c28xabi_divll                  
0     00082dbc  __c28xabi_divul                  
0     00081938  __c28xabi_divull                 
0     00082f1a  __c28xabi_dtoi                   
0     00082f3b  __c28xabi_dtol                   
0     00082fd2  __c28xabi_itod                   
0     0008300c  __c28xabi_ltod                   
0     00082dae  __c28xabi_modl                   
0     000818fe  __c28xabi_modll                  
0     00082dc3  __c28xabi_modul                  
0     00081967  __c28xabi_modull                 
0     000820e6  __c28xabi_mpyd                   
0     000834f6  __c28xabi_negd                   
0     0008315b  __c28xabi_orll                   
0     00083449  __c28xabi_subd                   
0     00083163  __c28xabi_xorll                  
n/a   UNDEFED   __c_args__                       
0     00083525  __error__                        
0     00000400  __stack                          
0     0008348b  _args_main                       
0     0008320e  _c_int00                         
0     00080008  _ctypes_                         
0     0000aa42  _device                          
0     0000a9ca  _ftable                          
0     0000aab8  _lock                            
0     000834f5  _nop                             
0     000834f1  _register_lock                   
0     000834ed  _register_unlock                 
0     0000aa8a  _stream                          
0     0000a000  _sys_memory                      
0     00083544  _system_post_cinit               
0     00083541  _system_pre_init                 
0     0000aaba  _unlock                          
0     00082dc9  abort                            
0     00081590  aligned_alloc                    
0     00082bdc  atoi                             
0     00081563  calloc                           
0     00082b78  close                            
0     00080000  code_start                       
0     00082eaf  copysign                         
0     00082eaf  copysignl                        
0     0000aabd  errno                            
0     00082dcb  exit                             
0     00082516  fclose                           
0     00082287  fflush                           
0     000826dc  finddevice                       
0     0008187b  fopen                            
0     000825e5  fputc                            
0     00081dfa  fputs                            
0     00081411  free                             
0     0008185d  freopen                          
0     0008258b  frexp                            
0     0008258b  frexpl                           
0     00082982  fseek                            
0     00082982  fseeko                           
0     000826f7  getdevice                        
0     00081d51  ldexp                            
0     00081d51  ldexpl                           
0     0008316b  lseek                            
0     0008233c  main                             
0     000813e6  malloc                           
0     00081590  memalign                         
0     0008342a  memccpy                          
0     0008347e  memchr                           
0     00082fef  memcpy                           
0     0008352c  memset                           
0     0008155f  minit                            
0     00082c3d  mySCI0_init                      
0     000822cb  open                             
0     0000a9c0  parmbuf                          
0     00082b4a  printf                           
0     000825e5  putc                             
0     00082633  putchar                          
0     00081e8f  puts                             
0     000814db  realloc                          
0     000830a9  remove                           
0     00081d51  scalbn                           
0     00081d51  scalbnl                          
0     00082169  setvbuf                          
0     000833f9  spi_read_write_byte              
0     00083497  strchr                           
0     000834e3  strcmp                           
0     00083533  strcpy                           
0     0008350f  strlen                           
0     000832ba  strncpy                          
0     000830a9  unlink                           
0     00082ef7  w25qxx_erase_sector              
0     00082d4a  w25qxx_read                      
0     00082ed3  w25qxx_read_id                   
0     00083183  w25qxx_wait_busy                 
0     00082b0f  w25qxx_write                     
0     0008343a  w25qxx_write_enable              
0     000834c4  wcslen                           
0     000830c2  write                            


GLOBAL SYMBOLS: SORTED BY Symbol Address 

page  address   name                             
----  -------   ----                             
0     00000400  __stack                          
0     00000800  __TI_STACK_END                   
0     00008000  Flash_initModule                 
0     00008000  RamfuncsRunStart                 
0     000080c9  SysCtl_delay                     
0     000080cd  RamfuncsRunEnd                   
0     0000a000  _sys_memory                      
0     0000a800  __CIOBUF_                        
0     0000a920  __TI_tmpnams                     
0     0000a9c0  parmbuf                          
0     0000a9ca  _ftable                          
0     0000aa42  _device                          
0     0000aa8a  _stream                          
0     0000aab2  __TI_enable_exit_profile_output  
0     0000aab4  __TI_cleanup_ptr                 
0     0000aab6  __TI_dtors_ptr                   
0     0000aab8  _lock                            
0     0000aaba  _unlock                          
0     0000aabc  __TI_ft_end                      
0     0000aabd  errno                            
0     00080000  code_start                       
0     00080008  _ctypes_                         
0     00080640  RamfuncsLoadStart                
0     0008070d  RamfuncsLoadEnd                  
0     00081261  __TI_printfi                     
0     000813e6  malloc                           
0     00081411  free                             
0     000814db  realloc                          
0     0008155f  minit                            
0     00081563  calloc                           
0     00081590  aligned_alloc                    
0     00081590  memalign                         
0     0008163e  __TI_heap_total_available        
0     0008165d  __TI_heap_largest_available      
0     0008167c  __TI_heap_check                  
0     0008167e  SysCtl_setClock                  
0     00081840  __TI_cleanup                     
0     0008185d  freopen                          
0     0008187b  fopen                            
0     000818c2  __c28xabi_divll                  
0     000818fe  __c28xabi_modll                  
0     00081938  __c28xabi_divull                 
0     00081967  __c28xabi_modull                 
0     000819c9  SysCtl_isPLLValid                
0     00081ac7  GPIO_setAnalogMode               
0     00081bb2  Device_enableAllPeripherals      
0     00081c8a  Device_init                      
0     00081d51  ldexp                            
0     00081d51  ldexpl                           
0     00081d51  scalbn                           
0     00081d51  scalbnl                          
0     00081dfa  fputs                            
0     00081e8f  puts                             
0     00081ea2  __c28xabi_addd                   
0     00081f3e  __TI_writemsg                    
0     00081f91  C$$IO$$                          
0     00081f96  __TI_readmsg                     
0     00081fd3  __c28xabi_divd                   
0     0008205e  __c28xabi_divf                   
0     000820e6  __c28xabi_mpyd                   
0     00082169  setvbuf                          
0     00082258  __TI_doflush                     
0     00082287  fflush                           
0     000822cb  open                             
0     0008233c  main                             
0     000823a7  SysCtl_getClock                  
0     0008240c  __TI_wrt_ok                      
0     00082446  __TI_rd_ok                       
0     00082471  HOSTlseek                        
0     000824d2  __TI_closefile                   
0     00082516  fclose                           
0     0008252f  SPI_setConfig                    
0     0008258b  frexp                            
0     0008258b  frexpl                           
0     000825e5  fputc                            
0     000825e5  putc                             
0     00082633  putchar                          
0     00082638  GPIO_setPadConfig                
0     0008268a  PinMux_init                      
0     000826dc  finddevice                       
0     000826f7  getdevice                        
0     0008272d  SysCtl_selectOscSource           
0     00082774  SysCtl_selectXTAL                
0     000827ba  SCI_clearInterruptStatus         
0     00082844  PGA_setOffsetTrimPMOS            
0     00082888  PGA_setOffsetTrimNMOS            
0     000828c9  SCI_setConfig                    
0     00082907  HOSTrename                       
0     00082945  Interrupt_initModule             
0     00082982  fseek                            
0     00082982  fseeko                           
0     000829bf  HOSTopen                         
0     000829f9  HOSTwrite                        
0     00082a32  HOSTread                         
0     00082a6a  GPIO_setControllerCore           
0     00082aa1  GPIO_setPinConfig                
0     00082ad8  GPIO_setQualificationMode        
0     00082b0f  w25qxx_write                     
0     00082b4a  printf                           
0     00082b78  close                            
0     00082bab  GPIO_setDirectionMode            
0     00082bdc  atoi                             
0     00082c0d  __TI_ltoa                        
0     00082c3d  mySCI0_init                      
0     00082c6c  __TI_decompress_lzss             
0     00082c9a  FLASH_SPI_init                   
0     00082d1f  __TI_auto_init_nobinit_nopinit   
0     00082d4a  w25qxx_read                      
0     00082d75  __c28xabi_cmpd                   
0     00082d9f  __c28xabi_divl                   
0     00082dae  __c28xabi_modl                   
0     00082dbc  __c28xabi_divul                  
0     00082dc3  __c28xabi_modul                  
0     00082dc9  C$$EXIT                          
0     00082dc9  abort                            
0     00082dcb  exit                             
0     00082df2  HOSTclose                        
0     00082e42  SysCtl_selectXTALSingleEnded     
0     00082e8b  HOSTunlink                       
0     00082eaf  copysign                         
0     00082eaf  copysignl                        
0     00082ed3  w25qxx_read_id                   
0     00082ef7  w25qxx_erase_sector              
0     00082f1a  __c28xabi_dtoi                   
0     00082f3b  __c28xabi_dtol                   
0     00082f96  Interrupt_initVectorTable        
0     00082fb4  __c28xabi_cmpll                  
0     00082fc6  __c28xabi_cmpull                 
0     00082fd2  __c28xabi_itod                   
0     00082fef  memcpy                           
0     0008300c  __c28xabi_ltod                   
0     00083028  Device_initGPIO                  
0     00083076  SysCtl_getLowSpeedClock          
0     000830a9  remove                           
0     000830a9  unlink                           
0     000830c2  write                            
0     00083153  __c28xabi_andll                  
0     0008315b  __c28xabi_orll                   
0     00083163  __c28xabi_xorll                  
0     0008316b  lseek                            
0     00083183  w25qxx_wait_busy                 
0     0008320e  _c_int00                         
0     0008323b  Interrupt_defaultHandler         
0     000832ba  strncpy                          
0     0008330b  FLASH_CS_init                    
0     000833f9  spi_read_write_byte              
0     0008342a  memccpy                          
0     0008343a  w25qxx_write_enable              
0     00083449  __c28xabi_subd                   
0     00083471  __TI_zero_init_nomemset          
0     0008347e  memchr                           
0     0008348b  _args_main                       
0     00083497  strchr                           
0     000834a3  Board_init                       
0     000834c4  wcslen                           
0     000834cf  Interrupt_illegalOperationHandler
0     000834d9  Interrupt_nmiHandler             
0     000834e3  strcmp                           
0     000834ed  _register_unlock                 
0     000834f1  _register_lock                   
0     000834f5  _nop                             
0     000834f6  __c28xabi_negd                   
0     000834ff  __TI_decompress_none             
0     0008350f  strlen                           
0     00083525  __error__                        
0     0008352c  memset                           
0     00083533  strcpy                           
0     00083538  GPIO_init                        
0     0008353b  SCI_init                         
0     0008353e  SPI_init                         
0     00083541  _system_pre_init                 
0     00083543  C2000Ware_libraries_init         
0     00083544  _system_post_cinit               
0     0008357a  __TI_Handler_Table_Base          
0     00083580  __TI_Handler_Table_Limit         
0     00083584  __TI_CINIT_Base                  
0     0008358c  __TI_CINIT_Limit                 
0     0008358c  __TI_CINIT_Warm                  
abs   000000cd  RamfuncsLoadSize                 
abs   000000cd  RamfuncsRunSize                  
abs   00000400  __TI_STACK_SIZE                  
abs   00000400  __TI_SYSMEM_SIZE                 
abs   ffffffff  __TI_pprof_out_hndl              
abs   ffffffff  __TI_prof_data_size              
abs   ffffffff  __TI_prof_data_start             
n/a   UNDEFED   __c_args__                       

[186 symbols]
