******************************************************************************
             TMS320C2000 Linker PC v22.6.2                     
******************************************************************************
>> Linked Sat Jul 19 13:08:44 2025

OUTPUT FILE NAME:   <2.SYSClock.out>
ENTRY POINT SYMBOL: "code_start"  address: 00080000


MEMORY CONFIGURATION

         name            origin    length      used     unused   attr    fill
----------------------  --------  ---------  --------  --------  ----  --------
  BOOT_RSVD             00000002   00000126  00000000  00000126  RWIX
  RAMM0                 00000128   000002d8  00000000  000002d8  RWIX
  RAMM1                 00000400   00000400  00000200  00000200  RWIX
  CLATOCPURAM           00001480   00000080  00000000  00000080  RWIX
  CPUTOCLARAM           00001500   00000080  00000000  00000080  RWIX
  CLATODMARAM           00001680   00000080  00000000  00000080  RWIX
  DMATOCLARAM           00001700   00000080  00000000  00000080  RWIX
  RAMLS0                00008000   00000800  000000cd  00000733  RWIX
  RAMLS1                00008800   00000800  00000000  00000800  RWIX
  RAMLS2                00009000   00000800  00000000  00000800  RWIX
  RAMLS3                00009800   00000800  00000000  00000800  RWIX
  RAMLS4                0000a000   00000800  00000200  00000600  RWIX
  RAMLS5                0000a800   00000800  000002c1  0000053f  RWIX
  RAMLS6                0000b000   00000800  00000000  00000800  RWIX
  RAMLS7                0000b800   00000800  00000000  00000800  RWIX
  RAMGS0                0000c000   00002000  00000000  00002000  RWIX
  RAMGS1                0000e000   00002000  00000000  00002000  RWIX
  RAMGS2                00010000   00002000  00000000  00002000  RWIX
  RAMGS3                00012000   00002000  00000000  00002000  RWIX
  RAMLS8                00014000   00002000  00000000  00002000  RWIX
  RAMLS9                00016000   00002000  00000000  00002000  RWIX
  BEGIN                 00080000   00000002  00000002  00000000  RWIX
  FLASH_BANK0           00080002   0001fffe  00002f03  0001d0fb  RWIX
  FLASH_BANK1           000a0000   00020000  00000000  00020000  RWIX
  FLASH_BANK2           000c0000   00020000  00000000  00020000  RWIX
  FLASH_BANK3           000e0000   00020000  00000000  00020000  RWIX
  FLASH_BANK4           00100000   00007fff  00000000  00007fff  RWIX
  RESET                 003fffc0   00000002  00000000  00000002  RWIX


SECTION ALLOCATION MAP

 output                                  attributes/
section   page    origin      length       input sections
--------  ----  ----------  ----------   ----------------
codestart 
*          0    00080000    00000002     
                  00080000    00000002     f28p55x_codestartbranch.obj (codestart)

.cinit     0    00082ed0    00000044     
                  00082ed0    00000031     (.cinit..data.load) [load image, compression = lzss]
                  00082f01    00000001     --HOLE-- [fill = 0]
                  00082f02    00000006     (__TI_handler_table)
                  00082f08    00000004     (.cinit..bss.load) [load image, compression = zero_init]
                  00082f0c    00000008     (__TI_cinit_table)

.reset     0    003fffc0    00000000     DSECT

.stack     0    00000400    00000200     UNINITIALIZED
                  00000400    00000200     --HOLE--

.sysmem    0    0000a000    00000200     UNINITIALIZED
                  0000a000    00000004     rts2800_fpu32_eabi.lib : memory.c.obj (.sysmem)
                  0000a004    000001fc     --HOLE--

.bss       0    0000a800    000001ca     UNINITIALIZED
                  0000a800    00000120     rts2800_fpu32_eabi.lib : trgmsg.c.obj (.bss:_CIOBUF_)
                  0000a920    000000a0                            : defs.c.obj (.bss:__TI_tmpnams)
                  0000a9c0    00000008                            : hostopen.c.obj (.bss:parmbuf)
                  0000a9c8    00000002                            : memory.c.obj (.bss)

.init_array 
*          0    00080008    00000000     UNINITIALIZED

.data      0    0000a9ca    000000f7     UNINITIALIZED
                  0000a9ca    00000078     rts2800_fpu32_eabi.lib : defs.c.obj (.data:_ftable)
                  0000aa42    00000048                            : host_device.c.obj (.data:_device)
                  0000aa8a    00000028                            : host_device.c.obj (.data:_stream)
                  0000aab2    00000006                            : exit.c.obj (.data)
                  0000aab8    00000002                            : _lock.c.obj (.data:_lock)
                  0000aaba    00000002                            : _lock.c.obj (.data:_unlock)
                  0000aabc    00000001                            : defs.c.obj (.data)
                  0000aabd    00000001                            : errno.c.obj (.data)
                  0000aabe    00000001                            : fopen.c.obj (.data)
                  0000aabf    00000001                            : memory.c.obj (.data)
                  0000aac0    00000001                            : open.c.obj (.data)

.const     0    00080008    0000042a     
                  00080008    00000101     rts2800_fpu32_eabi.lib : ctype.c.obj (.const:.string:_ctypes_)
                  00080109    00000001     --HOLE-- [fill = 0]
                  0008010a    0000009b     driverlib.lib : flash.obj (.const:.string)
                  000801a5    00000001     --HOLE-- [fill = 0]
                  000801a6    0000009a                   : sysctl.obj (.const:.string)
                  00080240    00000098                   : gpio.obj (.const:.string)
                  000802d8    00000057     device.obj (.const:.string)
                  0008032f    00000001     --HOLE-- [fill = 0]
                  00080330    0000004e     empty_driverlib_main.obj (.const:.string)
                  0008037e    0000004b     driverlib.lib : pga.obj (.const:.string)
                  000803c9    00000001     --HOLE-- [fill = 0]
                  000803ca    00000026     rts2800_fpu32_eabi.lib : _printfi.c.obj (.const:.string)
                  000803f0    0000001c                            : _printfi.c.obj (.const)
                  0008040c    0000001c                            : s_scalbn.c.obj (.const)
                  00080428    00000008                            : s_frexp.c.obj (.const)
                  00080430    00000002                            : fputs.c.obj (.const:.string)

.TI.ramfunc 
*          0    00080438    000000cd     RUN ADDR = 00008000
                  00080438    00000036     driverlib.lib : flash.obj (.TI.ramfunc:Flash_initModule)
                  0008046e    00000022                   : flash.obj (.TI.ramfunc:Flash_setWaitstates)
                  00080490    00000018                   : flash.obj (.TI.ramfunc:Flash_disableCache)
                  000804a8    00000017                   : flash.obj (.TI.ramfunc:Flash_disablePrefetch)
                  000804bf    00000016                   : flash.obj (.TI.ramfunc:Flash_enableCache)
                  000804d5    00000016                   : flash.obj (.TI.ramfunc:Flash_enableECC)
                  000804eb    00000016                   : flash.obj (.TI.ramfunc:Flash_enablePrefetch)
                  00080501    00000004                   : sysctl.obj (.TI.ramfunc)

.text      0    00080508    000029c8     
                  00080508    000006c2     rts2800_fpu32_eabi.lib : _printfi.c.obj (.text)
                  00080bca    00000614                            : _printfi.c.obj (.text:__TI_printfi)
                  000811de    00000298                            : memory.c.obj (.text)
                  00081476    00000123     driverlib.lib : sysctl.obj (.text:SysCtl_setClock)
                  00081599    00000121     rts2800_fpu32_eabi.lib : fopen.c.obj (.text)
                  000816ba    00000107                            : ll_div28.asm.obj (.text)
                  000817c1    000000fe     driverlib.lib : sysctl.obj (.text:SysCtl_isPLLValid)
                  000818bf    000000eb                   : gpio.obj (.text:GPIO_setAnalogMode)
                  000819aa    000000d8     device.obj (.text:Device_enableAllPeripherals)
                  00081a82    000000c6     device.obj (.text:Device_init)
                  00081b48    000000a9     rts2800_fpu32_eabi.lib : s_scalbn.c.obj (.text)
                  00081bf1    000000a8                            : fputs.c.obj (.text)
                  00081c99    0000009c                            : fd_add28.asm.obj (.text)
                  00081d35    00000001     c2000ware_libraries.obj (.text:C2000Ware_libraries_init)
                  00081d36    00000095     rts2800_fpu32_eabi.lib : trgmsg.c.obj (.text)
                  00081dcb    0000008b                            : fd_div28.asm.obj (.text)
                  00081e56    00000088                            : fs_div28.asm.obj (.text)
                  00081ede    00000083                            : fd_mpy28.asm.obj (.text)
                  00081f61    0000007c                            : setvbuf.c.obj (.text)
                  00081fdd    00000073     driverlib.lib : sysctl.obj (.text:DCC_setCounterSeeds)
                  00082050    00000073     rts2800_fpu32_eabi.lib : fflush.c.obj (.text)
                  000820c3    00000071                            : open.c.obj (.text)
                  00082134    00000065     driverlib.lib : sysctl.obj (.text:SysCtl_getClock)
                  00082199    00000065     rts2800_fpu32_eabi.lib : _io_perm.c.obj (.text)
                  000821fe    00000061                            : hostlseek.c.obj (.text)
                  0008225f    0000005d                            : fclose.c.obj (.text)
                  000822bc    0000005a                            : s_frexp.c.obj (.text)
                  00082316    00000053                            : fputc.c.obj (.text)
                  00082369    00000052     driverlib.lib : gpio.obj (.text:GPIO_setPadConfig)
                  000823bb    00000051     rts2800_fpu32_eabi.lib : getdevice.c.obj (.text)
                  0008240c    00000047     driverlib.lib : sysctl.obj (.text:SysCtl_selectOscSource)
                  00082453    00000046                   : sysctl.obj (.text:SysCtl_selectXTAL)
                  00082499    00000045                   : sysctl.obj (.text:SysCtl_pollX1Counter)
                  000824de    00000044                   : pga.obj (.text:PGA_setOffsetTrimPMOS)
                  00082522    00000041                   : pga.obj (.text:PGA_setOffsetTrimNMOS)
                  00082563    0000003e     rts2800_fpu32_eabi.lib : hostrename.c.obj (.text)
                  000825a1    0000003d     driverlib.lib : interrupt.obj (.text:Interrupt_initModule)
                  000825de    0000003d     rts2800_fpu32_eabi.lib : fseek.c.obj (.text)
                  0008261b    0000003a                            : hostopen.c.obj (.text)
                  00082655    00000039                            : hostwrite.c.obj (.text)
                  0008268e    00000038                            : hostread.c.obj (.text)
                  000826c6    00000037     driverlib.lib : gpio.obj (.text:GPIO_setControllerCore)
                  000826fd    00000037                   : gpio.obj (.text:GPIO_setPinConfig)
                  00082734    00000037                   : gpio.obj (.text:GPIO_setQualificationMode)
                  0008276b    00000034     rts2800_fpu32_eabi.lib : printf.c.obj (.text)
                  0008279f    00000033                            : close.c.obj (.text)
                  000827d2    00000031     driverlib.lib : gpio.obj (.text:GPIO_setDirectionMode)
                  00082803    00000031     rts2800_fpu32_eabi.lib : atoi.c.obj (.text)
                  00082834    00000030                            : _ltoa.c.obj (.text)
                  00082864    0000002e                            : copy_decompress_lzss.c.obj (.text:decompress:lzss)
                  00082892    0000002c     driverlib.lib : gpio.obj (.text:GPIO_isPinValid)
                  000828be    0000002c     empty_driverlib_main.obj (.text:GPIO_isPinValid)
                  000828ea    0000002b     rts2800_fpu32_eabi.lib : autoinit.c.obj (.text:__TI_auto_init_nobinit_nopinit)
                  00082915    0000002a     empty_driverlib_main.obj (.text:main)
                  0008293f    0000002a     rts2800_fpu32_eabi.lib : fd_cmp28.asm.obj (.text)
                  00082969    0000002a                            : l_div28.asm.obj (.text)
                  00082993    00000029                            : exit.c.obj (.text)
                  000829bc    00000029                            : hostclose.c.obj (.text)
                  000829e5    00000025     driverlib.lib : sysctl.obj (.text:SysCtl_selectXTALSingleEnded)
                  00082a0a    00000024                   : sysctl.obj (.text:DCC_enableSingleShotMode)
                  00082a2e    00000024     rts2800_fpu32_eabi.lib : hostunlink.c.obj (.text)
                  00082a52    00000024                            : s_copysign.c.obj (.text)
                  00082a76    00000021                            : fd_toi28.asm.obj (.text)
                  00082a97    0000001f     empty_driverlib_main.obj (.text:GPIO_togglePin)
                  00082ab6    0000001f     rts2800_fpu32_eabi.lib : fd_tol28.asm.obj (.text)
                  00082ad5    0000001e     driverlib.lib : sysctl.obj (.text:DCC_setCounter0ClkSource)
                  00082af3    0000001e                   : sysctl.obj (.text:DCC_setCounter1ClkSource)
                  00082b11    0000001e                   : interrupt.obj (.text:Interrupt_initVectorTable)
                  00082b2f    0000001e     rts2800_fpu32_eabi.lib : ll_cmp28.asm.obj (.text)
                  00082b4d    0000001d                            : i_tofd28.asm.obj (.text)
                  00082b6a    0000001d                            : memcpy.c.obj (.text)
                  00082b87    0000001c                            : l_tofd28.asm.obj (.text)
                  00082ba3    0000001a     device.obj (.text:Device_initGPIO)
                  00082bbd    0000001a     driverlib.lib : sysctl.obj (.text:SysCtl_getLowSpeedClock)
                  00082bd7    00000019                   : sysctl.obj (.text:SysCtl_setPLLSysClk)
                  00082bf0    00000019     rts2800_fpu32_eabi.lib : unlink.c.obj (.text)
                  00082c09    00000019                            : write.c.obj (.text)
                  00082c22    00000018                            : ll_aox28.asm.obj (.text)
                  00082c3a    00000018                            : lseek.c.obj (.text)
                  00082c52    00000017     driverlib.lib : pga.obj (.text:PGA_isBaseValid)
                  00082c69    00000017     device.obj (.text:SysCtl_enablePeripheral)
                  00082c80    00000017     driverlib.lib : sysctl.obj (.text:SysCtl_enablePeripheral)
                  00082c97    00000017     rts2800_fpu32_eabi.lib : boot28.asm.obj (.text)
                  00082cae    00000016     driverlib.lib : sysctl.obj (.text:DCC_disableDoneSignal)
                  00082cc4    00000016                   : interrupt.obj (.text:Interrupt_defaultHandler)
                  00082cda    00000015                   : sysctl.obj (.text:DCC_clearDoneFlag)
                  00082cef    00000015                   : sysctl.obj (.text:DCC_clearErrorFlag)
                  00082d04    00000015                   : sysctl.obj (.text:DCC_disableErrorSignal)
                  00082d19    00000015                   : sysctl.obj (.text:DCC_isBaseValid)
                  00082d2e    00000015     device.obj (.text:GPIO_unlockPortConfig)
                  00082d43    00000015     rts2800_fpu32_eabi.lib : strncpy.c.obj (.text)
                  00082d58    00000014     driverlib.lib : sysctl.obj (.text:DCC_disableModule)
                  00082d6c    00000014                   : sysctl.obj (.text:DCC_enableModule)
                  00082d80    00000014     board.obj (.text:User_LED_init)
                  00082d94    00000011     empty_driverlib_main.obj (.text:delay_ms)
                  00082da5    00000010     driverlib.lib : flash.obj (.text:Flash_isCtrlBaseValid)
                  00082db5    00000010                   : flash.obj (.text:Flash_isECCBaseValid)
                  00082dc5    00000010     rts2800_fpu32_eabi.lib : memccpy.c.obj (.text)
                  00082dd5    0000000e                            : fd_sub28.asm.obj (.text)
                  00082de3    0000000d     driverlib.lib : interrupt.obj (.text:Interrupt_disableGlobal)
                  00082df0    0000000d     device.obj (.text:SysCtl_setLowSpeedClock)
                  00082dfd    0000000d     rts2800_fpu32_eabi.lib : copy_zero_init.c.obj (.text:decompress:ZI:__TI_zero_init_nomemset)
                  00082e0a    0000000d                            : memchr.c.obj (.text)
                  00082e17    0000000c                            : args_main.c.obj (.text)
                  00082e23    0000000c                            : strchr.c.obj (.text)
                  00082e2f    0000000b     device.obj (.text:SysCtl_disableWatchdog)
                  00082e3a    0000000b     driverlib.lib : sysctl.obj (.text:SysCtl_isMCDClockFailureDetected)
                  00082e45    0000000b     rts2800_fpu32_eabi.lib : wcslen.c.obj (.text)
                  00082e50    0000000a     driverlib.lib : interrupt.obj (.text:Interrupt_illegalOperationHandler)
                  00082e5a    0000000a                   : interrupt.obj (.text:Interrupt_nmiHandler)
                  00082e64    0000000a     board.obj (.text:PinMux_init)
                  00082e6e    0000000a     rts2800_fpu32_eabi.lib : strcmp.c.obj (.text)
                  00082e78    00000009                            : _lock.c.obj (.text)
                  00082e81    00000009                            : fd_neg28.asm.obj (.text)
                  00082e8a    00000008                            : copy_decompress_none.c.obj (.text:decompress:none)
                  00082e92    00000008     f28p55x_codestartbranch.obj (.text)
                  00082e9a    00000008     rts2800_fpu32_eabi.lib : strlen.c.obj (.text)
                  00082ea2    00000007     device.obj (.text:ASysCtl_lockVREG)
                  00082ea9    00000007     board.obj (.text:Board_init)
                  00082eb0    00000007     driverlib.lib : sysctl.obj (.text:SysCtl_resetMCD)
                  00082eb7    00000007     device.obj (.text:__error__)
                  00082ebe    00000007     rts2800_fpu32_eabi.lib : memset.c.obj (.text)
                  00082ec5    00000005                            : strcpy.c.obj (.text)
                  00082eca    00000003     board.obj (.text:GPIO_init)
                  00082ecd    00000002     rts2800_fpu32_eabi.lib : pre_init.c.obj (.text)
                  00082ecf    00000001                            : startup.c.obj (.text)

MODULE SUMMARY

       Module                        code    ro data   rw data
       ------                        ----    -------   -------
    .\
       empty_driverlib_main.obj      134     78        0      
    +--+-----------------------------+-------+---------+---------+
       Total:                        134     78        0      
                                                              
    .\device\
       device.obj                    522     87        0      
       f28p55x_codestartbranch.obj   10      0         0      
    +--+-----------------------------+-------+---------+---------+
       Total:                        532     87        0      
                                                              
    .\syscfg\
       board.obj                     40      0         0      
       c2000ware_libraries.obj       1       0         0      
    +--+-----------------------------+-------+---------+---------+
       Total:                        41      0         0      
                                                              
    E:/TI/sdk/C2000Ware_5_05_00_00/driverlib/f28p55x/driverlib/ccs/Debug/driverlib.lib
       sysctl.obj                    1350    154       0      
       gpio.obj                      575     152       0      
       flash.obj                     434     155       0      
       pga.obj                       156     75        0      
       interrupt.obj                 146     0         0      
    +--+-----------------------------+-------+---------+---------+
       Total:                        2661    536       0      
                                                              
    E:\TI\ccs\tools\compiler\ti-cgt-c2000_22.6.2.LTS\lib\rts2800_fpu32_eabi.lib
       _printfi.c.obj                3286    66        0      
       memory.c.obj                  664     0         3      
       trgmsg.c.obj                  149     0         288    
       fopen.c.obj                   289     0         1      
       defs.c.obj                    0       0         281    
       ll_div28.asm.obj              263     0         0      
       ctype.c.obj                   0       257       0      
       s_scalbn.c.obj                169     28        0      
       fputs.c.obj                   168     2         0      
       fd_add28.asm.obj              156     0         0      
       fd_div28.asm.obj              139     0         0      
       fs_div28.asm.obj              136     0         0      
       fd_mpy28.asm.obj              131     0         0      
       setvbuf.c.obj                 124     0         0      
       fflush.c.obj                  115     0         0      
       open.c.obj                    113     0         1      
       host_device.c.obj             0       0         112    
       _io_perm.c.obj                101     0         0      
       s_frexp.c.obj                 90      8         0      
       hostlseek.c.obj               97      0         0      
       fclose.c.obj                  93      0         0      
       fputc.c.obj                   83      0         0      
       getdevice.c.obj               81      0         0      
       hostopen.c.obj                58      0         8      
       hostrename.c.obj              62      0         0      
       fseek.c.obj                   61      0         0      
       hostwrite.c.obj               57      0         0      
       hostread.c.obj                56      0         0      
       printf.c.obj                  52      0         0      
       close.c.obj                   51      0         0      
       atoi.c.obj                    49      0         0      
       _ltoa.c.obj                   48      0         0      
       exit.c.obj                    41      0         6      
       copy_decompress_lzss.c.obj    46      0         0      
       autoinit.c.obj                43      0         0      
       fd_cmp28.asm.obj              42      0         0      
       l_div28.asm.obj               42      0         0      
       hostclose.c.obj               41      0         0      
       hostunlink.c.obj              36      0         0      
       s_copysign.c.obj              36      0         0      
       fd_toi28.asm.obj              33      0         0      
       fd_tol28.asm.obj              31      0         0      
       ll_cmp28.asm.obj              30      0         0      
       i_tofd28.asm.obj              29      0         0      
       memcpy.c.obj                  29      0         0      
       l_tofd28.asm.obj              28      0         0      
       unlink.c.obj                  25      0         0      
       write.c.obj                   25      0         0      
       ll_aox28.asm.obj              24      0         0      
       lseek.c.obj                   24      0         0      
       boot28.asm.obj                23      0         0      
       strncpy.c.obj                 21      0         0      
       memccpy.c.obj                 16      0         0      
       fd_sub28.asm.obj              14      0         0      
       _lock.c.obj                   9       0         4      
       copy_zero_init.c.obj          13      0         0      
       memchr.c.obj                  13      0         0      
       args_main.c.obj               12      0         0      
       strchr.c.obj                  12      0         0      
       wcslen.c.obj                  11      0         0      
       strcmp.c.obj                  10      0         0      
       fd_neg28.asm.obj              9       0         0      
       copy_decompress_none.c.obj    8       0         0      
       strlen.c.obj                  8       0         0      
       memset.c.obj                  7       0         0      
       strcpy.c.obj                  5       0         0      
       pre_init.c.obj                2       0         0      
       errno.c.obj                   0       0         1      
       startup.c.obj                 1       0         0      
    +--+-----------------------------+-------+---------+---------+
       Total:                        7740    361       705    
                                                              
       Heap:                         0       0         512    
       Stack:                        0       0         512    
       Linker Generated:             0       67        0      
    +--+-----------------------------+-------+---------+---------+
       Grand Total:                  11108   1129      1729   


LINKER GENERATED COPY TABLES

__TI_cinit_table @ 00082f0c records: 2, size/record: 4, table size: 8
	.data: load addr=00082ed0, load size=00000031 bytes, run addr=0000a9ca, run size=000000f7 bytes, compression=lzss
	.bss: load addr=00082f08, load size=00000004 bytes, run addr=0000a800, run size=000001ca bytes, compression=zero_init


LINKER GENERATED HANDLER TABLE

__TI_handler_table @ 00082f02 records: 3, size/record: 2, table size: 6
	index: 0, handler: __TI_zero_init
	index: 1, handler: __TI_decompress_lzss
	index: 2, handler: __TI_decompress_none


GLOBAL DATA SYMBOLS: SORTED BY DATA PAGE

address     data page           name
--------    ----------------    ----
00000400      10 (00000400)     __stack

0000a000     280 (0000a000)     _sys_memory

0000a800     2a0 (0000a800)     __CIOBUF_

0000a920     2a4 (0000a900)     __TI_tmpnams

0000a9c0     2a7 (0000a9c0)     parmbuf
0000a9ca     2a7 (0000a9c0)     _ftable

0000aa42     2a9 (0000aa40)     _device

0000aa8a     2aa (0000aa80)     _stream
0000aab2     2aa (0000aa80)     __TI_enable_exit_profile_output
0000aab4     2aa (0000aa80)     __TI_cleanup_ptr
0000aab6     2aa (0000aa80)     __TI_dtors_ptr
0000aab8     2aa (0000aa80)     _lock
0000aaba     2aa (0000aa80)     _unlock
0000aabc     2aa (0000aa80)     __TI_ft_end
0000aabd     2aa (0000aa80)     errno

00080008    2000 (00080000)     _ctypes_


GLOBAL SYMBOLS: SORTED ALPHABETICALLY BY Name 

page  address   name                             
----  -------   ----                             
0     00082ea9  Board_init                       
0     00082993  C$$EXIT                          
0     00081d89  C$$IO$$                          
0     00081d35  C2000Ware_libraries_init         
0     000819aa  Device_enableAllPeripherals      
0     00081a82  Device_init                      
0     00082ba3  Device_initGPIO                  
0     00008000  Flash_initModule                 
0     00082eca  GPIO_init                        
0     000818bf  GPIO_setAnalogMode               
0     000826c6  GPIO_setControllerCore           
0     000827d2  GPIO_setDirectionMode            
0     00082369  GPIO_setPadConfig                
0     000826fd  GPIO_setPinConfig                
0     00082734  GPIO_setQualificationMode        
0     000829bc  HOSTclose                        
0     000821fe  HOSTlseek                        
0     0008261b  HOSTopen                         
0     0008268e  HOSTread                         
0     00082563  HOSTrename                       
0     00082a2e  HOSTunlink                       
0     00082655  HOSTwrite                        
0     00082cc4  Interrupt_defaultHandler         
0     00082e50  Interrupt_illegalOperationHandler
0     000825a1  Interrupt_initModule             
0     00082b11  Interrupt_initVectorTable        
0     00082e5a  Interrupt_nmiHandler             
0     00082522  PGA_setOffsetTrimNMOS            
0     000824de  PGA_setOffsetTrimPMOS            
0     00082e64  PinMux_init                      
0     00080505  RamfuncsLoadEnd                  
abs   000000cd  RamfuncsLoadSize                 
0     00080438  RamfuncsLoadStart                
0     000080cd  RamfuncsRunEnd                   
abs   000000cd  RamfuncsRunSize                  
0     00008000  RamfuncsRunStart                 
0     000080c9  SysCtl_delay                     
0     00082134  SysCtl_getClock                  
0     00082bbd  SysCtl_getLowSpeedClock          
0     000817c1  SysCtl_isPLLValid                
0     0008240c  SysCtl_selectOscSource           
0     00082453  SysCtl_selectXTAL                
0     000829e5  SysCtl_selectXTALSingleEnded     
0     00081476  SysCtl_setClock                  
0     00082d80  User_LED_init                    
0     0000a800  __CIOBUF_                        
0     00082f0c  __TI_CINIT_Base                  
0     00082f14  __TI_CINIT_Limit                 
0     00082f14  __TI_CINIT_Warm                  
0     00082f02  __TI_Handler_Table_Base          
0     00082f08  __TI_Handler_Table_Limit         
0     00000600  __TI_STACK_END                   
abs   00000200  __TI_STACK_SIZE                  
abs   00000200  __TI_SYSMEM_SIZE                 
0     000828ea  __TI_auto_init_nobinit_nopinit   
0     00081638  __TI_cleanup                     
0     0000aab4  __TI_cleanup_ptr                 
0     0008225f  __TI_closefile                   
0     00082864  __TI_decompress_lzss             
0     00082e8a  __TI_decompress_none             
0     00082050  __TI_doflush                     
0     0000aab6  __TI_dtors_ptr                   
0     0000aab2  __TI_enable_exit_profile_output  
0     0000aabc  __TI_ft_end                      
0     00081474  __TI_heap_check                  
0     00081455  __TI_heap_largest_available      
0     00081436  __TI_heap_total_available        
0     00082834  __TI_ltoa                        
abs   ffffffff  __TI_pprof_out_hndl              
0     00081059  __TI_printfi                     
abs   ffffffff  __TI_prof_data_size              
abs   ffffffff  __TI_prof_data_start             
0     000821d3  __TI_rd_ok                       
0     00081d8e  __TI_readmsg                     
0     0000a920  __TI_tmpnams                     
0     00081d36  __TI_writemsg                    
0     00082199  __TI_wrt_ok                      
0     00082dfd  __TI_zero_init_nomemset          
0     00081c99  __c28xabi_addd                   
0     00082c22  __c28xabi_andll                  
0     0008293f  __c28xabi_cmpd                   
0     00082b2f  __c28xabi_cmpll                  
0     00082b41  __c28xabi_cmpull                 
0     00081dcb  __c28xabi_divd                   
0     00081e56  __c28xabi_divf                   
0     00082969  __c28xabi_divl                   
0     000816ba  __c28xabi_divll                  
0     00082986  __c28xabi_divul                  
0     00081730  __c28xabi_divull                 
0     00082a76  __c28xabi_dtoi                   
0     00082ab6  __c28xabi_dtol                   
0     00082b4d  __c28xabi_itod                   
0     00082b87  __c28xabi_ltod                   
0     00082978  __c28xabi_modl                   
0     000816f6  __c28xabi_modll                  
0     0008298d  __c28xabi_modul                  
0     0008175f  __c28xabi_modull                 
0     00081ede  __c28xabi_mpyd                   
0     00082e81  __c28xabi_negd                   
0     00082c2a  __c28xabi_orll                   
0     00082dd5  __c28xabi_subd                   
0     00082c32  __c28xabi_xorll                  
n/a   UNDEFED   __c_args__                       
0     00082eb7  __error__                        
0     00000400  __stack                          
0     00082e17  _args_main                       
0     00082c97  _c_int00                         
0     00080008  _ctypes_                         
0     0000aa42  _device                          
0     0000a9ca  _ftable                          
0     0000aab8  _lock                            
0     00082e80  _nop                             
0     00082e7c  _register_lock                   
0     00082e78  _register_unlock                 
0     0000aa8a  _stream                          
0     0000a000  _sys_memory                      
0     00082ecf  _system_post_cinit               
0     00082ecd  _system_pre_init                 
0     0000aaba  _unlock                          
0     00082993  abort                            
0     00081388  aligned_alloc                    
0     00082803  atoi                             
0     0008135b  calloc                           
0     0008279f  close                            
0     00080000  code_start                       
0     00082a52  copysign                         
0     00082a52  copysignl                        
0     00082d94  delay_ms                         
0     0000aabd  errno                            
0     00082995  exit                             
0     000822a3  fclose                           
0     0008207f  fflush                           
0     000823bb  finddevice                       
0     00081673  fopen                            
0     00082316  fputc                            
0     00081bf1  fputs                            
0     00081209  free                             
0     00081655  freopen                          
0     000822bc  frexp                            
0     000822bc  frexpl                           
0     000825de  fseek                            
0     000825de  fseeko                           
0     000823d6  getdevice                        
0     00081b48  ldexp                            
0     00081b48  ldexpl                           
0     00082c3a  lseek                            
0     00082915  main                             
0     000811de  malloc                           
0     00081388  memalign                         
0     00082dc5  memccpy                          
0     00082e0a  memchr                           
0     00082b6a  memcpy                           
0     00082ebe  memset                           
0     00081357  minit                            
0     000820c3  open                             
0     0000a9c0  parmbuf                          
0     00082771  printf                           
0     00082316  putc                             
0     00082364  putchar                          
0     00081c86  puts                             
0     000812d3  realloc                          
0     00082bf0  remove                           
0     00081b48  scalbn                           
0     00081b48  scalbnl                          
0     00081f61  setvbuf                          
0     00082e23  strchr                           
0     00082e6e  strcmp                           
0     00082ec5  strcpy                           
0     00082e9a  strlen                           
0     00082d43  strncpy                          
0     00082bf0  unlink                           
0     00082e45  wcslen                           
0     00082c09  write                            


GLOBAL SYMBOLS: SORTED BY Symbol Address 

page  address   name                             
----  -------   ----                             
0     00000400  __stack                          
0     00000600  __TI_STACK_END                   
0     00008000  Flash_initModule                 
0     00008000  RamfuncsRunStart                 
0     000080c9  SysCtl_delay                     
0     000080cd  RamfuncsRunEnd                   
0     0000a000  _sys_memory                      
0     0000a800  __CIOBUF_                        
0     0000a920  __TI_tmpnams                     
0     0000a9c0  parmbuf                          
0     0000a9ca  _ftable                          
0     0000aa42  _device                          
0     0000aa8a  _stream                          
0     0000aab2  __TI_enable_exit_profile_output  
0     0000aab4  __TI_cleanup_ptr                 
0     0000aab6  __TI_dtors_ptr                   
0     0000aab8  _lock                            
0     0000aaba  _unlock                          
0     0000aabc  __TI_ft_end                      
0     0000aabd  errno                            
0     00080000  code_start                       
0     00080008  _ctypes_                         
0     00080438  RamfuncsLoadStart                
0     00080505  RamfuncsLoadEnd                  
0     00081059  __TI_printfi                     
0     000811de  malloc                           
0     00081209  free                             
0     000812d3  realloc                          
0     00081357  minit                            
0     0008135b  calloc                           
0     00081388  aligned_alloc                    
0     00081388  memalign                         
0     00081436  __TI_heap_total_available        
0     00081455  __TI_heap_largest_available      
0     00081474  __TI_heap_check                  
0     00081476  SysCtl_setClock                  
0     00081638  __TI_cleanup                     
0     00081655  freopen                          
0     00081673  fopen                            
0     000816ba  __c28xabi_divll                  
0     000816f6  __c28xabi_modll                  
0     00081730  __c28xabi_divull                 
0     0008175f  __c28xabi_modull                 
0     000817c1  SysCtl_isPLLValid                
0     000818bf  GPIO_setAnalogMode               
0     000819aa  Device_enableAllPeripherals      
0     00081a82  Device_init                      
0     00081b48  ldexp                            
0     00081b48  ldexpl                           
0     00081b48  scalbn                           
0     00081b48  scalbnl                          
0     00081bf1  fputs                            
0     00081c86  puts                             
0     00081c99  __c28xabi_addd                   
0     00081d35  C2000Ware_libraries_init         
0     00081d36  __TI_writemsg                    
0     00081d89  C$$IO$$                          
0     00081d8e  __TI_readmsg                     
0     00081dcb  __c28xabi_divd                   
0     00081e56  __c28xabi_divf                   
0     00081ede  __c28xabi_mpyd                   
0     00081f61  setvbuf                          
0     00082050  __TI_doflush                     
0     0008207f  fflush                           
0     000820c3  open                             
0     00082134  SysCtl_getClock                  
0     00082199  __TI_wrt_ok                      
0     000821d3  __TI_rd_ok                       
0     000821fe  HOSTlseek                        
0     0008225f  __TI_closefile                   
0     000822a3  fclose                           
0     000822bc  frexp                            
0     000822bc  frexpl                           
0     00082316  fputc                            
0     00082316  putc                             
0     00082364  putchar                          
0     00082369  GPIO_setPadConfig                
0     000823bb  finddevice                       
0     000823d6  getdevice                        
0     0008240c  SysCtl_selectOscSource           
0     00082453  SysCtl_selectXTAL                
0     000824de  PGA_setOffsetTrimPMOS            
0     00082522  PGA_setOffsetTrimNMOS            
0     00082563  HOSTrename                       
0     000825a1  Interrupt_initModule             
0     000825de  fseek                            
0     000825de  fseeko                           
0     0008261b  HOSTopen                         
0     00082655  HOSTwrite                        
0     0008268e  HOSTread                         
0     000826c6  GPIO_setControllerCore           
0     000826fd  GPIO_setPinConfig                
0     00082734  GPIO_setQualificationMode        
0     00082771  printf                           
0     0008279f  close                            
0     000827d2  GPIO_setDirectionMode            
0     00082803  atoi                             
0     00082834  __TI_ltoa                        
0     00082864  __TI_decompress_lzss             
0     000828ea  __TI_auto_init_nobinit_nopinit   
0     00082915  main                             
0     0008293f  __c28xabi_cmpd                   
0     00082969  __c28xabi_divl                   
0     00082978  __c28xabi_modl                   
0     00082986  __c28xabi_divul                  
0     0008298d  __c28xabi_modul                  
0     00082993  C$$EXIT                          
0     00082993  abort                            
0     00082995  exit                             
0     000829bc  HOSTclose                        
0     000829e5  SysCtl_selectXTALSingleEnded     
0     00082a2e  HOSTunlink                       
0     00082a52  copysign                         
0     00082a52  copysignl                        
0     00082a76  __c28xabi_dtoi                   
0     00082ab6  __c28xabi_dtol                   
0     00082b11  Interrupt_initVectorTable        
0     00082b2f  __c28xabi_cmpll                  
0     00082b41  __c28xabi_cmpull                 
0     00082b4d  __c28xabi_itod                   
0     00082b6a  memcpy                           
0     00082b87  __c28xabi_ltod                   
0     00082ba3  Device_initGPIO                  
0     00082bbd  SysCtl_getLowSpeedClock          
0     00082bf0  remove                           
0     00082bf0  unlink                           
0     00082c09  write                            
0     00082c22  __c28xabi_andll                  
0     00082c2a  __c28xabi_orll                   
0     00082c32  __c28xabi_xorll                  
0     00082c3a  lseek                            
0     00082c97  _c_int00                         
0     00082cc4  Interrupt_defaultHandler         
0     00082d43  strncpy                          
0     00082d80  User_LED_init                    
0     00082d94  delay_ms                         
0     00082dc5  memccpy                          
0     00082dd5  __c28xabi_subd                   
0     00082dfd  __TI_zero_init_nomemset          
0     00082e0a  memchr                           
0     00082e17  _args_main                       
0     00082e23  strchr                           
0     00082e45  wcslen                           
0     00082e50  Interrupt_illegalOperationHandler
0     00082e5a  Interrupt_nmiHandler             
0     00082e64  PinMux_init                      
0     00082e6e  strcmp                           
0     00082e78  _register_unlock                 
0     00082e7c  _register_lock                   
0     00082e80  _nop                             
0     00082e81  __c28xabi_negd                   
0     00082e8a  __TI_decompress_none             
0     00082e9a  strlen                           
0     00082ea9  Board_init                       
0     00082eb7  __error__                        
0     00082ebe  memset                           
0     00082ec5  strcpy                           
0     00082eca  GPIO_init                        
0     00082ecd  _system_pre_init                 
0     00082ecf  _system_post_cinit               
0     00082f02  __TI_Handler_Table_Base          
0     00082f08  __TI_Handler_Table_Limit         
0     00082f0c  __TI_CINIT_Base                  
0     00082f14  __TI_CINIT_Limit                 
0     00082f14  __TI_CINIT_Warm                  
abs   000000cd  RamfuncsLoadSize                 
abs   000000cd  RamfuncsRunSize                  
abs   00000200  __TI_STACK_SIZE                  
abs   00000200  __TI_SYSMEM_SIZE                 
abs   ffffffff  __TI_pprof_out_hndl              
abs   ffffffff  __TI_prof_data_size              
abs   ffffffff  __TI_prof_data_start             
n/a   UNDEFED   __c_args__                       

[173 symbols]
