******************************************************************************
             TMS320C2000 Linker PC v22.6.2                     
******************************************************************************
>> Linked Tue Jul 29 16:05:29 2025

OUTPUT FILE NAME:   <6.ePWM.out>
ENTRY POINT SYMBOL: "code_start"  address: 00080000


MEMORY CONFIGURATION

         name            origin    length      used     unused   attr    fill
----------------------  --------  ---------  --------  --------  ----  --------
  BOOT_RSVD             00000002   00000126  00000000  00000126  RWIX
  RAMM0                 00000128   000002d8  00000000  000002d8  RWIX
  RAMM1                 00000400   00000400  00000200  00000200  RWIX
  CLATOCPURAM           00001480   00000080  00000000  00000080  RWIX
  CPUTOCLARAM           00001500   00000080  00000000  00000080  RWIX
  CLATODMARAM           00001680   00000080  00000000  00000080  RWIX
  DMATOCLARAM           00001700   00000080  00000000  00000080  RWIX
  RAMLS0                00008000   00000800  000000cd  00000733  RWIX
  RAMLS1                00008800   00000800  00000000  00000800  RWIX
  RAMLS2                00009000   00000800  00000000  00000800  RWIX
  RAMLS3                00009800   00000800  00000000  00000800  RWIX
  RAMLS4                0000a000   00000800  00000000  00000800  RWIX
  RAMLS5                0000a800   00000800  0000000c  000007f4  RWIX
  RAMLS6                0000b000   00000800  00000000  00000800  RWIX
  RAMLS7                0000b800   00000800  00000000  00000800  RWIX
  RAMGS0                0000c000   00002000  00000000  00002000  RWIX
  RAMGS1                0000e000   00002000  00000000  00002000  RWIX
  RAMGS2                00010000   00002000  00000000  00002000  RWIX
  RAMGS3                00012000   00002000  00000000  00002000  RWIX
  RAMLS8                00014000   00002000  00000000  00002000  RWIX
  RAMLS9                00016000   00002000  00000000  00002000  RWIX
  BEGIN                 00080000   00000002  00000002  00000000  RWIX
  FLASH_BANK0           00080002   0001fffe  00001360  0001ec9e  RWIX
  FLASH_BANK1           000a0000   00020000  00000000  00020000  RWIX
  FLASH_BANK2           000c0000   00020000  00000000  00020000  RWIX
  FLASH_BANK3           000e0000   00020000  00000000  00020000  RWIX
  FLASH_BANK4           00100000   00007fff  00000000  00007fff  RWIX
  RESET                 003fffc0   00000002  00000000  00000002  RWIX


SECTION ALLOCATION MAP

 output                                  attributes/
section   page    origin      length       input sections
--------  ----  ----------  ----------   ----------------
codestart 
*          0    00080000    00000002     
                  00080000    00000002     f28p55x_codestartbranch.obj (codestart)

.cinit     0    00081360    00000014     
                  00081360    0000000b     (.cinit..data.load) [load image, compression = lzss]
                  0008136b    00000001     --HOLE-- [fill = 0]
                  0008136c    00000004     (__TI_handler_table)
                  00081370    00000004     (__TI_cinit_table)

.reset     0    003fffc0    00000000     DSECT

.stack     0    00000400    00000200     UNINITIALIZED
                  00000400    00000200     --HOLE--

.init_array 
*          0    00080008    00000000     UNINITIALIZED

.data      0    0000a800    0000000c     UNINITIALIZED
                  0000a800    00000006     rts2800_fpu32_eabi.lib : exit.c.obj (.data)
                  0000a806    00000002                            : _lock.c.obj (.data:_lock)
                  0000a808    00000002                            : _lock.c.obj (.data:_unlock)
                  0000a80a    00000002     empty_driverlib_main.obj (.data)

.const     0    00080008    000002f6     
                  00080008    0000009b     driverlib.lib : flash.obj (.const:.string)
                  000800a3    00000001     --HOLE-- [fill = 0]
                  000800a4    0000009a                   : sysctl.obj (.const:.string)
                  0008013e    00000098                   : gpio.obj (.const:.string)
                  000801d6    00000057     device.obj (.const:.string)
                  0008022d    00000001     --HOLE-- [fill = 0]
                  0008022e    0000004b     driverlib.lib : pga.obj (.const:.string)
                  00080279    00000001     --HOLE-- [fill = 0]
                  0008027a    00000042     board.obj (.const:.string)
                  000802bc    00000042     empty_driverlib_main.obj (.const:.string)

.TI.ramfunc 
*          0    00080300    000000cd     RUN ADDR = 00008000
                  00080300    00000036     driverlib.lib : flash.obj (.TI.ramfunc:Flash_initModule)
                  00080336    00000022                   : flash.obj (.TI.ramfunc:Flash_setWaitstates)
                  00080358    00000018                   : flash.obj (.TI.ramfunc:Flash_disableCache)
                  00080370    00000017                   : flash.obj (.TI.ramfunc:Flash_disablePrefetch)
                  00080387    00000016                   : flash.obj (.TI.ramfunc:Flash_enableCache)
                  0008039d    00000016                   : flash.obj (.TI.ramfunc:Flash_enableECC)
                  000803b3    00000016                   : flash.obj (.TI.ramfunc:Flash_enablePrefetch)
                  000803c9    00000004                   : sysctl.obj (.TI.ramfunc)

.text      0    000803d0    00000f89     
                  000803d0    00000123     driverlib.lib : sysctl.obj (.text:SysCtl_setClock)
                  000804f3    000000fe                   : sysctl.obj (.text:SysCtl_isPLLValid)
                  000805f1    000000eb                   : gpio.obj (.text:GPIO_setAnalogMode)
                  000806dc    000000d8     device.obj (.text:Device_enableAllPeripherals)
                  000807b4    000000c7     device.obj (.text:Device_init)
                  0008087b    000000c0     board.obj (.text:EPWM_init)
                  0008093b    00000088     rts2800_fpu32_eabi.lib : fs_div28.asm.obj (.text)
                  000809c3    00000073     driverlib.lib : sysctl.obj (.text:DCC_setCounterSeeds)
                  00080a36    00000065                   : sysctl.obj (.text:SysCtl_getClock)
                  00080a9b    00000052                   : gpio.obj (.text:GPIO_setPadConfig)
                  00080aed    00000047                   : sysctl.obj (.text:SysCtl_selectOscSource)
                  00080b34    00000046                   : sysctl.obj (.text:SysCtl_selectXTAL)
                  00080b7a    00000045                   : sysctl.obj (.text:SysCtl_pollX1Counter)
                  00080bbf    00000044                   : pga.obj (.text:PGA_setOffsetTrimPMOS)
                  00080c03    00000041                   : pga.obj (.text:PGA_setOffsetTrimNMOS)
                  00080c44    00000040     board.obj (.text:EPWM_setActionQualifierAction)
                  00080c84    0000003e     board.obj (.text:EPWM_setCounterCompareShadowLoadMode)
                  00080cc2    0000003d     driverlib.lib : interrupt.obj (.text:Interrupt_initModule)
                  00080cff    0000003b     board.obj (.text:EPWM_isBaseValid)
                  00080d3a    0000003b     empty_driverlib_main.obj (.text:EPWM_isBaseValid)
                  00080d75    0000003a     board.obj (.text:EPWM_setActionQualifierShadowLoadMode)
                  00080daf    00000037     driverlib.lib : gpio.obj (.text:GPIO_setPinConfig)
                  00080de6    00000037                   : gpio.obj (.text:GPIO_setQualificationMode)
                  00080e1d    0000002e     rts2800_fpu32_eabi.lib : copy_decompress_lzss.c.obj (.text:decompress:lzss)
                  00080e4b    0000002c     driverlib.lib : gpio.obj (.text:GPIO_isPinValid)
                  00080e77    0000002b     rts2800_fpu32_eabi.lib : autoinit.c.obj (.text:__TI_auto_init_nobinit_nopinit)
                  00080ea2    00000029                            : exit.c.obj (.text)
                  00080ecb    00000025     driverlib.lib : sysctl.obj (.text:SysCtl_selectXTALSingleEnded)
                  00080ef0    00000024                   : sysctl.obj (.text:DCC_enableSingleShotMode)
                  00080f14    00000022     board.obj (.text:EPWM_setCounterCompareValue)
                  00080f36    00000022     empty_driverlib_main.obj (.text:EPWM_setCounterCompareValue)
                  00080f58    0000001f     board.obj (.text:EPWM_setFallingEdgeDelayCountShadowLoadMode)
                  00080f77    0000001f     board.obj (.text:EPWM_setRisingEdgeDelayCountShadowLoadMode)
                  00080f96    0000001e     driverlib.lib : sysctl.obj (.text:DCC_setCounter0ClkSource)
                  00080fb4    0000001e                   : sysctl.obj (.text:DCC_setCounter1ClkSource)
                  00080fd2    0000001e     board.obj (.text:EPWM_setPhaseShift)
                  00080ff0    0000001e     driverlib.lib : interrupt.obj (.text:Interrupt_initVectorTable)
                  0008100e    0000001d     rts2800_fpu32_eabi.lib : memcpy.c.obj (.text)
                  0008102b    0000001c     board.obj (.text:EPWM_setClockPrescaler)
                  00081047    0000001a     device.obj (.text:Device_initGPIO)
                  00081061    0000001a     board.obj (.text:EPWM_disableActionQualifierShadowLoadMode)
                  0008107b    0000001a     driverlib.lib : sysctl.obj (.text:SysCtl_getLowSpeedClock)
                  00081095    00000019                   : sysctl.obj (.text:SysCtl_setPLLSysClk)
                  000810ae    00000019     empty_driverlib_main.obj (.text:breathing_light)
                  000810c7    00000018     board.obj (.text:EPWM_disableFallingEdgeDelayCountShadowLoadMode)
                  000810df    00000018     board.obj (.text:EPWM_disableRisingEdgeDelayCountShadowLoadMode)
                  000810f7    00000017     driverlib.lib : pga.obj (.text:PGA_isBaseValid)
                  0008110e    00000017     device.obj (.text:SysCtl_enablePeripheral)
                  00081125    00000017     driverlib.lib : sysctl.obj (.text:SysCtl_enablePeripheral)
                  0008113c    00000017     rts2800_fpu32_eabi.lib : boot28.asm.obj (.text)
                  00081153    00000016     driverlib.lib : sysctl.obj (.text:DCC_disableDoneSignal)
                  00081169    00000016                   : interrupt.obj (.text:Interrupt_defaultHandler)
                  0008117f    00000016     empty_driverlib_main.obj (.text:main)
                  00081195    00000015     driverlib.lib : sysctl.obj (.text:DCC_clearDoneFlag)
                  000811aa    00000015                   : sysctl.obj (.text:DCC_clearErrorFlag)
                  000811bf    00000015                   : sysctl.obj (.text:DCC_disableErrorSignal)
                  000811d4    00000015                   : sysctl.obj (.text:DCC_isBaseValid)
                  000811e9    00000015     device.obj (.text:GPIO_unlockPortConfig)
                  000811fe    00000015     board.obj (.text:PinMux_init)
                  00081213    00000014     driverlib.lib : sysctl.obj (.text:DCC_disableModule)
                  00081227    00000014                   : sysctl.obj (.text:DCC_enableModule)
                  0008123b    00000014     board.obj (.text:EPWM_setTimeBaseCounterMode)
                  0008124f    00000014     board.obj (.text:EPWM_setTimeBasePeriod)
                  00081263    00000012     board.obj (.text:EPWM_setTimeBaseCounter)
                  00081275    00000012     board.obj (.text:SysCtl_setSyncOutputConfig)
                  00081287    00000011     board.obj (.text:EPWM_disablePhaseShiftLoad)
                  00081298    00000010     driverlib.lib : flash.obj (.text:Flash_isCtrlBaseValid)
                  000812a8    00000010                   : flash.obj (.text:Flash_isECCBaseValid)
                  000812b8    0000000d                   : interrupt.obj (.text:Interrupt_disableGlobal)
                  000812c5    0000000d     device.obj (.text:SysCtl_setLowSpeedClock)
                  000812d2    0000000c     board.obj (.text:SysCtl_enableExtADCSOCSource)
                  000812de    0000000c     rts2800_fpu32_eabi.lib : args_main.c.obj (.text)
                  000812ea    0000000b     device.obj (.text:SysCtl_disableWatchdog)
                  000812f5    0000000b     driverlib.lib : sysctl.obj (.text:SysCtl_isMCDClockFailureDetected)
                  00081300    0000000a                   : interrupt.obj (.text:Interrupt_illegalOperationHandler)
                  0008130a    0000000a                   : interrupt.obj (.text:Interrupt_nmiHandler)
                  00081314    0000000a     board.obj (.text:SYNC_init)
                  0008131e    00000009     board.obj (.text:Board_init)
                  00081327    00000009     rts2800_fpu32_eabi.lib : _lock.c.obj (.text)
                  00081330    00000008                            : copy_decompress_none.c.obj (.text:decompress:none)
                  00081338    00000008     f28p55x_codestartbranch.obj (.text)
                  00081340    00000007     device.obj (.text:ASysCtl_lockVREG)
                  00081347    00000007     driverlib.lib : sysctl.obj (.text:SysCtl_resetMCD)
                  0008134e    00000007     device.obj (.text:__error__)
                  00081355    00000002     rts2800_fpu32_eabi.lib : pre_init.c.obj (.text)
                  00081357    00000001     c2000ware_libraries.obj (.text:C2000Ware_libraries_init)
                  00081358    00000001     rts2800_fpu32_eabi.lib : startup.c.obj (.text)

MODULE SUMMARY

       Module                        code   ro data   rw data
       ------                        ----   -------   -------
    .\
       empty_driverlib_main.obj      140    66        2      
    +--+-----------------------------+------+---------+---------+
       Total:                        140    66        2      
                                                             
    .\device\
       device.obj                    523    87        0      
       f28p55x_codestartbranch.obj   10     0         0      
    +--+-----------------------------+------+---------+---------+
       Total:                        533    87        0      
                                                             
    .\syscfg\
       board.obj                     808    66        0      
       c2000ware_libraries.obj       1      0         0      
    +--+-----------------------------+------+---------+---------+
       Total:                        809    66        0      
                                                             
    E:/TI/sdk/C2000Ware_5_05_00_00/driverlib/f28p55x/driverlib/ccs/Debug/driverlib.lib
       sysctl.obj                    1350   154       0      
       gpio.obj                      471    152       0      
       flash.obj                     434    155       0      
       pga.obj                       156    75        0      
       interrupt.obj                 146    0         0      
    +--+-----------------------------+------+---------+---------+
       Total:                        2557   536       0      
                                                             
    E:\TI\ccs\tools\compiler\ti-cgt-c2000_22.6.2.LTS\lib\rts2800_fpu32_eabi.lib
       fs_div28.asm.obj              136    0         0      
       exit.c.obj                    41     0         6      
       copy_decompress_lzss.c.obj    46     0         0      
       autoinit.c.obj                43     0         0      
       memcpy.c.obj                  29     0         0      
       boot28.asm.obj                23     0         0      
       _lock.c.obj                   9      0         4      
       args_main.c.obj               12     0         0      
       copy_decompress_none.c.obj    8      0         0      
       pre_init.c.obj                2      0         0      
       startup.c.obj                 1      0         0      
    +--+-----------------------------+------+---------+---------+
       Total:                        350    0         10     
                                                             
       Stack:                        0      0         512    
       Linker Generated:             0      19        0      
    +--+-----------------------------+------+---------+---------+
       Grand Total:                  4389   774       524    


LINKER GENERATED COPY TABLES

__TI_cinit_table @ 00081370 records: 1, size/record: 4, table size: 4
	.data: load addr=00081360, load size=0000000b bytes, run addr=0000a800, run size=0000000c bytes, compression=lzss


LINKER GENERATED HANDLER TABLE

__TI_handler_table @ 0008136c records: 2, size/record: 2, table size: 4
	index: 0, handler: __TI_decompress_lzss
	index: 1, handler: __TI_decompress_none


GLOBAL DATA SYMBOLS: SORTED BY DATA PAGE

address     data page           name
--------    ----------------    ----
00000400      10 (00000400)     __stack

0000a800     2a0 (0000a800)     __TI_enable_exit_profile_output
0000a802     2a0 (0000a800)     __TI_cleanup_ptr
0000a804     2a0 (0000a800)     __TI_dtors_ptr
0000a806     2a0 (0000a800)     _lock
0000a808     2a0 (0000a800)     _unlock
0000a80a     2a0 (0000a800)     light_duty
0000a80b     2a0 (0000a800)     dir


GLOBAL SYMBOLS: SORTED ALPHABETICALLY BY Name 

page  address   name                             
----  -------   ----                             
0     0008131e  Board_init                       
0     00080ea2  C$$EXIT                          
0     00081357  C2000Ware_libraries_init         
0     000806dc  Device_enableAllPeripherals      
0     000807b4  Device_init                      
0     00081047  Device_initGPIO                  
0     0008087b  EPWM_init                        
0     00008000  Flash_initModule                 
0     000805f1  GPIO_setAnalogMode               
0     00080a9b  GPIO_setPadConfig                
0     00080daf  GPIO_setPinConfig                
0     00080de6  GPIO_setQualificationMode        
0     00081169  Interrupt_defaultHandler         
0     00081300  Interrupt_illegalOperationHandler
0     00080cc2  Interrupt_initModule             
0     00080ff0  Interrupt_initVectorTable        
0     0008130a  Interrupt_nmiHandler             
0     00080c03  PGA_setOffsetTrimNMOS            
0     00080bbf  PGA_setOffsetTrimPMOS            
0     000811fe  PinMux_init                      
0     000803cd  RamfuncsLoadEnd                  
abs   000000cd  RamfuncsLoadSize                 
0     00080300  RamfuncsLoadStart                
0     000080cd  RamfuncsRunEnd                   
abs   000000cd  RamfuncsRunSize                  
0     00008000  RamfuncsRunStart                 
0     00081314  SYNC_init                        
0     000080c9  SysCtl_delay                     
0     00080a36  SysCtl_getClock                  
0     0008107b  SysCtl_getLowSpeedClock          
0     000804f3  SysCtl_isPLLValid                
0     00080aed  SysCtl_selectOscSource           
0     00080b34  SysCtl_selectXTAL                
0     00080ecb  SysCtl_selectXTALSingleEnded     
0     000803d0  SysCtl_setClock                  
0     00081370  __TI_CINIT_Base                  
0     00081374  __TI_CINIT_Limit                 
0     00081374  __TI_CINIT_Warm                  
0     0008136c  __TI_Handler_Table_Base          
0     00081370  __TI_Handler_Table_Limit         
0     00000600  __TI_STACK_END                   
abs   00000200  __TI_STACK_SIZE                  
0     00080e77  __TI_auto_init_nobinit_nopinit   
0     0000a802  __TI_cleanup_ptr                 
0     00080e1d  __TI_decompress_lzss             
0     00081330  __TI_decompress_none             
0     0000a804  __TI_dtors_ptr                   
0     0000a800  __TI_enable_exit_profile_output  
abs   ffffffff  __TI_pprof_out_hndl              
abs   ffffffff  __TI_prof_data_size              
abs   ffffffff  __TI_prof_data_start             
0     0008093b  __c28xabi_divf                   
n/a   UNDEFED   __c_args__                       
0     0008134e  __error__                        
0     00000400  __stack                          
0     000812de  _args_main                       
0     0008113c  _c_int00                         
0     0000a806  _lock                            
0     0008132f  _nop                             
0     0008132b  _register_lock                   
0     00081327  _register_unlock                 
0     00081358  _system_post_cinit               
0     00081355  _system_pre_init                 
0     0000a808  _unlock                          
0     00080ea2  abort                            
0     000810ae  breathing_light                  
0     00080000  code_start                       
0     0000a80b  dir                              
0     00080ea4  exit                             
0     0000a80a  light_duty                       
0     0008117f  main                             
0     0008100e  memcpy                           


GLOBAL SYMBOLS: SORTED BY Symbol Address 

page  address   name                             
----  -------   ----                             
0     00000400  __stack                          
0     00000600  __TI_STACK_END                   
0     00008000  Flash_initModule                 
0     00008000  RamfuncsRunStart                 
0     000080c9  SysCtl_delay                     
0     000080cd  RamfuncsRunEnd                   
0     0000a800  __TI_enable_exit_profile_output  
0     0000a802  __TI_cleanup_ptr                 
0     0000a804  __TI_dtors_ptr                   
0     0000a806  _lock                            
0     0000a808  _unlock                          
0     0000a80a  light_duty                       
0     0000a80b  dir                              
0     00080000  code_start                       
0     00080300  RamfuncsLoadStart                
0     000803cd  RamfuncsLoadEnd                  
0     000803d0  SysCtl_setClock                  
0     000804f3  SysCtl_isPLLValid                
0     000805f1  GPIO_setAnalogMode               
0     000806dc  Device_enableAllPeripherals      
0     000807b4  Device_init                      
0     0008087b  EPWM_init                        
0     0008093b  __c28xabi_divf                   
0     00080a36  SysCtl_getClock                  
0     00080a9b  GPIO_setPadConfig                
0     00080aed  SysCtl_selectOscSource           
0     00080b34  SysCtl_selectXTAL                
0     00080bbf  PGA_setOffsetTrimPMOS            
0     00080c03  PGA_setOffsetTrimNMOS            
0     00080cc2  Interrupt_initModule             
0     00080daf  GPIO_setPinConfig                
0     00080de6  GPIO_setQualificationMode        
0     00080e1d  __TI_decompress_lzss             
0     00080e77  __TI_auto_init_nobinit_nopinit   
0     00080ea2  C$$EXIT                          
0     00080ea2  abort                            
0     00080ea4  exit                             
0     00080ecb  SysCtl_selectXTALSingleEnded     
0     00080ff0  Interrupt_initVectorTable        
0     0008100e  memcpy                           
0     00081047  Device_initGPIO                  
0     0008107b  SysCtl_getLowSpeedClock          
0     000810ae  breathing_light                  
0     0008113c  _c_int00                         
0     00081169  Interrupt_defaultHandler         
0     0008117f  main                             
0     000811fe  PinMux_init                      
0     000812de  _args_main                       
0     00081300  Interrupt_illegalOperationHandler
0     0008130a  Interrupt_nmiHandler             
0     00081314  SYNC_init                        
0     0008131e  Board_init                       
0     00081327  _register_unlock                 
0     0008132b  _register_lock                   
0     0008132f  _nop                             
0     00081330  __TI_decompress_none             
0     0008134e  __error__                        
0     00081355  _system_pre_init                 
0     00081357  C2000Ware_libraries_init         
0     00081358  _system_post_cinit               
0     0008136c  __TI_Handler_Table_Base          
0     00081370  __TI_CINIT_Base                  
0     00081370  __TI_Handler_Table_Limit         
0     00081374  __TI_CINIT_Limit                 
0     00081374  __TI_CINIT_Warm                  
abs   000000cd  RamfuncsLoadSize                 
abs   000000cd  RamfuncsRunSize                  
abs   00000200  __TI_STACK_SIZE                  
abs   ffffffff  __TI_pprof_out_hndl              
abs   ffffffff  __TI_prof_data_size              
abs   ffffffff  __TI_prof_data_start             
n/a   UNDEFED   __c_args__                       

[72 symbols]
