******************************************************************************
             TMS320C2000 Linker PC v22.6.2                     
******************************************************************************
>> Linked Mon Aug  4 16:27:44 2025

OUTPUT FILE NAME:   <1.AIO.out>
ENTRY POINT SYMBOL: "code_start"  address: 00080000


MEMORY CONFIGURATION

         name            origin    length      used     unused   attr    fill
----------------------  --------  ---------  --------  --------  ----  --------
  BOOT_RSVD             00000002   00000126  00000000  00000126  RWIX
  RAMM0                 00000128   000002d8  00000000  000002d8  RWIX
  RAMM1                 00000400   00000400  00000400  00000000  RWIX
  CLATOCPURAM           00001480   00000080  00000000  00000080  RWIX
  CPUTOCLARAM           00001500   00000080  00000000  00000080  RWIX
  CLATODMARAM           00001680   00000080  00000000  00000080  RWIX
  DMATOCLARAM           00001700   00000080  00000000  00000080  RWIX
  RAMLS0                00008000   00000800  000000cd  00000733  RWIX
  RAMLS1                00008800   00000800  00000000  00000800  RWIX
  RAMLS2                00009000   00000800  00000000  00000800  RWIX
  RAMLS3                00009800   00000800  00000000  00000800  RWIX
  RAMLS4                0000a000   00000800  00000000  00000800  RWIX
  RAMLS5                0000a800   00000800  0000000a  000007f6  RWIX
  RAMLS6                0000b000   00000800  00000000  00000800  RWIX
  RAMLS7                0000b800   00000800  00000000  00000800  RWIX
  RAMGS0                0000c000   00002000  00000000  00002000  RWIX
  RAMGS1                0000e000   00002000  00000000  00002000  RWIX
  RAMGS2                00010000   00002000  00000000  00002000  RWIX
  RAMGS3                00012000   00002000  00000000  00002000  RWIX
  RAMLS8                00014000   00002000  00000000  00002000  RWIX
  RAMLS9                00016000   00002000  00000000  00002000  RWIX
  BEGIN                 00080000   00000002  00000002  00000000  RWIX
  FLASH_BANK0           00080002   0001fffe  00001155  0001eea9  RWIX
  FLASH_BANK1           000a0000   00020000  00000000  00020000  RWIX
  FLASH_BANK2           000c0000   00020000  00000000  00020000  RWIX
  FLASH_BANK3           000e0000   00020000  00000000  00020000  RWIX
  FLASH_BANK4           00100000   00007fff  00000000  00007fff  RWIX
  RESET                 003fffc0   00000002  00000000  00000002  RWIX


SECTION ALLOCATION MAP

 output                                  attributes/
section   page    origin      length       input sections
--------  ----  ----------  ----------   ----------------
codestart 
*          0    00080000    00000002     
                  00080000    00000002     f28p55x_codestartbranch.obj (codestart)

.cinit     0    00081150    00000012     
                  00081150    00000009     (.cinit..data.load) [load image, compression = lzss]
                  00081159    00000001     --HOLE-- [fill = 0]
                  0008115a    00000004     (__TI_handler_table)
                  0008115e    00000004     (__TI_cinit_table)

.reset     0    003fffc0    00000000     DSECT

.stack     0    00000400    00000400     UNINITIALIZED
                  00000400    00000400     --HOLE--

.init_array 
*          0    00080008    00000000     UNINITIALIZED

.data      0    0000a800    0000000a     UNINITIALIZED
                  0000a800    00000006     rts2800_fpu32_eabi.lib : exit.c.obj (.data)
                  0000a806    00000002                            : _lock.c.obj (.data:_lock)
                  0000a808    00000002                            : _lock.c.obj (.data:_unlock)

.const     0    00080008    000002f6     
                  00080008    0000009b     driverlib.lib : flash.obj (.const:.string)
                  000800a3    00000001     --HOLE-- [fill = 0]
                  000800a4    0000009a                   : sysctl.obj (.const:.string)
                  0008013e    00000098                   : gpio.obj (.const:.string)
                  000801d6    00000057     device.obj (.const:.string)
                  0008022d    00000001     --HOLE-- [fill = 0]
                  0008022e    0000004b     driverlib.lib : pga.obj (.const:.string)
                  00080279    00000001     --HOLE-- [fill = 0]
                  0008027a    00000042     board.obj (.const:.string)
                  000802bc    00000042     empty_driverlib_main.obj (.const:.string)

.TI.ramfunc 
*          0    00080300    000000cd     RUN ADDR = 00008000
                  00080300    00000036     driverlib.lib : flash.obj (.TI.ramfunc:Flash_initModule)
                  00080336    00000022                   : flash.obj (.TI.ramfunc:Flash_setWaitstates)
                  00080358    00000018                   : flash.obj (.TI.ramfunc:Flash_disableCache)
                  00080370    00000017                   : flash.obj (.TI.ramfunc:Flash_disablePrefetch)
                  00080387    00000016                   : flash.obj (.TI.ramfunc:Flash_enableCache)
                  0008039d    00000016                   : flash.obj (.TI.ramfunc:Flash_enableECC)
                  000803b3    00000016                   : flash.obj (.TI.ramfunc:Flash_enablePrefetch)
                  000803c9    00000004                   : sysctl.obj (.TI.ramfunc)

.text      0    000803d0    00000d80     
                  000803d0    00000123     driverlib.lib : sysctl.obj (.text:SysCtl_setClock)
                  000804f3    000000fe                   : sysctl.obj (.text:SysCtl_isPLLValid)
                  000805f1    000000eb                   : gpio.obj (.text:GPIO_setAnalogMode)
                  000806dc    000000d8     device.obj (.text:Device_enableAllPeripherals)
                  000807b4    000000c7     device.obj (.text:Device_init)
                  0008087b    00000088     rts2800_fpu32_eabi.lib : fs_div28.asm.obj (.text)
                  00080903    00000073     driverlib.lib : sysctl.obj (.text:DCC_setCounterSeeds)
                  00080976    00000065                   : sysctl.obj (.text:SysCtl_getClock)
                  000809db    00000052                   : gpio.obj (.text:GPIO_setPadConfig)
                  00080a2d    00000047                   : sysctl.obj (.text:SysCtl_selectOscSource)
                  00080a74    00000046                   : sysctl.obj (.text:SysCtl_selectXTAL)
                  00080aba    00000045                   : sysctl.obj (.text:SysCtl_pollX1Counter)
                  00080aff    00000044                   : pga.obj (.text:PGA_setOffsetTrimPMOS)
                  00080b43    00000041                   : pga.obj (.text:PGA_setOffsetTrimNMOS)
                  00080b84    0000003d                   : interrupt.obj (.text:Interrupt_initModule)
                  00080bc1    00000037                   : gpio.obj (.text:GPIO_setControllerCore)
                  00080bf8    00000037                   : gpio.obj (.text:GPIO_setPinConfig)
                  00080c2f    00000037                   : gpio.obj (.text:GPIO_setQualificationMode)
                  00080c66    00000031                   : gpio.obj (.text:GPIO_setDirectionMode)
                  00080c97    0000002e     rts2800_fpu32_eabi.lib : copy_decompress_lzss.c.obj (.text:decompress:lzss)
                  00080cc5    0000002c     board.obj (.text:GPIO_isPinValid)
                  00080cf1    0000002c     driverlib.lib : gpio.obj (.text:GPIO_isPinValid)
                  00080d1d    0000002c     empty_driverlib_main.obj (.text:GPIO_isPinValid)
                  00080d49    0000002b     rts2800_fpu32_eabi.lib : autoinit.c.obj (.text:__TI_auto_init_nobinit_nopinit)
                  00080d74    00000029                            : exit.c.obj (.text)
                  00080d9d    00000028     empty_driverlib_main.obj (.text:main)
                  00080dc5    00000027     board.obj (.text:GPIO_writePin)
                  00080dec    00000027     empty_driverlib_main.obj (.text:GPIO_writePin)
                  00080e13    00000025     driverlib.lib : sysctl.obj (.text:SysCtl_selectXTALSingleEnded)
                  00080e38    00000024                   : sysctl.obj (.text:DCC_enableSingleShotMode)
                  00080e5c    00000023     empty_driverlib_main.obj (.text:GPIO_readPin)
                  00080e7f    0000001e     driverlib.lib : sysctl.obj (.text:DCC_setCounter0ClkSource)
                  00080e9d    0000001e                   : sysctl.obj (.text:DCC_setCounter1ClkSource)
                  00080ebb    0000001e                   : interrupt.obj (.text:Interrupt_initVectorTable)
                  00080ed9    0000001d     rts2800_fpu32_eabi.lib : memcpy.c.obj (.text)
                  00080ef6    0000001a     device.obj (.text:Device_initGPIO)
                  00080f10    0000001a     driverlib.lib : sysctl.obj (.text:SysCtl_getLowSpeedClock)
                  00080f2a    00000019     board.obj (.text:LED_init)
                  00080f43    00000019     driverlib.lib : sysctl.obj (.text:SysCtl_setPLLSysClk)
                  00080f5c    00000018     board.obj (.text:myAIO0_init)
                  00080f74    00000017     driverlib.lib : pga.obj (.text:PGA_isBaseValid)
                  00080f8b    00000017     device.obj (.text:SysCtl_enablePeripheral)
                  00080fa2    00000017     driverlib.lib : sysctl.obj (.text:SysCtl_enablePeripheral)
                  00080fb9    00000017     rts2800_fpu32_eabi.lib : boot28.asm.obj (.text)
                  00080fd0    00000016     driverlib.lib : sysctl.obj (.text:DCC_disableDoneSignal)
                  00080fe6    00000016                   : interrupt.obj (.text:Interrupt_defaultHandler)
                  00080ffc    00000015                   : sysctl.obj (.text:DCC_clearDoneFlag)
                  00081011    00000015                   : sysctl.obj (.text:DCC_clearErrorFlag)
                  00081026    00000015                   : sysctl.obj (.text:DCC_disableErrorSignal)
                  0008103b    00000015                   : sysctl.obj (.text:DCC_isBaseValid)
                  00081050    00000015     device.obj (.text:GPIO_unlockPortConfig)
                  00081065    00000014     driverlib.lib : sysctl.obj (.text:DCC_disableModule)
                  00081079    00000014                   : sysctl.obj (.text:DCC_enableModule)
                  0008108d    00000012     board.obj (.text:PinMux_init)
                  0008109f    00000010     driverlib.lib : flash.obj (.text:Flash_isCtrlBaseValid)
                  000810af    00000010                   : flash.obj (.text:Flash_isECCBaseValid)
                  000810bf    0000000d                   : interrupt.obj (.text:Interrupt_disableGlobal)
                  000810cc    0000000d     device.obj (.text:SysCtl_setLowSpeedClock)
                  000810d9    0000000c     rts2800_fpu32_eabi.lib : args_main.c.obj (.text)
                  000810e5    0000000b     device.obj (.text:SysCtl_disableWatchdog)
                  000810f0    0000000b     driverlib.lib : sysctl.obj (.text:SysCtl_isMCDClockFailureDetected)
                  000810fb    0000000a                   : interrupt.obj (.text:Interrupt_illegalOperationHandler)
                  00081105    0000000a                   : interrupt.obj (.text:Interrupt_nmiHandler)
                  0008110f    00000009     board.obj (.text:Board_init)
                  00081118    00000009     rts2800_fpu32_eabi.lib : _lock.c.obj (.text)
                  00081121    00000008                            : copy_decompress_none.c.obj (.text:decompress:none)
                  00081129    00000008     f28p55x_codestartbranch.obj (.text)
                  00081131    00000007     device.obj (.text:ASysCtl_lockVREG)
                  00081138    00000007     driverlib.lib : sysctl.obj (.text:SysCtl_resetMCD)
                  0008113f    00000007     device.obj (.text:__error__)
                  00081146    00000003     board.obj (.text:AIO_init)
                  00081149    00000003     board.obj (.text:GPIO_init)
                  0008114c    00000002     rts2800_fpu32_eabi.lib : pre_init.c.obj (.text)
                  0008114e    00000001     c2000ware_libraries.obj (.text:C2000Ware_libraries_init)
                  0008114f    00000001     rts2800_fpu32_eabi.lib : startup.c.obj (.text)

MODULE SUMMARY

       Module                        code   ro data   rw data
       ------                        ----   -------   -------
    .\
       empty_driverlib_main.obj      158    66        0      
    +--+-----------------------------+------+---------+---------+
       Total:                        158    66        0      
                                                             
    .\device\
       device.obj                    523    87        0      
       f28p55x_codestartbranch.obj   10     0         0      
    +--+-----------------------------+------+---------+---------+
       Total:                        533    87        0      
                                                             
    .\syscfg\
       board.obj                     165    66        0      
       c2000ware_libraries.obj       1      0         0      
    +--+-----------------------------+------+---------+---------+
       Total:                        166    66        0      
                                                             
    E:/TI/sdk/C2000Ware_5_05_00_00/driverlib/f28p55x/driverlib/ccs/Debug/driverlib.lib
       sysctl.obj                    1350   154       0      
       gpio.obj                      575    152       0      
       flash.obj                     434    155       0      
       pga.obj                       156    75        0      
       interrupt.obj                 146    0         0      
    +--+-----------------------------+------+---------+---------+
       Total:                        2661   536       0      
                                                             
    E:\TI\ccs\tools\compiler\ti-cgt-c2000_22.6.2.LTS\lib\rts2800_fpu32_eabi.lib
       fs_div28.asm.obj              136    0         0      
       exit.c.obj                    41     0         6      
       copy_decompress_lzss.c.obj    46     0         0      
       autoinit.c.obj                43     0         0      
       memcpy.c.obj                  29     0         0      
       boot28.asm.obj                23     0         0      
       _lock.c.obj                   9      0         4      
       args_main.c.obj               12     0         0      
       copy_decompress_none.c.obj    8      0         0      
       pre_init.c.obj                2      0         0      
       startup.c.obj                 1      0         0      
    +--+-----------------------------+------+---------+---------+
       Total:                        350    0         10     
                                                             
       Stack:                        0      0         1024   
       Linker Generated:             0      17        0      
    +--+-----------------------------+------+---------+---------+
       Grand Total:                  3868   772       1034   


LINKER GENERATED COPY TABLES

__TI_cinit_table @ 0008115e records: 1, size/record: 4, table size: 4
	.data: load addr=00081150, load size=00000009 bytes, run addr=0000a800, run size=0000000a bytes, compression=lzss


LINKER GENERATED HANDLER TABLE

__TI_handler_table @ 0008115a records: 2, size/record: 2, table size: 4
	index: 0, handler: __TI_decompress_lzss
	index: 1, handler: __TI_decompress_none


GLOBAL DATA SYMBOLS: SORTED BY DATA PAGE

address     data page           name
--------    ----------------    ----
00000400      10 (00000400)     __stack

0000a800     2a0 (0000a800)     __TI_enable_exit_profile_output
0000a802     2a0 (0000a800)     __TI_cleanup_ptr
0000a804     2a0 (0000a800)     __TI_dtors_ptr
0000a806     2a0 (0000a800)     _lock
0000a808     2a0 (0000a800)     _unlock


GLOBAL SYMBOLS: SORTED ALPHABETICALLY BY Name 

page  address   name                             
----  -------   ----                             
0     00081146  AIO_init                         
0     0008110f  Board_init                       
0     00080d74  C$$EXIT                          
0     0008114e  C2000Ware_libraries_init         
0     000806dc  Device_enableAllPeripherals      
0     000807b4  Device_init                      
0     00080ef6  Device_initGPIO                  
0     00008000  Flash_initModule                 
0     00081149  GPIO_init                        
0     000805f1  GPIO_setAnalogMode               
0     00080bc1  GPIO_setControllerCore           
0     00080c66  GPIO_setDirectionMode            
0     000809db  GPIO_setPadConfig                
0     00080bf8  GPIO_setPinConfig                
0     00080c2f  GPIO_setQualificationMode        
0     00080fe6  Interrupt_defaultHandler         
0     000810fb  Interrupt_illegalOperationHandler
0     00080b84  Interrupt_initModule             
0     00080ebb  Interrupt_initVectorTable        
0     00081105  Interrupt_nmiHandler             
0     00080f2a  LED_init                         
0     00080b43  PGA_setOffsetTrimNMOS            
0     00080aff  PGA_setOffsetTrimPMOS            
0     0008108d  PinMux_init                      
0     000803cd  RamfuncsLoadEnd                  
abs   000000cd  RamfuncsLoadSize                 
0     00080300  RamfuncsLoadStart                
0     000080cd  RamfuncsRunEnd                   
abs   000000cd  RamfuncsRunSize                  
0     00008000  RamfuncsRunStart                 
0     000080c9  SysCtl_delay                     
0     00080976  SysCtl_getClock                  
0     00080f10  SysCtl_getLowSpeedClock          
0     000804f3  SysCtl_isPLLValid                
0     00080a2d  SysCtl_selectOscSource           
0     00080a74  SysCtl_selectXTAL                
0     00080e13  SysCtl_selectXTALSingleEnded     
0     000803d0  SysCtl_setClock                  
0     0008115e  __TI_CINIT_Base                  
0     00081162  __TI_CINIT_Limit                 
0     00081162  __TI_CINIT_Warm                  
0     0008115a  __TI_Handler_Table_Base          
0     0008115e  __TI_Handler_Table_Limit         
0     00000800  __TI_STACK_END                   
abs   00000400  __TI_STACK_SIZE                  
0     00080d49  __TI_auto_init_nobinit_nopinit   
0     0000a802  __TI_cleanup_ptr                 
0     00080c97  __TI_decompress_lzss             
0     00081121  __TI_decompress_none             
0     0000a804  __TI_dtors_ptr                   
0     0000a800  __TI_enable_exit_profile_output  
abs   ffffffff  __TI_pprof_out_hndl              
abs   ffffffff  __TI_prof_data_size              
abs   ffffffff  __TI_prof_data_start             
0     0008087b  __c28xabi_divf                   
n/a   UNDEFED   __c_args__                       
0     0008113f  __error__                        
0     00000400  __stack                          
0     000810d9  _args_main                       
0     00080fb9  _c_int00                         
0     0000a806  _lock                            
0     00081120  _nop                             
0     0008111c  _register_lock                   
0     00081118  _register_unlock                 
0     0008114f  _system_post_cinit               
0     0008114c  _system_pre_init                 
0     0000a808  _unlock                          
0     00080d74  abort                            
0     00080000  code_start                       
0     00080d76  exit                             
0     00080d9d  main                             
0     00080ed9  memcpy                           
0     00080f5c  myAIO0_init                      


GLOBAL SYMBOLS: SORTED BY Symbol Address 

page  address   name                             
----  -------   ----                             
0     00000400  __stack                          
0     00000800  __TI_STACK_END                   
0     00008000  Flash_initModule                 
0     00008000  RamfuncsRunStart                 
0     000080c9  SysCtl_delay                     
0     000080cd  RamfuncsRunEnd                   
0     0000a800  __TI_enable_exit_profile_output  
0     0000a802  __TI_cleanup_ptr                 
0     0000a804  __TI_dtors_ptr                   
0     0000a806  _lock                            
0     0000a808  _unlock                          
0     00080000  code_start                       
0     00080300  RamfuncsLoadStart                
0     000803cd  RamfuncsLoadEnd                  
0     000803d0  SysCtl_setClock                  
0     000804f3  SysCtl_isPLLValid                
0     000805f1  GPIO_setAnalogMode               
0     000806dc  Device_enableAllPeripherals      
0     000807b4  Device_init                      
0     0008087b  __c28xabi_divf                   
0     00080976  SysCtl_getClock                  
0     000809db  GPIO_setPadConfig                
0     00080a2d  SysCtl_selectOscSource           
0     00080a74  SysCtl_selectXTAL                
0     00080aff  PGA_setOffsetTrimPMOS            
0     00080b43  PGA_setOffsetTrimNMOS            
0     00080b84  Interrupt_initModule             
0     00080bc1  GPIO_setControllerCore           
0     00080bf8  GPIO_setPinConfig                
0     00080c2f  GPIO_setQualificationMode        
0     00080c66  GPIO_setDirectionMode            
0     00080c97  __TI_decompress_lzss             
0     00080d49  __TI_auto_init_nobinit_nopinit   
0     00080d74  C$$EXIT                          
0     00080d74  abort                            
0     00080d76  exit                             
0     00080d9d  main                             
0     00080e13  SysCtl_selectXTALSingleEnded     
0     00080ebb  Interrupt_initVectorTable        
0     00080ed9  memcpy                           
0     00080ef6  Device_initGPIO                  
0     00080f10  SysCtl_getLowSpeedClock          
0     00080f2a  LED_init                         
0     00080f5c  myAIO0_init                      
0     00080fb9  _c_int00                         
0     00080fe6  Interrupt_defaultHandler         
0     0008108d  PinMux_init                      
0     000810d9  _args_main                       
0     000810fb  Interrupt_illegalOperationHandler
0     00081105  Interrupt_nmiHandler             
0     0008110f  Board_init                       
0     00081118  _register_unlock                 
0     0008111c  _register_lock                   
0     00081120  _nop                             
0     00081121  __TI_decompress_none             
0     0008113f  __error__                        
0     00081146  AIO_init                         
0     00081149  GPIO_init                        
0     0008114c  _system_pre_init                 
0     0008114e  C2000Ware_libraries_init         
0     0008114f  _system_post_cinit               
0     0008115a  __TI_Handler_Table_Base          
0     0008115e  __TI_CINIT_Base                  
0     0008115e  __TI_Handler_Table_Limit         
0     00081162  __TI_CINIT_Limit                 
0     00081162  __TI_CINIT_Warm                  
abs   000000cd  RamfuncsLoadSize                 
abs   000000cd  RamfuncsRunSize                  
abs   00000400  __TI_STACK_SIZE                  
abs   ffffffff  __TI_pprof_out_hndl              
abs   ffffffff  __TI_prof_data_size              
abs   ffffffff  __TI_prof_data_start             
n/a   UNDEFED   __c_args__                       

[73 symbols]
