<?xml version="1.0" encoding="ISO-8859-1" ?>
<link_info>
   <banner>TMS320C2000 Linker PC v22.6.2.LTS</banner>
   <copyright>Copyright (c) 1996-2018 Texas Instruments Incorporated</copyright>
   <link_time>0x688880c6</link_time>
   <link_errors>0x0</link_errors>
   <output_file>2.SYSClock.out</output_file>
   <entry_point>
      <name>code_start</name>
      <address>0x80000</address>
   </entry_point>
   <input_file_list>
      <input_file id="fl-2">
         <path>.\syscfg\</path>
         <kind>object</kind>
         <file>board.obj</file>
         <name>board.obj</name>
      </input_file>
      <input_file id="fl-3">
         <path>.\syscfg\</path>
         <kind>object</kind>
         <file>c2000ware_libraries.obj</file>
         <name>c2000ware_libraries.obj</name>
      </input_file>
      <input_file id="fl-4">
         <path>.\</path>
         <kind>object</kind>
         <file>empty_driverlib_main.obj</file>
         <name>empty_driverlib_main.obj</name>
      </input_file>
      <input_file id="fl-5">
         <path>.\device\</path>
         <kind>object</kind>
         <file>device.obj</file>
         <name>device.obj</name>
      </input_file>
      <input_file id="fl-6">
         <path>.\device\</path>
         <kind>object</kind>
         <file>f28p55x_codestartbranch.obj</file>
         <name>f28p55x_codestartbranch.obj</name>
      </input_file>
      <input_file id="fl-c">
         <kind>object</kind>
         <file>&lt;internal&gt;</file>
         <name>&lt;internal&gt;</name>
      </input_file>
      <input_file id="fl-d">
         <path>E:\TI\sdk\C2000Ware_5_05_00_00\driverlib\f28p55x\driverlib\ccs\Debug\</path>
         <kind>archive</kind>
         <file>driverlib.lib</file>
         <name>dcc.obj</name>
      </input_file>
      <input_file id="fl-e">
         <path>E:\TI\sdk\C2000Ware_5_05_00_00\driverlib\f28p55x\driverlib\ccs\Debug\</path>
         <kind>archive</kind>
         <file>driverlib.lib</file>
         <name>flash.obj</name>
      </input_file>
      <input_file id="fl-f">
         <path>E:\TI\sdk\C2000Ware_5_05_00_00\driverlib\f28p55x\driverlib\ccs\Debug\</path>
         <kind>archive</kind>
         <file>driverlib.lib</file>
         <name>gpio.obj</name>
      </input_file>
      <input_file id="fl-10">
         <path>E:\TI\sdk\C2000Ware_5_05_00_00\driverlib\f28p55x\driverlib\ccs\Debug\</path>
         <kind>archive</kind>
         <file>driverlib.lib</file>
         <name>interrupt.obj</name>
      </input_file>
      <input_file id="fl-11">
         <path>E:\TI\sdk\C2000Ware_5_05_00_00\driverlib\f28p55x\driverlib\ccs\Debug\</path>
         <kind>archive</kind>
         <file>driverlib.lib</file>
         <name>pga.obj</name>
      </input_file>
      <input_file id="fl-12">
         <path>E:\TI\sdk\C2000Ware_5_05_00_00\driverlib\f28p55x\driverlib\ccs\Debug\</path>
         <kind>archive</kind>
         <file>driverlib.lib</file>
         <name>sysctl.obj</name>
      </input_file>
      <input_file id="fl-1e">
         <path>E:\TI\ccs\tools\compiler\ti-cgt-c2000_22.6.2.LTS\lib\</path>
         <kind>archive</kind>
         <file>rts2800_fpu32_eabi.lib</file>
         <name>printf.c.obj</name>
      </input_file>
      <input_file id="fl-1f">
         <path>E:\TI\ccs\tools\compiler\ti-cgt-c2000_22.6.2.LTS\lib\</path>
         <kind>archive</kind>
         <file>rts2800_fpu32_eabi.lib</file>
         <name>_printfi.c.obj</name>
      </input_file>
      <input_file id="fl-20">
         <path>E:\TI\ccs\tools\compiler\ti-cgt-c2000_22.6.2.LTS\lib\</path>
         <kind>archive</kind>
         <file>rts2800_fpu32_eabi.lib</file>
         <name>fputc.c.obj</name>
      </input_file>
      <input_file id="fl-21">
         <path>E:\TI\ccs\tools\compiler\ti-cgt-c2000_22.6.2.LTS\lib\</path>
         <kind>archive</kind>
         <file>rts2800_fpu32_eabi.lib</file>
         <name>fputs.c.obj</name>
      </input_file>
      <input_file id="fl-22">
         <path>E:\TI\ccs\tools\compiler\ti-cgt-c2000_22.6.2.LTS\lib\</path>
         <kind>archive</kind>
         <file>rts2800_fpu32_eabi.lib</file>
         <name>_io_perm.c.obj</name>
      </input_file>
      <input_file id="fl-23">
         <path>E:\TI\ccs\tools\compiler\ti-cgt-c2000_22.6.2.LTS\lib\</path>
         <kind>archive</kind>
         <file>rts2800_fpu32_eabi.lib</file>
         <name>setvbuf.c.obj</name>
      </input_file>
      <input_file id="fl-24">
         <path>E:\TI\ccs\tools\compiler\ti-cgt-c2000_22.6.2.LTS\lib\</path>
         <kind>archive</kind>
         <file>rts2800_fpu32_eabi.lib</file>
         <name>s_frexp.c.obj</name>
      </input_file>
      <input_file id="fl-25">
         <path>E:\TI\ccs\tools\compiler\ti-cgt-c2000_22.6.2.LTS\lib\</path>
         <kind>archive</kind>
         <file>rts2800_fpu32_eabi.lib</file>
         <name>s_scalbn.c.obj</name>
      </input_file>
      <input_file id="fl-26">
         <path>E:\TI\ccs\tools\compiler\ti-cgt-c2000_22.6.2.LTS\lib\</path>
         <kind>archive</kind>
         <file>rts2800_fpu32_eabi.lib</file>
         <name>wcslen.c.obj</name>
      </input_file>
      <input_file id="fl-27">
         <path>E:\TI\ccs\tools\compiler\ti-cgt-c2000_22.6.2.LTS\lib\</path>
         <kind>archive</kind>
         <file>rts2800_fpu32_eabi.lib</file>
         <name>boot28.asm.obj</name>
      </input_file>
      <input_file id="fl-28">
         <path>E:\TI\ccs\tools\compiler\ti-cgt-c2000_22.6.2.LTS\lib\</path>
         <kind>archive</kind>
         <file>rts2800_fpu32_eabi.lib</file>
         <name>fd_add28.asm.obj</name>
      </input_file>
      <input_file id="fl-29">
         <path>E:\TI\ccs\tools\compiler\ti-cgt-c2000_22.6.2.LTS\lib\</path>
         <kind>archive</kind>
         <file>rts2800_fpu32_eabi.lib</file>
         <name>fd_cmp28.asm.obj</name>
      </input_file>
      <input_file id="fl-2a">
         <path>E:\TI\ccs\tools\compiler\ti-cgt-c2000_22.6.2.LTS\lib\</path>
         <kind>archive</kind>
         <file>rts2800_fpu32_eabi.lib</file>
         <name>fd_mpy28.asm.obj</name>
      </input_file>
      <input_file id="fl-2b">
         <path>E:\TI\ccs\tools\compiler\ti-cgt-c2000_22.6.2.LTS\lib\</path>
         <kind>archive</kind>
         <file>rts2800_fpu32_eabi.lib</file>
         <name>fd_neg28.asm.obj</name>
      </input_file>
      <input_file id="fl-2c">
         <path>E:\TI\ccs\tools\compiler\ti-cgt-c2000_22.6.2.LTS\lib\</path>
         <kind>archive</kind>
         <file>rts2800_fpu32_eabi.lib</file>
         <name>fd_sub28.asm.obj</name>
      </input_file>
      <input_file id="fl-2d">
         <path>E:\TI\ccs\tools\compiler\ti-cgt-c2000_22.6.2.LTS\lib\</path>
         <kind>archive</kind>
         <file>rts2800_fpu32_eabi.lib</file>
         <name>fd_toi28.asm.obj</name>
      </input_file>
      <input_file id="fl-2e">
         <path>E:\TI\ccs\tools\compiler\ti-cgt-c2000_22.6.2.LTS\lib\</path>
         <kind>archive</kind>
         <file>rts2800_fpu32_eabi.lib</file>
         <name>fd_tol28.asm.obj</name>
      </input_file>
      <input_file id="fl-2f">
         <path>E:\TI\ccs\tools\compiler\ti-cgt-c2000_22.6.2.LTS\lib\</path>
         <kind>archive</kind>
         <file>rts2800_fpu32_eabi.lib</file>
         <name>fs_div28.asm.obj</name>
      </input_file>
      <input_file id="fl-30">
         <path>E:\TI\ccs\tools\compiler\ti-cgt-c2000_22.6.2.LTS\lib\</path>
         <kind>archive</kind>
         <file>rts2800_fpu32_eabi.lib</file>
         <name>ll_aox28.asm.obj</name>
      </input_file>
      <input_file id="fl-31">
         <path>E:\TI\ccs\tools\compiler\ti-cgt-c2000_22.6.2.LTS\lib\</path>
         <kind>archive</kind>
         <file>rts2800_fpu32_eabi.lib</file>
         <name>ll_cmp28.asm.obj</name>
      </input_file>
      <input_file id="fl-32">
         <path>E:\TI\ccs\tools\compiler\ti-cgt-c2000_22.6.2.LTS\lib\</path>
         <kind>archive</kind>
         <file>rts2800_fpu32_eabi.lib</file>
         <name>ll_div28.asm.obj</name>
      </input_file>
      <input_file id="fl-33">
         <path>E:\TI\ccs\tools\compiler\ti-cgt-c2000_22.6.2.LTS\lib\</path>
         <kind>archive</kind>
         <file>rts2800_fpu32_eabi.lib</file>
         <name>i_tofd28.asm.obj</name>
      </input_file>
      <input_file id="fl-34">
         <path>E:\TI\ccs\tools\compiler\ti-cgt-c2000_22.6.2.LTS\lib\</path>
         <kind>archive</kind>
         <file>rts2800_fpu32_eabi.lib</file>
         <name>l_tofd28.asm.obj</name>
      </input_file>
      <input_file id="fl-35">
         <path>E:\TI\ccs\tools\compiler\ti-cgt-c2000_22.6.2.LTS\lib\</path>
         <kind>archive</kind>
         <file>rts2800_fpu32_eabi.lib</file>
         <name>fd_div28.asm.obj</name>
      </input_file>
      <input_file id="fl-36">
         <path>E:\TI\ccs\tools\compiler\ti-cgt-c2000_22.6.2.LTS\lib\</path>
         <kind>archive</kind>
         <file>rts2800_fpu32_eabi.lib</file>
         <name>memcpy.c.obj</name>
      </input_file>
      <input_file id="fl-37">
         <path>E:\TI\ccs\tools\compiler\ti-cgt-c2000_22.6.2.LTS\lib\</path>
         <kind>archive</kind>
         <file>rts2800_fpu32_eabi.lib</file>
         <name>pre_init.c.obj</name>
      </input_file>
      <input_file id="fl-38">
         <path>E:\TI\ccs\tools\compiler\ti-cgt-c2000_22.6.2.LTS\lib\</path>
         <kind>archive</kind>
         <file>rts2800_fpu32_eabi.lib</file>
         <name>autoinit.c.obj</name>
      </input_file>
      <input_file id="fl-39">
         <path>E:\TI\ccs\tools\compiler\ti-cgt-c2000_22.6.2.LTS\lib\</path>
         <kind>archive</kind>
         <file>rts2800_fpu32_eabi.lib</file>
         <name>copy_zero_init.c.obj</name>
      </input_file>
      <input_file id="fl-3a">
         <path>E:\TI\ccs\tools\compiler\ti-cgt-c2000_22.6.2.LTS\lib\</path>
         <kind>archive</kind>
         <file>rts2800_fpu32_eabi.lib</file>
         <name>copy_decompress_none.c.obj</name>
      </input_file>
      <input_file id="fl-3b">
         <path>E:\TI\ccs\tools\compiler\ti-cgt-c2000_22.6.2.LTS\lib\</path>
         <kind>archive</kind>
         <file>rts2800_fpu32_eabi.lib</file>
         <name>copy_decompress_lzss.c.obj</name>
      </input_file>
      <input_file id="fl-3c">
         <path>E:\TI\ccs\tools\compiler\ti-cgt-c2000_22.6.2.LTS\lib\</path>
         <kind>archive</kind>
         <file>rts2800_fpu32_eabi.lib</file>
         <name>exit.c.obj</name>
      </input_file>
      <input_file id="fl-3d">
         <path>E:\TI\ccs\tools\compiler\ti-cgt-c2000_22.6.2.LTS\lib\</path>
         <kind>archive</kind>
         <file>rts2800_fpu32_eabi.lib</file>
         <name>_lock.c.obj</name>
      </input_file>
      <input_file id="fl-3e">
         <path>E:\TI\ccs\tools\compiler\ti-cgt-c2000_22.6.2.LTS\lib\</path>
         <kind>archive</kind>
         <file>rts2800_fpu32_eabi.lib</file>
         <name>_ltoa.c.obj</name>
      </input_file>
      <input_file id="fl-3f">
         <path>E:\TI\ccs\tools\compiler\ti-cgt-c2000_22.6.2.LTS\lib\</path>
         <kind>archive</kind>
         <file>rts2800_fpu32_eabi.lib</file>
         <name>args_main.c.obj</name>
      </input_file>
      <input_file id="fl-40">
         <path>E:\TI\ccs\tools\compiler\ti-cgt-c2000_22.6.2.LTS\lib\</path>
         <kind>archive</kind>
         <file>rts2800_fpu32_eabi.lib</file>
         <name>atoi.c.obj</name>
      </input_file>
      <input_file id="fl-41">
         <path>E:\TI\ccs\tools\compiler\ti-cgt-c2000_22.6.2.LTS\lib\</path>
         <kind>archive</kind>
         <file>rts2800_fpu32_eabi.lib</file>
         <name>ctype.c.obj</name>
      </input_file>
      <input_file id="fl-42">
         <path>E:\TI\ccs\tools\compiler\ti-cgt-c2000_22.6.2.LTS\lib\</path>
         <kind>archive</kind>
         <file>rts2800_fpu32_eabi.lib</file>
         <name>defs.c.obj</name>
      </input_file>
      <input_file id="fl-43">
         <path>E:\TI\ccs\tools\compiler\ti-cgt-c2000_22.6.2.LTS\lib\</path>
         <kind>archive</kind>
         <file>rts2800_fpu32_eabi.lib</file>
         <name>memccpy.c.obj</name>
      </input_file>
      <input_file id="fl-44">
         <path>E:\TI\ccs\tools\compiler\ti-cgt-c2000_22.6.2.LTS\lib\</path>
         <kind>archive</kind>
         <file>rts2800_fpu32_eabi.lib</file>
         <name>memchr.c.obj</name>
      </input_file>
      <input_file id="fl-45">
         <path>E:\TI\ccs\tools\compiler\ti-cgt-c2000_22.6.2.LTS\lib\</path>
         <kind>archive</kind>
         <file>rts2800_fpu32_eabi.lib</file>
         <name>memory.c.obj</name>
      </input_file>
      <input_file id="fl-46">
         <path>E:\TI\ccs\tools\compiler\ti-cgt-c2000_22.6.2.LTS\lib\</path>
         <kind>archive</kind>
         <file>rts2800_fpu32_eabi.lib</file>
         <name>memset.c.obj</name>
      </input_file>
      <input_file id="fl-47">
         <path>E:\TI\ccs\tools\compiler\ti-cgt-c2000_22.6.2.LTS\lib\</path>
         <kind>archive</kind>
         <file>rts2800_fpu32_eabi.lib</file>
         <name>strchr.c.obj</name>
      </input_file>
      <input_file id="fl-48">
         <path>E:\TI\ccs\tools\compiler\ti-cgt-c2000_22.6.2.LTS\lib\</path>
         <kind>archive</kind>
         <file>rts2800_fpu32_eabi.lib</file>
         <name>strcpy.c.obj</name>
      </input_file>
      <input_file id="fl-49">
         <path>E:\TI\ccs\tools\compiler\ti-cgt-c2000_22.6.2.LTS\lib\</path>
         <kind>archive</kind>
         <file>rts2800_fpu32_eabi.lib</file>
         <name>strlen.c.obj</name>
      </input_file>
      <input_file id="fl-4a">
         <path>E:\TI\ccs\tools\compiler\ti-cgt-c2000_22.6.2.LTS\lib\</path>
         <kind>archive</kind>
         <file>rts2800_fpu32_eabi.lib</file>
         <name>errno.c.obj</name>
      </input_file>
      <input_file id="fl-4b">
         <path>E:\TI\ccs\tools\compiler\ti-cgt-c2000_22.6.2.LTS\lib\</path>
         <kind>archive</kind>
         <file>rts2800_fpu32_eabi.lib</file>
         <name>write.c.obj</name>
      </input_file>
      <input_file id="fl-4c">
         <path>E:\TI\ccs\tools\compiler\ti-cgt-c2000_22.6.2.LTS\lib\</path>
         <kind>archive</kind>
         <file>rts2800_fpu32_eabi.lib</file>
         <name>host_device.c.obj</name>
      </input_file>
      <input_file id="fl-4d">
         <path>E:\TI\ccs\tools\compiler\ti-cgt-c2000_22.6.2.LTS\lib\</path>
         <kind>archive</kind>
         <file>rts2800_fpu32_eabi.lib</file>
         <name>fflush.c.obj</name>
      </input_file>
      <input_file id="fl-4e">
         <path>E:\TI\ccs\tools\compiler\ti-cgt-c2000_22.6.2.LTS\lib\</path>
         <kind>archive</kind>
         <file>rts2800_fpu32_eabi.lib</file>
         <name>fopen.c.obj</name>
      </input_file>
      <input_file id="fl-4f">
         <path>E:\TI\ccs\tools\compiler\ti-cgt-c2000_22.6.2.LTS\lib\</path>
         <kind>archive</kind>
         <file>rts2800_fpu32_eabi.lib</file>
         <name>fseek.c.obj</name>
      </input_file>
      <input_file id="fl-50">
         <path>E:\TI\ccs\tools\compiler\ti-cgt-c2000_22.6.2.LTS\lib\</path>
         <kind>archive</kind>
         <file>rts2800_fpu32_eabi.lib</file>
         <name>s_copysign.c.obj</name>
      </input_file>
      <input_file id="fl-51">
         <path>E:\TI\ccs\tools\compiler\ti-cgt-c2000_22.6.2.LTS\lib\</path>
         <kind>archive</kind>
         <file>rts2800_fpu32_eabi.lib</file>
         <name>l_div28.asm.obj</name>
      </input_file>
      <input_file id="fl-52">
         <path>E:\TI\ccs\tools\compiler\ti-cgt-c2000_22.6.2.LTS\lib\</path>
         <kind>archive</kind>
         <file>rts2800_fpu32_eabi.lib</file>
         <name>cpy_tbl.c.obj</name>
      </input_file>
      <input_file id="fl-53">
         <path>E:\TI\ccs\tools\compiler\ti-cgt-c2000_22.6.2.LTS\lib\</path>
         <kind>archive</kind>
         <file>rts2800_fpu32_eabi.lib</file>
         <name>startup.c.obj</name>
      </input_file>
      <input_file id="fl-54">
         <path>E:\TI\ccs\tools\compiler\ti-cgt-c2000_22.6.2.LTS\lib\</path>
         <kind>archive</kind>
         <file>rts2800_fpu32_eabi.lib</file>
         <name>hostclose.c.obj</name>
      </input_file>
      <input_file id="fl-55">
         <path>E:\TI\ccs\tools\compiler\ti-cgt-c2000_22.6.2.LTS\lib\</path>
         <kind>archive</kind>
         <file>rts2800_fpu32_eabi.lib</file>
         <name>hostlseek.c.obj</name>
      </input_file>
      <input_file id="fl-56">
         <path>E:\TI\ccs\tools\compiler\ti-cgt-c2000_22.6.2.LTS\lib\</path>
         <kind>archive</kind>
         <file>rts2800_fpu32_eabi.lib</file>
         <name>hostopen.c.obj</name>
      </input_file>
      <input_file id="fl-57">
         <path>E:\TI\ccs\tools\compiler\ti-cgt-c2000_22.6.2.LTS\lib\</path>
         <kind>archive</kind>
         <file>rts2800_fpu32_eabi.lib</file>
         <name>hostread.c.obj</name>
      </input_file>
      <input_file id="fl-58">
         <path>E:\TI\ccs\tools\compiler\ti-cgt-c2000_22.6.2.LTS\lib\</path>
         <kind>archive</kind>
         <file>rts2800_fpu32_eabi.lib</file>
         <name>hostrename.c.obj</name>
      </input_file>
      <input_file id="fl-59">
         <path>E:\TI\ccs\tools\compiler\ti-cgt-c2000_22.6.2.LTS\lib\</path>
         <kind>archive</kind>
         <file>rts2800_fpu32_eabi.lib</file>
         <name>hostunlink.c.obj</name>
      </input_file>
      <input_file id="fl-5a">
         <path>E:\TI\ccs\tools\compiler\ti-cgt-c2000_22.6.2.LTS\lib\</path>
         <kind>archive</kind>
         <file>rts2800_fpu32_eabi.lib</file>
         <name>hostwrite.c.obj</name>
      </input_file>
      <input_file id="fl-5b">
         <path>E:\TI\ccs\tools\compiler\ti-cgt-c2000_22.6.2.LTS\lib\</path>
         <kind>archive</kind>
         <file>rts2800_fpu32_eabi.lib</file>
         <name>trgmsg.c.obj</name>
      </input_file>
      <input_file id="fl-5c">
         <path>E:\TI\ccs\tools\compiler\ti-cgt-c2000_22.6.2.LTS\lib\</path>
         <kind>archive</kind>
         <file>rts2800_fpu32_eabi.lib</file>
         <name>open.c.obj</name>
      </input_file>
      <input_file id="fl-5d">
         <path>E:\TI\ccs\tools\compiler\ti-cgt-c2000_22.6.2.LTS\lib\</path>
         <kind>archive</kind>
         <file>rts2800_fpu32_eabi.lib</file>
         <name>lseek.c.obj</name>
      </input_file>
      <input_file id="fl-5e">
         <path>E:\TI\ccs\tools\compiler\ti-cgt-c2000_22.6.2.LTS\lib\</path>
         <kind>archive</kind>
         <file>rts2800_fpu32_eabi.lib</file>
         <name>fclose.c.obj</name>
      </input_file>
      <input_file id="fl-5f">
         <path>E:\TI\ccs\tools\compiler\ti-cgt-c2000_22.6.2.LTS\lib\</path>
         <kind>archive</kind>
         <file>rts2800_fpu32_eabi.lib</file>
         <name>getdevice.c.obj</name>
      </input_file>
      <input_file id="fl-60">
         <path>E:\TI\ccs\tools\compiler\ti-cgt-c2000_22.6.2.LTS\lib\</path>
         <kind>archive</kind>
         <file>rts2800_fpu32_eabi.lib</file>
         <name>strcmp.c.obj</name>
      </input_file>
      <input_file id="fl-61">
         <path>E:\TI\ccs\tools\compiler\ti-cgt-c2000_22.6.2.LTS\lib\</path>
         <kind>archive</kind>
         <file>rts2800_fpu32_eabi.lib</file>
         <name>strncpy.c.obj</name>
      </input_file>
      <input_file id="fl-62">
         <path>E:\TI\ccs\tools\compiler\ti-cgt-c2000_22.6.2.LTS\lib\</path>
         <kind>archive</kind>
         <file>rts2800_fpu32_eabi.lib</file>
         <name>remove.c.obj</name>
      </input_file>
      <input_file id="fl-63">
         <path>E:\TI\ccs\tools\compiler\ti-cgt-c2000_22.6.2.LTS\lib\</path>
         <kind>archive</kind>
         <file>rts2800_fpu32_eabi.lib</file>
         <name>close.c.obj</name>
      </input_file>
      <input_file id="fl-64">
         <path>E:\TI\ccs\tools\compiler\ti-cgt-c2000_22.6.2.LTS\lib\</path>
         <kind>archive</kind>
         <file>rts2800_fpu32_eabi.lib</file>
         <name>unlink.c.obj</name>
      </input_file>
   </input_file_list>
   <object_component_list>
      <object_component id="oc-20">
         <name>codestart</name>
         <load_address>0x80000</load_address>
         <run_address>0x80000</run_address>
         <size>0x2</size>
         <input_file_ref idref="fl-6"/>
      </object_component>
      <object_component id="oc-399">
         <name>.text</name>
         <load_address>0x80508</load_address>
         <run_address>0x80508</run_address>
         <size>0x6c2</size>
         <input_file_ref idref="fl-1f"/>
      </object_component>
      <object_component id="oc-2ed">
         <name>.text:__TI_printfi</name>
         <load_address>0x80bca</load_address>
         <run_address>0x80bca</run_address>
         <size>0x614</size>
         <input_file_ref idref="fl-1f"/>
      </object_component>
      <object_component id="oc-3b5">
         <name>.text</name>
         <load_address>0x811de</load_address>
         <run_address>0x811de</run_address>
         <size>0x298</size>
         <input_file_ref idref="fl-45"/>
      </object_component>
      <object_component id="oc-11f">
         <name>.text:SysCtl_setClock</name>
         <load_address>0x81476</load_address>
         <run_address>0x81476</run_address>
         <size>0x123</size>
         <input_file_ref idref="fl-12"/>
      </object_component>
      <object_component id="oc-3bb">
         <name>.text</name>
         <load_address>0x81599</load_address>
         <run_address>0x81599</run_address>
         <size>0x121</size>
         <input_file_ref idref="fl-4e"/>
      </object_component>
      <object_component id="oc-385">
         <name>.text</name>
         <load_address>0x816ba</load_address>
         <run_address>0x816ba</run_address>
         <size>0x107</size>
         <input_file_ref idref="fl-32"/>
      </object_component>
      <object_component id="oc-1c9">
         <name>.text:SysCtl_isPLLValid</name>
         <load_address>0x817c1</load_address>
         <run_address>0x817c1</run_address>
         <size>0xfe</size>
         <input_file_ref idref="fl-12"/>
      </object_component>
      <object_component id="oc-18f">
         <name>.text:GPIO_setAnalogMode</name>
         <load_address>0x818bf</load_address>
         <run_address>0x818bf</run_address>
         <size>0xeb</size>
         <input_file_ref idref="fl-f"/>
      </object_component>
      <object_component id="oc-177">
         <name>.text:Device_enableAllPeripherals</name>
         <load_address>0x819aa</load_address>
         <run_address>0x819aa</run_address>
         <size>0xd8</size>
         <input_file_ref idref="fl-5"/>
      </object_component>
      <object_component id="oc-101">
         <name>.text:Device_init</name>
         <load_address>0x81a82</load_address>
         <run_address>0x81a82</run_address>
         <size>0xc6</size>
         <input_file_ref idref="fl-5"/>
      </object_component>
      <object_component id="oc-423">
         <name>.text</name>
         <load_address>0x81b48</load_address>
         <run_address>0x81b48</run_address>
         <size>0xa9</size>
         <input_file_ref idref="fl-25"/>
      </object_component>
      <object_component id="oc-1d8">
         <name>.text</name>
         <load_address>0x81bf1</load_address>
         <run_address>0x81bf1</run_address>
         <size>0xa8</size>
         <input_file_ref idref="fl-21"/>
      </object_component>
      <object_component id="oc-4a2">
         <name>.text</name>
         <load_address>0x81c99</load_address>
         <run_address>0x81c99</run_address>
         <size>0x9c</size>
         <input_file_ref idref="fl-28"/>
      </object_component>
      <object_component id="oc-119">
         <name>.text:C2000Ware_libraries_init</name>
         <load_address>0x81d35</load_address>
         <run_address>0x81d35</run_address>
         <size>0x1</size>
         <input_file_ref idref="fl-3"/>
      </object_component>
      <object_component id="oc-4e3">
         <name>.text</name>
         <load_address>0x81d36</load_address>
         <run_address>0x81d36</run_address>
         <size>0x95</size>
         <input_file_ref idref="fl-5b"/>
      </object_component>
      <object_component id="oc-3f9">
         <name>.text</name>
         <load_address>0x81dcb</load_address>
         <run_address>0x81dcb</run_address>
         <size>0x8b</size>
         <input_file_ref idref="fl-35"/>
      </object_component>
      <object_component id="oc-270">
         <name>.text</name>
         <load_address>0x81e56</load_address>
         <run_address>0x81e56</run_address>
         <size>0x88</size>
         <input_file_ref idref="fl-2f"/>
      </object_component>
      <object_component id="oc-3fe">
         <name>.text</name>
         <load_address>0x81ede</load_address>
         <run_address>0x81ede</run_address>
         <size>0x83</size>
         <input_file_ref idref="fl-2a"/>
      </object_component>
      <object_component id="oc-34c">
         <name>.text</name>
         <load_address>0x81f61</load_address>
         <run_address>0x81f61</run_address>
         <size>0x7c</size>
         <input_file_ref idref="fl-23"/>
      </object_component>
      <object_component id="oc-2a5">
         <name>.text:DCC_setCounterSeeds</name>
         <load_address>0x81fdd</load_address>
         <run_address>0x81fdd</run_address>
         <size>0x73</size>
         <input_file_ref idref="fl-12"/>
      </object_component>
      <object_component id="oc-2c1">
         <name>.text</name>
         <load_address>0x82050</load_address>
         <run_address>0x82050</run_address>
         <size>0x73</size>
         <input_file_ref idref="fl-4d"/>
      </object_component>
      <object_component id="oc-442">
         <name>.text</name>
         <load_address>0x820c3</load_address>
         <run_address>0x820c3</run_address>
         <size>0x71</size>
         <input_file_ref idref="fl-5c"/>
      </object_component>
      <object_component id="oc-125">
         <name>.text:SysCtl_getClock</name>
         <load_address>0x82134</load_address>
         <run_address>0x82134</run_address>
         <size>0x65</size>
         <input_file_ref idref="fl-12"/>
      </object_component>
      <object_component id="oc-2bb">
         <name>.text</name>
         <load_address>0x82199</load_address>
         <run_address>0x82199</run_address>
         <size>0x65</size>
         <input_file_ref idref="fl-22"/>
      </object_component>
      <object_component id="oc-46c">
         <name>.text</name>
         <load_address>0x821fe</load_address>
         <run_address>0x821fe</run_address>
         <size>0x61</size>
         <input_file_ref idref="fl-55"/>
      </object_component>
      <object_component id="oc-448">
         <name>.text</name>
         <load_address>0x8225f</load_address>
         <run_address>0x8225f</run_address>
         <size>0x5d</size>
         <input_file_ref idref="fl-5e"/>
      </object_component>
      <object_component id="oc-41d">
         <name>.text</name>
         <load_address>0x822bc</load_address>
         <run_address>0x822bc</run_address>
         <size>0x5a</size>
         <input_file_ref idref="fl-24"/>
      </object_component>
      <object_component id="oc-1d2">
         <name>.text</name>
         <load_address>0x82316</load_address>
         <run_address>0x82316</run_address>
         <size>0x53</size>
         <input_file_ref idref="fl-20"/>
      </object_component>
      <object_component id="oc-30d">
         <name>.text:GPIO_setPadConfig</name>
         <load_address>0x82369</load_address>
         <run_address>0x82369</run_address>
         <size>0x52</size>
         <input_file_ref idref="fl-f"/>
      </object_component>
      <object_component id="oc-4c4">
         <name>.text</name>
         <load_address>0x823bb</load_address>
         <run_address>0x823bb</run_address>
         <size>0x51</size>
         <input_file_ref idref="fl-5f"/>
      </object_component>
      <object_component id="oc-1bd">
         <name>.text:SysCtl_selectOscSource</name>
         <load_address>0x8240c</load_address>
         <run_address>0x8240c</run_address>
         <size>0x47</size>
         <input_file_ref idref="fl-12"/>
      </object_component>
      <object_component id="oc-262">
         <name>.text:SysCtl_selectXTAL</name>
         <load_address>0x82453</load_address>
         <run_address>0x82453</run_address>
         <size>0x46</size>
         <input_file_ref idref="fl-12"/>
      </object_component>
      <object_component id="oc-326">
         <name>.text:SysCtl_pollX1Counter</name>
         <load_address>0x82499</load_address>
         <run_address>0x82499</run_address>
         <size>0x45</size>
         <input_file_ref idref="fl-12"/>
      </object_component>
      <object_component id="oc-183">
         <name>.text:PGA_setOffsetTrimPMOS</name>
         <load_address>0x824de</load_address>
         <run_address>0x824de</run_address>
         <size>0x44</size>
         <input_file_ref idref="fl-11"/>
      </object_component>
      <object_component id="oc-17d">
         <name>.text:PGA_setOffsetTrimNMOS</name>
         <load_address>0x82522</load_address>
         <run_address>0x82522</run_address>
         <size>0x41</size>
         <input_file_ref idref="fl-11"/>
      </object_component>
      <object_component id="oc-478">
         <name>.text</name>
         <load_address>0x82563</load_address>
         <run_address>0x82563</run_address>
         <size>0x3e</size>
         <input_file_ref idref="fl-58"/>
      </object_component>
      <object_component id="oc-10d">
         <name>.text:Interrupt_initModule</name>
         <load_address>0x825a1</load_address>
         <run_address>0x825a1</run_address>
         <size>0x3d</size>
         <input_file_ref idref="fl-10"/>
      </object_component>
      <object_component id="oc-346">
         <name>.text</name>
         <load_address>0x825de</load_address>
         <run_address>0x825de</run_address>
         <size>0x3d</size>
         <input_file_ref idref="fl-4f"/>
      </object_component>
      <object_component id="oc-454">
         <name>.text</name>
         <load_address>0x8261b</load_address>
         <run_address>0x8261b</run_address>
         <size>0x3a</size>
         <input_file_ref idref="fl-56"/>
      </object_component>
      <object_component id="oc-466">
         <name>.text</name>
         <load_address>0x82655</load_address>
         <run_address>0x82655</run_address>
         <size>0x39</size>
         <input_file_ref idref="fl-5a"/>
      </object_component>
      <object_component id="oc-460">
         <name>.text</name>
         <load_address>0x8268e</load_address>
         <run_address>0x8268e</run_address>
         <size>0x38</size>
         <input_file_ref idref="fl-57"/>
      </object_component>
      <object_component id="oc-31f">
         <name>.text:GPIO_setControllerCore</name>
         <load_address>0x826c6</load_address>
         <run_address>0x826c6</run_address>
         <size>0x37</size>
         <input_file_ref idref="fl-f"/>
      </object_component>
      <object_component id="oc-24d">
         <name>.text:GPIO_setPinConfig</name>
         <load_address>0x826fd</load_address>
         <run_address>0x826fd</run_address>
         <size>0x37</size>
         <input_file_ref idref="fl-f"/>
      </object_component>
      <object_component id="oc-313">
         <name>.text:GPIO_setQualificationMode</name>
         <load_address>0x82734</load_address>
         <run_address>0x82734</run_address>
         <size>0x37</size>
         <input_file_ref idref="fl-f"/>
      </object_component>
      <object_component id="oc-12c">
         <name>.text</name>
         <load_address>0x8276b</load_address>
         <run_address>0x8276b</run_address>
         <size>0x34</size>
         <input_file_ref idref="fl-1e"/>
      </object_component>
      <object_component id="oc-4cc">
         <name>.text</name>
         <load_address>0x8279f</load_address>
         <run_address>0x8279f</run_address>
         <size>0x33</size>
         <input_file_ref idref="fl-63"/>
      </object_component>
      <object_component id="oc-319">
         <name>.text:GPIO_setDirectionMode</name>
         <load_address>0x827d2</load_address>
         <run_address>0x827d2</run_address>
         <size>0x31</size>
         <input_file_ref idref="fl-f"/>
      </object_component>
      <object_component id="oc-37a">
         <name>.text</name>
         <load_address>0x82803</load_address>
         <run_address>0x82803</run_address>
         <size>0x31</size>
         <input_file_ref idref="fl-40"/>
      </object_component>
      <object_component id="oc-408">
         <name>.text</name>
         <load_address>0x82834</load_address>
         <run_address>0x82834</run_address>
         <size>0x30</size>
         <input_file_ref idref="fl-3e"/>
      </object_component>
      <object_component id="oc-13">
         <name>.text:decompress:lzss</name>
         <load_address>0x82864</load_address>
         <run_address>0x82864</run_address>
         <size>0x2e</size>
         <input_file_ref idref="fl-3b"/>
      </object_component>
      <object_component id="oc-3a0">
         <name>.text:GPIO_isPinValid</name>
         <load_address>0x82892</load_address>
         <run_address>0x82892</run_address>
         <size>0x2c</size>
         <input_file_ref idref="fl-f"/>
      </object_component>
      <object_component id="oc-1e7">
         <name>.text:GPIO_isPinValid</name>
         <load_address>0x828be</load_address>
         <run_address>0x828be</run_address>
         <size>0x2c</size>
         <input_file_ref idref="fl-4"/>
      </object_component>
      <object_component id="oc-a9">
         <name>.text:__TI_auto_init_nobinit_nopinit</name>
         <load_address>0x828ea</load_address>
         <run_address>0x828ea</run_address>
         <size>0x2b</size>
         <input_file_ref idref="fl-38"/>
      </object_component>
      <object_component id="oc-d9">
         <name>.text:main</name>
         <load_address>0x82915</load_address>
         <run_address>0x82915</run_address>
         <size>0x2a</size>
         <input_file_ref idref="fl-4"/>
      </object_component>
      <object_component id="oc-3ef">
         <name>.text</name>
         <load_address>0x8293f</load_address>
         <run_address>0x8293f</run_address>
         <size>0x2a</size>
         <input_file_ref idref="fl-29"/>
      </object_component>
      <object_component id="oc-49a">
         <name>.text</name>
         <load_address>0x82969</load_address>
         <run_address>0x82969</run_address>
         <size>0x2a</size>
         <input_file_ref idref="fl-51"/>
      </object_component>
      <object_component id="oc-9d">
         <name>.text</name>
         <load_address>0x82993</load_address>
         <run_address>0x82993</run_address>
         <size>0x29</size>
         <input_file_ref idref="fl-3c"/>
      </object_component>
      <object_component id="oc-45a">
         <name>.text</name>
         <load_address>0x829bc</load_address>
         <run_address>0x829bc</run_address>
         <size>0x29</size>
         <input_file_ref idref="fl-54"/>
      </object_component>
      <object_component id="oc-268">
         <name>.text:SysCtl_selectXTALSingleEnded</name>
         <load_address>0x829e5</load_address>
         <run_address>0x829e5</run_address>
         <size>0x25</size>
         <input_file_ref idref="fl-12"/>
      </object_component>
      <object_component id="oc-2ab">
         <name>.text:DCC_enableSingleShotMode</name>
         <load_address>0x82a0a</load_address>
         <run_address>0x82a0a</run_address>
         <size>0x24</size>
         <input_file_ref idref="fl-12"/>
      </object_component>
      <object_component id="oc-472">
         <name>.text</name>
         <load_address>0x82a2e</load_address>
         <run_address>0x82a2e</run_address>
         <size>0x24</size>
         <input_file_ref idref="fl-59"/>
      </object_component>
      <object_component id="oc-4b1">
         <name>.text</name>
         <load_address>0x82a52</load_address>
         <run_address>0x82a52</run_address>
         <size>0x24</size>
         <input_file_ref idref="fl-50"/>
      </object_component>
      <object_component id="oc-418">
         <name>.text</name>
         <load_address>0x82a76</load_address>
         <run_address>0x82a76</run_address>
         <size>0x21</size>
         <input_file_ref idref="fl-2d"/>
      </object_component>
      <object_component id="oc-132">
         <name>.text:GPIO_togglePin</name>
         <load_address>0x82a97</load_address>
         <run_address>0x82a97</run_address>
         <size>0x1f</size>
         <input_file_ref idref="fl-4"/>
      </object_component>
      <object_component id="oc-403">
         <name>.text</name>
         <load_address>0x82ab6</load_address>
         <run_address>0x82ab6</run_address>
         <size>0x1f</size>
         <input_file_ref idref="fl-2e"/>
      </object_component>
      <object_component id="oc-299">
         <name>.text:DCC_setCounter0ClkSource</name>
         <load_address>0x82ad5</load_address>
         <run_address>0x82ad5</run_address>
         <size>0x1e</size>
         <input_file_ref idref="fl-12"/>
      </object_component>
      <object_component id="oc-29f">
         <name>.text:DCC_setCounter1ClkSource</name>
         <load_address>0x82af3</load_address>
         <run_address>0x82af3</run_address>
         <size>0x1e</size>
         <input_file_ref idref="fl-12"/>
      </object_component>
      <object_component id="oc-30">
         <name>.text:Interrupt_initVectorTable</name>
         <load_address>0x82b11</load_address>
         <run_address>0x82b11</run_address>
         <size>0x1e</size>
         <input_file_ref idref="fl-10"/>
      </object_component>
      <object_component id="oc-380">
         <name>.text</name>
         <load_address>0x82b2f</load_address>
         <run_address>0x82b2f</run_address>
         <size>0x1e</size>
         <input_file_ref idref="fl-31"/>
      </object_component>
      <object_component id="oc-429">
         <name>.text</name>
         <load_address>0x82b4d</load_address>
         <run_address>0x82b4d</run_address>
         <size>0x1d</size>
         <input_file_ref idref="fl-33"/>
      </object_component>
      <object_component id="oc-49">
         <name>.text</name>
         <load_address>0x82b6a</load_address>
         <run_address>0x82b6a</run_address>
         <size>0x1d</size>
         <input_file_ref idref="fl-36"/>
      </object_component>
      <object_component id="oc-40e">
         <name>.text</name>
         <load_address>0x82b87</load_address>
         <run_address>0x82b87</run_address>
         <size>0x1c</size>
         <input_file_ref idref="fl-34"/>
      </object_component>
      <object_component id="oc-107">
         <name>.text:Device_initGPIO</name>
         <load_address>0x82ba3</load_address>
         <run_address>0x82ba3</run_address>
         <size>0x1a</size>
         <input_file_ref idref="fl-5"/>
      </object_component>
      <object_component id="oc-171">
         <name>.text:SysCtl_getLowSpeedClock</name>
         <load_address>0x82bbd</load_address>
         <run_address>0x82bbd</run_address>
         <size>0x1a</size>
         <input_file_ref idref="fl-12"/>
      </object_component>
      <object_component id="oc-1c3">
         <name>.text:SysCtl_setPLLSysClk</name>
         <load_address>0x82bd7</load_address>
         <run_address>0x82bd7</run_address>
         <size>0x19</size>
         <input_file_ref idref="fl-12"/>
      </object_component>
      <object_component id="oc-4d5">
         <name>.text</name>
         <load_address>0x82bf0</load_address>
         <run_address>0x82bf0</run_address>
         <size>0x19</size>
         <input_file_ref idref="fl-64"/>
      </object_component>
      <object_component id="oc-2c7">
         <name>.text</name>
         <load_address>0x82c09</load_address>
         <run_address>0x82c09</run_address>
         <size>0x19</size>
         <input_file_ref idref="fl-4b"/>
      </object_component>
      <object_component id="oc-38a">
         <name>.text</name>
         <load_address>0x82c22</load_address>
         <run_address>0x82c22</run_address>
         <size>0x18</size>
         <input_file_ref idref="fl-30"/>
      </object_component>
      <object_component id="oc-3ad">
         <name>.text</name>
         <load_address>0x82c3a</load_address>
         <run_address>0x82c3a</run_address>
         <size>0x18</size>
         <input_file_ref idref="fl-5d"/>
      </object_component>
      <object_component id="oc-23a">
         <name>.text:PGA_isBaseValid</name>
         <load_address>0x82c52</load_address>
         <run_address>0x82c52</run_address>
         <size>0x17</size>
         <input_file_ref idref="fl-11"/>
      </object_component>
      <object_component id="oc-233">
         <name>.text:SysCtl_enablePeripheral</name>
         <load_address>0x82c69</load_address>
         <run_address>0x82c69</run_address>
         <size>0x17</size>
         <input_file_ref idref="fl-5"/>
      </object_component>
      <object_component id="oc-275">
         <name>.text:SysCtl_enablePeripheral</name>
         <load_address>0x82c80</load_address>
         <run_address>0x82c80</run_address>
         <size>0x17</size>
         <input_file_ref idref="fl-12"/>
      </object_component>
      <object_component id="oc-7c">
         <name>.text</name>
         <load_address>0x82c97</load_address>
         <run_address>0x82c97</run_address>
         <size>0x17</size>
         <input_file_ref idref="fl-27"/>
      </object_component>
      <object_component id="oc-293">
         <name>.text:DCC_disableDoneSignal</name>
         <load_address>0x82cae</load_address>
         <run_address>0x82cae</run_address>
         <size>0x16</size>
         <input_file_ref idref="fl-12"/>
      </object_component>
      <object_component id="oc-2b">
         <name>.text:Interrupt_defaultHandler</name>
         <load_address>0x82cc4</load_address>
         <run_address>0x82cc4</run_address>
         <size>0x16</size>
         <input_file_ref idref="fl-10"/>
      </object_component>
      <object_component id="oc-281">
         <name>.text:DCC_clearDoneFlag</name>
         <load_address>0x82cda</load_address>
         <run_address>0x82cda</run_address>
         <size>0x15</size>
         <input_file_ref idref="fl-12"/>
      </object_component>
      <object_component id="oc-27b">
         <name>.text:DCC_clearErrorFlag</name>
         <load_address>0x82cef</load_address>
         <run_address>0x82cef</run_address>
         <size>0x15</size>
         <input_file_ref idref="fl-12"/>
      </object_component>
      <object_component id="oc-28d">
         <name>.text:DCC_disableErrorSignal</name>
         <load_address>0x82d04</load_address>
         <run_address>0x82d04</run_address>
         <size>0x15</size>
         <input_file_ref idref="fl-12"/>
      </object_component>
      <object_component id="oc-336">
         <name>.text:DCC_isBaseValid</name>
         <load_address>0x82d19</load_address>
         <run_address>0x82d19</run_address>
         <size>0x15</size>
         <input_file_ref idref="fl-12"/>
      </object_component>
      <object_component id="oc-197">
         <name>.text:GPIO_unlockPortConfig</name>
         <load_address>0x82d2e</load_address>
         <run_address>0x82d2e</run_address>
         <size>0x15</size>
         <input_file_ref idref="fl-5"/>
      </object_component>
      <object_component id="oc-514">
         <name>.text</name>
         <load_address>0x82d43</load_address>
         <run_address>0x82d43</run_address>
         <size>0x15</size>
         <input_file_ref idref="fl-61"/>
      </object_component>
      <object_component id="oc-287">
         <name>.text:DCC_disableModule</name>
         <load_address>0x82d58</load_address>
         <run_address>0x82d58</run_address>
         <size>0x14</size>
         <input_file_ref idref="fl-12"/>
      </object_component>
      <object_component id="oc-2b1">
         <name>.text:DCC_enableModule</name>
         <load_address>0x82d6c</load_address>
         <run_address>0x82d6c</run_address>
         <size>0x14</size>
         <input_file_ref idref="fl-12"/>
      </object_component>
      <object_component id="oc-254">
         <name>.text:User_LED_init</name>
         <load_address>0x82d80</load_address>
         <run_address>0x82d80</run_address>
         <size>0x14</size>
         <input_file_ref idref="fl-2"/>
      </object_component>
      <object_component id="oc-138">
         <name>.text:delay_ms</name>
         <load_address>0x82d94</load_address>
         <run_address>0x82d94</run_address>
         <size>0x11</size>
         <input_file_ref idref="fl-4"/>
      </object_component>
      <object_component id="oc-1fd">
         <name>.text:Flash_isCtrlBaseValid</name>
         <load_address>0x82da5</load_address>
         <run_address>0x82da5</run_address>
         <size>0x10</size>
         <input_file_ref idref="fl-e"/>
      </object_component>
      <object_component id="oc-204">
         <name>.text:Flash_isECCBaseValid</name>
         <load_address>0x82db5</load_address>
         <run_address>0x82db5</run_address>
         <size>0x10</size>
         <input_file_ref idref="fl-e"/>
      </object_component>
      <object_component id="oc-372">
         <name>.text</name>
         <load_address>0x82dc5</load_address>
         <run_address>0x82dc5</run_address>
         <size>0x10</size>
         <input_file_ref idref="fl-43"/>
      </object_component>
      <object_component id="oc-413">
         <name>.text</name>
         <load_address>0x82dd5</load_address>
         <run_address>0x82dd5</run_address>
         <size>0xe</size>
         <input_file_ref idref="fl-2c"/>
      </object_component>
      <object_component id="oc-19e">
         <name>.text:Interrupt_disableGlobal</name>
         <load_address>0x82de3</load_address>
         <run_address>0x82de3</run_address>
         <size>0xd</size>
         <input_file_ref idref="fl-10"/>
      </object_component>
      <object_component id="oc-164">
         <name>.text:SysCtl_setLowSpeedClock</name>
         <load_address>0x82df0</load_address>
         <run_address>0x82df0</run_address>
         <size>0xd</size>
         <input_file_ref idref="fl-5"/>
      </object_component>
      <object_component id="oc-51">
         <name>.text:decompress:ZI:__TI_zero_init_nomemset</name>
         <load_address>0x82dfd</load_address>
         <run_address>0x82dfd</run_address>
         <size>0xd</size>
         <input_file_ref idref="fl-39"/>
      </object_component>
      <object_component id="oc-2d5">
         <name>.text</name>
         <load_address>0x82e0a</load_address>
         <run_address>0x82e0a</run_address>
         <size>0xd</size>
         <input_file_ref idref="fl-44"/>
      </object_component>
      <object_component id="oc-97">
         <name>.text</name>
         <load_address>0x82e17</load_address>
         <run_address>0x82e17</run_address>
         <size>0xc</size>
         <input_file_ref idref="fl-3f"/>
      </object_component>
      <object_component id="oc-42e">
         <name>.text</name>
         <load_address>0x82e23</load_address>
         <run_address>0x82e23</run_address>
         <size>0xc</size>
         <input_file_ref idref="fl-47"/>
      </object_component>
      <object_component id="oc-158">
         <name>.text:SysCtl_disableWatchdog</name>
         <load_address>0x82e2f</load_address>
         <run_address>0x82e2f</run_address>
         <size>0xb</size>
         <input_file_ref idref="fl-5"/>
      </object_component>
      <object_component id="oc-1b6">
         <name>.text:SysCtl_isMCDClockFailureDetected</name>
         <load_address>0x82e3a</load_address>
         <run_address>0x82e3a</run_address>
         <size>0xb</size>
         <input_file_ref idref="fl-12"/>
      </object_component>
      <object_component id="oc-38f">
         <name>.text</name>
         <load_address>0x82e45</load_address>
         <run_address>0x82e45</run_address>
         <size>0xb</size>
         <input_file_ref idref="fl-26"/>
      </object_component>
      <object_component id="oc-37">
         <name>.text:Interrupt_illegalOperationHandler</name>
         <load_address>0x82e50</load_address>
         <run_address>0x82e50</run_address>
         <size>0xa</size>
         <input_file_ref idref="fl-10"/>
      </object_component>
      <object_component id="oc-3d">
         <name>.text:Interrupt_nmiHandler</name>
         <load_address>0x82e5a</load_address>
         <run_address>0x82e5a</run_address>
         <size>0xa</size>
         <input_file_ref idref="fl-10"/>
      </object_component>
      <object_component id="oc-1a5">
         <name>.text:PinMux_init</name>
         <load_address>0x82e64</load_address>
         <run_address>0x82e64</run_address>
         <size>0xa</size>
         <input_file_ref idref="fl-2"/>
      </object_component>
      <object_component id="oc-50e">
         <name>.text</name>
         <load_address>0x82e6e</load_address>
         <run_address>0x82e6e</run_address>
         <size>0xa</size>
         <input_file_ref idref="fl-60"/>
      </object_component>
      <object_component id="oc-145">
         <name>.text</name>
         <load_address>0x82e78</load_address>
         <run_address>0x82e78</run_address>
         <size>0x9</size>
         <input_file_ref idref="fl-3d"/>
      </object_component>
      <object_component id="oc-3f4">
         <name>.text</name>
         <load_address>0x82e81</load_address>
         <run_address>0x82e81</run_address>
         <size>0x9</size>
         <input_file_ref idref="fl-2b"/>
      </object_component>
      <object_component id="oc-19">
         <name>.text:decompress:none</name>
         <load_address>0x82e8a</load_address>
         <run_address>0x82e8a</run_address>
         <size>0x8</size>
         <input_file_ref idref="fl-3a"/>
      </object_component>
      <object_component id="oc-5d">
         <name>.text</name>
         <load_address>0x82e92</load_address>
         <run_address>0x82e92</run_address>
         <size>0x8</size>
         <input_file_ref idref="fl-6"/>
      </object_component>
      <object_component id="oc-2cf">
         <name>.text</name>
         <load_address>0x82e9a</load_address>
         <run_address>0x82e9a</run_address>
         <size>0x8</size>
         <input_file_ref idref="fl-49"/>
      </object_component>
      <object_component id="oc-189">
         <name>.text:ASysCtl_lockVREG</name>
         <load_address>0x82ea2</load_address>
         <run_address>0x82ea2</run_address>
         <size>0x7</size>
         <input_file_ref idref="fl-5"/>
      </object_component>
      <object_component id="oc-113">
         <name>.text:Board_init</name>
         <load_address>0x82ea9</load_address>
         <run_address>0x82ea9</run_address>
         <size>0x7</size>
         <input_file_ref idref="fl-2"/>
      </object_component>
      <object_component id="oc-32c">
         <name>.text:SysCtl_resetMCD</name>
         <load_address>0x82eb0</load_address>
         <run_address>0x82eb0</run_address>
         <size>0x7</size>
         <input_file_ref idref="fl-12"/>
      </object_component>
      <object_component id="oc-16b">
         <name>.text:__error__</name>
         <load_address>0x82eb7</load_address>
         <run_address>0x82eb7</run_address>
         <size>0x7</size>
         <input_file_ref idref="fl-5"/>
      </object_component>
      <object_component id="oc-75">
         <name>.text</name>
         <load_address>0x82ebe</load_address>
         <run_address>0x82ebe</run_address>
         <size>0x7</size>
         <input_file_ref idref="fl-46"/>
      </object_component>
      <object_component id="oc-36c">
         <name>.text</name>
         <load_address>0x82ec5</load_address>
         <run_address>0x82ec5</run_address>
         <size>0x5</size>
         <input_file_ref idref="fl-48"/>
      </object_component>
      <object_component id="oc-1ab">
         <name>.text:GPIO_init</name>
         <load_address>0x82eca</load_address>
         <run_address>0x82eca</run_address>
         <size>0x3</size>
         <input_file_ref idref="fl-2"/>
      </object_component>
      <object_component id="oc-90">
         <name>.text</name>
         <load_address>0x82ecd</load_address>
         <run_address>0x82ecd</run_address>
         <size>0x2</size>
         <input_file_ref idref="fl-37"/>
      </object_component>
      <object_component id="oc-ec">
         <name>.text</name>
         <load_address>0x82ecf</load_address>
         <run_address>0x82ecf</run_address>
         <size>0x1</size>
         <input_file_ref idref="fl-53"/>
      </object_component>
      <object_component id="oc-58a">
         <name>.cinit..data.load</name>
         <load_address>0x82ed0</load_address>
         <run_address>0x82ed0</run_address>
         <size>0x31</size>
      </object_component>
      <object_component id="oc-587">
         <name>__TI_handler_table</name>
         <load_address>0x82f02</load_address>
         <run_address>0x82f02</run_address>
         <size>0x6</size>
      </object_component>
      <object_component id="oc-589">
         <name>.cinit..bss.load</name>
         <load_address>0x82f08</load_address>
         <run_address>0x82f08</run_address>
         <size>0x4</size>
      </object_component>
      <object_component id="oc-588">
         <name>__TI_cinit_table</name>
         <load_address>0x82f0c</load_address>
         <run_address>0x82f0c</run_address>
         <size>0x8</size>
      </object_component>
      <object_component id="oc-43">
         <name>.stack</name>
         <uninitialized>true</uninitialized>
         <run_address>0x400</run_address>
         <size>0x0</size>
         <input_file_ref idref="fl-27"/>
      </object_component>
      <object_component id="oc-58b">
         <name>.stack</name>
         <uninitialized>true</uninitialized>
         <run_address>0x400</run_address>
         <size>0x0</size>
      </object_component>
      <object_component id="oc-4d2">
         <name>.bss:__TI_tmpnams</name>
         <uninitialized>true</uninitialized>
         <run_address>0xa920</run_address>
         <size>0xa0</size>
         <input_file_ref idref="fl-42"/>
      </object_component>
      <object_component id="oc-43b">
         <name>.bss</name>
         <uninitialized>true</uninitialized>
         <run_address>0xa9c8</run_address>
         <size>0x2</size>
         <input_file_ref idref="fl-45"/>
      </object_component>
      <object_component id="oc-4e0">
         <name>.bss:parmbuf</name>
         <uninitialized>true</uninitialized>
         <run_address>0xa9c0</run_address>
         <size>0x8</size>
         <input_file_ref idref="fl-56"/>
      </object_component>
      <object_component id="oc-52a">
         <name>.bss:_CIOBUF_</name>
         <uninitialized>true</uninitialized>
         <run_address>0xa800</run_address>
         <size>0x120</size>
         <input_file_ref idref="fl-5b"/>
      </object_component>
      <object_component id="oc-3e1">
         <name>.const:.string:_ctypes_</name>
         <load_address>0x80008</load_address>
         <run_address>0x80008</run_address>
         <size>0x101</size>
         <input_file_ref idref="fl-41"/>
      </object_component>
      <object_component id="oc-203">
         <name>.const:.string</name>
         <load_address>0x8010a</load_address>
         <run_address>0x8010a</run_address>
         <size>0x9b</size>
         <input_file_ref idref="fl-e"/>
      </object_component>
      <object_component id="oc-1b5">
         <name>.const:.string</name>
         <load_address>0x801a6</load_address>
         <run_address>0x801a6</run_address>
         <size>0x9a</size>
         <input_file_ref idref="fl-12"/>
      </object_component>
      <object_component id="oc-245">
         <name>.const:.string</name>
         <load_address>0x80240</load_address>
         <run_address>0x80240</run_address>
         <size>0x98</size>
         <input_file_ref idref="fl-f"/>
      </object_component>
      <object_component id="oc-16a">
         <name>.const:.string</name>
         <load_address>0x802d8</load_address>
         <run_address>0x802d8</run_address>
         <size>0x57</size>
         <input_file_ref idref="fl-5"/>
      </object_component>
      <object_component id="oc-12b">
         <name>.const:.string</name>
         <load_address>0x80330</load_address>
         <run_address>0x80330</run_address>
         <size>0x4e</size>
         <input_file_ref idref="fl-4"/>
      </object_component>
      <object_component id="oc-240">
         <name>.const:.string</name>
         <load_address>0x8037e</load_address>
         <run_address>0x8037e</run_address>
         <size>0x4b</size>
         <input_file_ref idref="fl-11"/>
      </object_component>
      <object_component id="oc-36b">
         <name>.const:.string</name>
         <load_address>0x803ca</load_address>
         <run_address>0x803ca</run_address>
         <size>0x26</size>
         <input_file_ref idref="fl-1f"/>
      </object_component>
      <object_component id="oc-3ee">
         <name>.const</name>
         <load_address>0x803f0</load_address>
         <run_address>0x803f0</run_address>
         <size>0x1c</size>
         <input_file_ref idref="fl-1f"/>
      </object_component>
      <object_component id="oc-4ae">
         <name>.const</name>
         <load_address>0x8040c</load_address>
         <run_address>0x8040c</run_address>
         <size>0x1c</size>
         <input_file_ref idref="fl-25"/>
      </object_component>
      <object_component id="oc-4a9">
         <name>.const</name>
         <load_address>0x80428</load_address>
         <run_address>0x80428</run_address>
         <size>0x8</size>
         <input_file_ref idref="fl-24"/>
      </object_component>
      <object_component id="oc-2db">
         <name>.const:.string</name>
         <load_address>0x80430</load_address>
         <run_address>0x80430</run_address>
         <size>0x2</size>
         <input_file_ref idref="fl-21"/>
      </object_component>
      <object_component id="oc-e1">
         <name>.data</name>
         <load_address>0xaab2</load_address>
         <run_address>0xaab2</run_address>
         <size>0x6</size>
         <input_file_ref idref="fl-3c"/>
      </object_component>
      <object_component id="oc-e4">
         <name>.data:_lock</name>
         <load_address>0xaab8</load_address>
         <run_address>0xaab8</run_address>
         <size>0x2</size>
         <input_file_ref idref="fl-3d"/>
      </object_component>
      <object_component id="oc-1e2">
         <name>.data:_unlock</name>
         <load_address>0xaaba</load_address>
         <run_address>0xaaba</run_address>
         <size>0x2</size>
         <input_file_ref idref="fl-3d"/>
      </object_component>
      <object_component id="oc-354">
         <name>.data</name>
         <load_address>0xaabc</load_address>
         <run_address>0xaabc</run_address>
         <size>0x1</size>
         <input_file_ref idref="fl-42"/>
      </object_component>
      <object_component id="oc-1de">
         <name>.data:_ftable</name>
         <load_address>0xa9ca</load_address>
         <run_address>0xa9ca</run_address>
         <size>0x78</size>
         <input_file_ref idref="fl-42"/>
      </object_component>
      <object_component id="oc-43e">
         <name>.data</name>
         <load_address>0xaabf</load_address>
         <run_address>0xaabf</run_address>
         <size>0x1</size>
         <input_file_ref idref="fl-45"/>
      </object_component>
      <object_component id="oc-395">
         <name>.data</name>
         <load_address>0xaabd</load_address>
         <run_address>0xaabd</run_address>
         <size>0x1</size>
         <input_file_ref idref="fl-4a"/>
      </object_component>
      <object_component id="oc-359">
         <name>.data:_stream</name>
         <load_address>0xaa8a</load_address>
         <run_address>0xaa8a</run_address>
         <size>0x28</size>
         <input_file_ref idref="fl-4c"/>
      </object_component>
      <object_component id="oc-3cb">
         <name>.data:_device</name>
         <load_address>0xaa42</load_address>
         <run_address>0xaa42</run_address>
         <size>0x48</size>
         <input_file_ref idref="fl-4c"/>
      </object_component>
      <object_component id="oc-44e">
         <name>.data</name>
         <load_address>0xaabe</load_address>
         <run_address>0xaabe</run_address>
         <size>0x1</size>
         <input_file_ref idref="fl-4e"/>
      </object_component>
      <object_component id="oc-4c3">
         <name>.data</name>
         <load_address>0xaac0</load_address>
         <run_address>0xaac0</run_address>
         <size>0x1</size>
         <input_file_ref idref="fl-5c"/>
      </object_component>
      <object_component id="oc-44">
         <name>.sysmem</name>
         <uninitialized>true</uninitialized>
         <run_address>0xa000</run_address>
         <size>0x4</size>
         <input_file_ref idref="fl-45"/>
      </object_component>
      <object_component id="oc-58c">
         <name>.sysmem</name>
         <uninitialized>true</uninitialized>
         <run_address>0xa000</run_address>
         <size>0x0</size>
      </object_component>
      <object_component id="oc-15e">
         <name>.TI.ramfunc:Flash_initModule</name>
         <load_address>0x80438</load_address>
         <run_address>0x8000</run_address>
         <size>0x36</size>
         <input_file_ref idref="fl-e"/>
      </object_component>
      <object_component id="oc-216">
         <name>.TI.ramfunc:Flash_setWaitstates</name>
         <load_address>0x8046e</load_address>
         <run_address>0x8036</run_address>
         <size>0x22</size>
         <input_file_ref idref="fl-e"/>
      </object_component>
      <object_component id="oc-20a">
         <name>.TI.ramfunc:Flash_disableCache</name>
         <load_address>0x80490</load_address>
         <run_address>0x8058</run_address>
         <size>0x18</size>
         <input_file_ref idref="fl-e"/>
      </object_component>
      <object_component id="oc-210">
         <name>.TI.ramfunc:Flash_disablePrefetch</name>
         <load_address>0x804a8</load_address>
         <run_address>0x8070</run_address>
         <size>0x17</size>
         <input_file_ref idref="fl-e"/>
      </object_component>
      <object_component id="oc-21c">
         <name>.TI.ramfunc:Flash_enableCache</name>
         <load_address>0x804bf</load_address>
         <run_address>0x8087</run_address>
         <size>0x16</size>
         <input_file_ref idref="fl-e"/>
      </object_component>
      <object_component id="oc-228">
         <name>.TI.ramfunc:Flash_enableECC</name>
         <load_address>0x804d5</load_address>
         <run_address>0x809d</run_address>
         <size>0x16</size>
         <input_file_ref idref="fl-e"/>
      </object_component>
      <object_component id="oc-222">
         <name>.TI.ramfunc:Flash_enablePrefetch</name>
         <load_address>0x804eb</load_address>
         <run_address>0x80b3</run_address>
         <size>0x16</size>
         <input_file_ref idref="fl-e"/>
      </object_component>
      <object_component id="oc-1bc">
         <name>.TI.ramfunc</name>
         <load_address>0x80501</load_address>
         <run_address>0x80c9</run_address>
         <size>0x4</size>
         <input_file_ref idref="fl-12"/>
      </object_component>
      <object_component id="oc-1b2">
         <name>.debug_types</name>
         <load_address>0x0</load_address>
         <run_address>0x0</run_address>
         <size>0x5d1</size>
         <input_file_ref idref="fl-2"/>
      </object_component>
      <object_component id="oc-1b4">
         <name>.debug_types</name>
         <load_address>0x0</load_address>
         <run_address>0x0</run_address>
         <size>0x0</size>
         <input_file_ref idref="fl-3"/>
      </object_component>
      <object_component id="oc-13f">
         <name>.debug_types</name>
         <load_address>0x5d1</load_address>
         <run_address>0x5d1</run_address>
         <size>0xe3</size>
         <input_file_ref idref="fl-4"/>
      </object_component>
      <object_component id="oc-196">
         <name>.debug_types</name>
         <load_address>0x6b4</load_address>
         <run_address>0x6b4</run_address>
         <size>0xd09</size>
         <input_file_ref idref="fl-5"/>
      </object_component>
      <object_component id="oc-22f">
         <name>.debug_types</name>
         <load_address>0x0</load_address>
         <run_address>0x0</run_address>
         <size>0x0</size>
         <input_file_ref idref="fl-e"/>
      </object_component>
      <object_component id="oc-247">
         <name>.debug_types</name>
         <load_address>0x13bd</load_address>
         <run_address>0x13bd</run_address>
         <size>0x24d</size>
         <input_file_ref idref="fl-f"/>
      </object_component>
      <object_component id="oc-64">
         <name>.debug_types</name>
         <load_address>0x0</load_address>
         <run_address>0x0</run_address>
         <size>0x0</size>
         <input_file_ref idref="fl-10"/>
      </object_component>
      <object_component id="oc-242">
         <name>.debug_types</name>
         <load_address>0x0</load_address>
         <run_address>0x0</run_address>
         <size>0x0</size>
         <input_file_ref idref="fl-11"/>
      </object_component>
      <object_component id="oc-1d0">
         <name>.debug_types</name>
         <load_address>0x160a</load_address>
         <run_address>0x160a</run_address>
         <size>0xad6</size>
         <input_file_ref idref="fl-12"/>
      </object_component>
      <object_component id="oc-1e6">
         <name>.debug_types</name>
         <load_address>0x20e0</load_address>
         <run_address>0x20e0</run_address>
         <size>0x414</size>
         <input_file_ref idref="fl-1e"/>
      </object_component>
      <object_component id="oc-379">
         <name>.debug_types</name>
         <load_address>0x24f4</load_address>
         <run_address>0x24f4</run_address>
         <size>0xb27</size>
         <input_file_ref idref="fl-1f"/>
      </object_component>
      <object_component id="oc-2ce">
         <name>.debug_types</name>
         <load_address>0x301b</load_address>
         <run_address>0x301b</run_address>
         <size>0x2f</size>
         <input_file_ref idref="fl-20"/>
      </object_component>
      <object_component id="oc-2dd">
         <name>.debug_types</name>
         <load_address>0x304a</load_address>
         <run_address>0x304a</run_address>
         <size>0x68</size>
         <input_file_ref idref="fl-21"/>
      </object_component>
      <object_component id="oc-353">
         <name>.debug_types</name>
         <load_address>0x0</load_address>
         <run_address>0x0</run_address>
         <size>0x0</size>
         <input_file_ref idref="fl-22"/>
      </object_component>
      <object_component id="oc-3c2">
         <name>.debug_types</name>
         <load_address>0x0</load_address>
         <run_address>0x0</run_address>
         <size>0x0</size>
         <input_file_ref idref="fl-23"/>
      </object_component>
      <object_component id="oc-4ad">
         <name>.debug_types</name>
         <load_address>0x30b2</load_address>
         <run_address>0x30b2</run_address>
         <size>0x9b</size>
         <input_file_ref idref="fl-24"/>
      </object_component>
      <object_component id="oc-4b8">
         <name>.debug_types</name>
         <load_address>0x0</load_address>
         <run_address>0x0</run_address>
         <size>0x0</size>
         <input_file_ref idref="fl-25"/>
      </object_component>
      <object_component id="oc-3ea">
         <name>.debug_types</name>
         <load_address>0x314d</load_address>
         <run_address>0x314d</run_address>
         <size>0x160</size>
         <input_file_ref idref="fl-26"/>
      </object_component>
      <object_component id="oc-6f">
         <name>.debug_types</name>
         <load_address>0x32ad</load_address>
         <run_address>0x32ad</run_address>
         <size>0x2f</size>
         <input_file_ref idref="fl-36"/>
      </object_component>
      <object_component id="oc-a8">
         <name>.debug_types</name>
         <load_address>0x0</load_address>
         <run_address>0x0</run_address>
         <size>0x0</size>
         <input_file_ref idref="fl-37"/>
      </object_component>
      <object_component id="oc-f3">
         <name>.debug_types</name>
         <load_address>0x32dc</load_address>
         <run_address>0x32dc</run_address>
         <size>0x441</size>
         <input_file_ref idref="fl-38"/>
      </object_component>
      <object_component id="oc-74">
         <name>.debug_types</name>
         <load_address>0x371d</load_address>
         <run_address>0x371d</run_address>
         <size>0x169</size>
         <input_file_ref idref="fl-39"/>
      </object_component>
      <object_component id="oc-50">
         <name>.debug_types</name>
         <load_address>0x0</load_address>
         <run_address>0x0</run_address>
         <size>0x0</size>
         <input_file_ref idref="fl-3a"/>
      </object_component>
      <object_component id="oc-48">
         <name>.debug_types</name>
         <load_address>0x3886</load_address>
         <run_address>0x3886</run_address>
         <size>0x191</size>
         <input_file_ref idref="fl-3b"/>
      </object_component>
      <object_component id="oc-e8">
         <name>.debug_types</name>
         <load_address>0x3a17</load_address>
         <run_address>0x3a17</run_address>
         <size>0x90</size>
         <input_file_ref idref="fl-3c"/>
      </object_component>
      <object_component id="oc-14d">
         <name>.debug_types</name>
         <load_address>0x3aa7</load_address>
         <run_address>0x3aa7</run_address>
         <size>0x2f</size>
         <input_file_ref idref="fl-3d"/>
      </object_component>
      <object_component id="oc-4a0">
         <name>.debug_types</name>
         <load_address>0x3ad6</load_address>
         <run_address>0x3ad6</run_address>
         <size>0x61</size>
         <input_file_ref idref="fl-3e"/>
      </object_component>
      <object_component id="oc-e0">
         <name>.debug_types</name>
         <load_address>0x3b37</load_address>
         <run_address>0x3b37</run_address>
         <size>0xb6</size>
         <input_file_ref idref="fl-3f"/>
      </object_component>
      <object_component id="oc-3e5">
         <name>.debug_types</name>
         <load_address>0x3bed</load_address>
         <run_address>0x3bed</run_address>
         <size>0x34</size>
         <input_file_ref idref="fl-40"/>
      </object_component>
      <object_component id="oc-48b">
         <name>.debug_types</name>
         <load_address>0x0</load_address>
         <run_address>0x0</run_address>
         <size>0x0</size>
         <input_file_ref idref="fl-41"/>
      </object_component>
      <object_component id="oc-2e0">
         <name>.debug_types</name>
         <load_address>0x3c21</load_address>
         <run_address>0x3c21</run_address>
         <size>0x66</size>
         <input_file_ref idref="fl-42"/>
      </object_component>
      <object_component id="oc-3dd">
         <name>.debug_types</name>
         <load_address>0x0</load_address>
         <run_address>0x0</run_address>
         <size>0x0</size>
         <input_file_ref idref="fl-43"/>
      </object_component>
      <object_component id="oc-364">
         <name>.debug_types</name>
         <load_address>0x0</load_address>
         <run_address>0x0</run_address>
         <size>0x0</size>
         <input_file_ref idref="fl-44"/>
      </object_component>
      <object_component id="oc-6a">
         <name>.debug_types</name>
         <load_address>0x3c87</load_address>
         <run_address>0x3c87</run_address>
         <size>0x23d</size>
         <input_file_ref idref="fl-45"/>
      </object_component>
      <object_component id="oc-8f">
         <name>.debug_types</name>
         <load_address>0x0</load_address>
         <run_address>0x0</run_address>
         <size>0x0</size>
         <input_file_ref idref="fl-46"/>
      </object_component>
      <object_component id="oc-4bb">
         <name>.debug_types</name>
         <load_address>0x0</load_address>
         <run_address>0x0</run_address>
         <size>0x0</size>
         <input_file_ref idref="fl-47"/>
      </object_component>
      <object_component id="oc-3db">
         <name>.debug_types</name>
         <load_address>0x3ec4</load_address>
         <run_address>0x3ec4</run_address>
         <size>0x34</size>
         <input_file_ref idref="fl-48"/>
      </object_component>
      <object_component id="oc-362">
         <name>.debug_types</name>
         <load_address>0x0</load_address>
         <run_address>0x0</run_address>
         <size>0x0</size>
         <input_file_ref idref="fl-49"/>
      </object_component>
      <object_component id="oc-3ed">
         <name>.debug_types</name>
         <load_address>0x0</load_address>
         <run_address>0x0</run_address>
         <size>0x0</size>
         <input_file_ref idref="fl-4a"/>
      </object_component>
      <object_component id="oc-35d">
         <name>.debug_types</name>
         <load_address>0x3ef8</load_address>
         <run_address>0x3ef8</run_address>
         <size>0x575</size>
         <input_file_ref idref="fl-4b"/>
      </object_component>
      <object_component id="oc-3d0">
         <name>.debug_types</name>
         <load_address>0x446d</load_address>
         <run_address>0x446d</run_address>
         <size>0x32</size>
         <input_file_ref idref="fl-4c"/>
      </object_component>
      <object_component id="oc-358">
         <name>.debug_types</name>
         <load_address>0x0</load_address>
         <run_address>0x0</run_address>
         <size>0x0</size>
         <input_file_ref idref="fl-4d"/>
      </object_component>
      <object_component id="oc-450">
         <name>.debug_types</name>
         <load_address>0x0</load_address>
         <run_address>0x0</run_address>
         <size>0x0</size>
         <input_file_ref idref="fl-4e"/>
      </object_component>
      <object_component id="oc-3b4">
         <name>.debug_types</name>
         <load_address>0x0</load_address>
         <run_address>0x0</run_address>
         <size>0x0</size>
         <input_file_ref idref="fl-4f"/>
      </object_component>
      <object_component id="oc-507">
         <name>.debug_types</name>
         <load_address>0x0</load_address>
         <run_address>0x0</run_address>
         <size>0x0</size>
         <input_file_ref idref="fl-50"/>
      </object_component>
      <object_component id="oc-152">
         <name>.debug_types</name>
         <load_address>0x0</load_address>
         <run_address>0x0</run_address>
         <size>0x0</size>
         <input_file_ref idref="fl-53"/>
      </object_component>
      <object_component id="oc-4ec">
         <name>.debug_types</name>
         <load_address>0x449f</load_address>
         <run_address>0x449f</run_address>
         <size>0x9e</size>
         <input_file_ref idref="fl-54"/>
      </object_component>
      <object_component id="oc-4f2">
         <name>.debug_types</name>
         <load_address>0x453d</load_address>
         <run_address>0x453d</run_address>
         <size>0x2f</size>
         <input_file_ref idref="fl-55"/>
      </object_component>
      <object_component id="oc-4ea">
         <name>.debug_types</name>
         <load_address>0x0</load_address>
         <run_address>0x0</run_address>
         <size>0x0</size>
         <input_file_ref idref="fl-56"/>
      </object_component>
      <object_component id="oc-4ee">
         <name>.debug_types</name>
         <load_address>0x0</load_address>
         <run_address>0x0</run_address>
         <size>0x0</size>
         <input_file_ref idref="fl-57"/>
      </object_component>
      <object_component id="oc-4f6">
         <name>.debug_types</name>
         <load_address>0x0</load_address>
         <run_address>0x0</run_address>
         <size>0x0</size>
         <input_file_ref idref="fl-58"/>
      </object_component>
      <object_component id="oc-4f4">
         <name>.debug_types</name>
         <load_address>0x0</load_address>
         <run_address>0x0</run_address>
         <size>0x0</size>
         <input_file_ref idref="fl-59"/>
      </object_component>
      <object_component id="oc-4f0">
         <name>.debug_types</name>
         <load_address>0x0</load_address>
         <run_address>0x0</run_address>
         <size>0x0</size>
         <input_file_ref idref="fl-5a"/>
      </object_component>
      <object_component id="oc-52e">
         <name>.debug_types</name>
         <load_address>0x456c</load_address>
         <run_address>0x456c</run_address>
         <size>0x63</size>
         <input_file_ref idref="fl-5b"/>
      </object_component>
      <object_component id="oc-4cb">
         <name>.debug_types</name>
         <load_address>0x45cf</load_address>
         <run_address>0x45cf</run_address>
         <size>0x56</size>
         <input_file_ref idref="fl-5c"/>
      </object_component>
      <object_component id="oc-437">
         <name>.debug_types</name>
         <load_address>0x0</load_address>
         <run_address>0x0</run_address>
         <size>0x0</size>
         <input_file_ref idref="fl-5d"/>
      </object_component>
      <object_component id="oc-4dc">
         <name>.debug_types</name>
         <load_address>0x0</load_address>
         <run_address>0x0</run_address>
         <size>0x0</size>
         <input_file_ref idref="fl-5e"/>
      </object_component>
      <object_component id="oc-51b">
         <name>.debug_types</name>
         <load_address>0x4625</load_address>
         <run_address>0x4625</run_address>
         <size>0x2f</size>
         <input_file_ref idref="fl-5f"/>
      </object_component>
      <object_component id="oc-548">
         <name>.debug_types</name>
         <load_address>0x0</load_address>
         <run_address>0x0</run_address>
         <size>0x0</size>
         <input_file_ref idref="fl-60"/>
      </object_component>
      <object_component id="oc-54a">
         <name>.debug_types</name>
         <load_address>0x0</load_address>
         <run_address>0x0</run_address>
         <size>0x0</size>
         <input_file_ref idref="fl-61"/>
      </object_component>
      <object_component id="oc-520">
         <name>.debug_types</name>
         <load_address>0x0</load_address>
         <run_address>0x0</run_address>
         <size>0x0</size>
         <input_file_ref idref="fl-63"/>
      </object_component>
      <object_component id="oc-524">
         <name>.debug_types</name>
         <load_address>0x0</load_address>
         <run_address>0x0</run_address>
         <size>0x0</size>
         <input_file_ref idref="fl-64"/>
      </object_component>
      <object_component id="oc-117">
         <name>.debug_info</name>
         <load_address>0x0</load_address>
         <run_address>0x0</run_address>
         <size>0x124</size>
         <input_file_ref idref="fl-2"/>
      </object_component>
      <object_component id="oc-1a9">
         <name>.debug_info</name>
         <load_address>0x124</load_address>
         <run_address>0x124</run_address>
         <size>0x135</size>
         <input_file_ref idref="fl-2"/>
      </object_component>
      <object_component id="oc-1ae">
         <name>.debug_info</name>
         <load_address>0x259</load_address>
         <run_address>0x259</run_address>
         <size>0x115</size>
         <input_file_ref idref="fl-2"/>
      </object_component>
      <object_component id="oc-255">
         <name>.debug_info</name>
         <load_address>0x36e</load_address>
         <run_address>0x36e</run_address>
         <size>0x177</size>
[...]
      <symbol id="sm-335">
         <name>SysCtl_selectXTALSingleEnded</name>
         <value>0x829e5</value>
         <object_component_ref idref="oc-268"/>
      </symbol>
      <symbol id="sm-336">
         <name>SysCtl_selectXTAL</name>
         <value>0x82453</value>
         <object_component_ref idref="oc-262"/>
      </symbol>
      <symbol id="sm-337">
         <name>SysCtl_selectOscSource</name>
         <value>0x8240c</value>
         <object_component_ref idref="oc-1bd"/>
      </symbol>
      <symbol id="sm-338">
         <name>SysCtl_getLowSpeedClock</name>
         <value>0x82bbd</value>
         <object_component_ref idref="oc-171"/>
      </symbol>
      <symbol id="sm-339">
         <name>SysCtl_setClock</name>
         <value>0x81476</value>
         <object_component_ref idref="oc-11f"/>
      </symbol>
      <symbol id="sm-33a">
         <name>SysCtl_getClock</name>
         <value>0x82134</value>
         <object_component_ref idref="oc-125"/>
      </symbol>
      <symbol id="sm-34b">
         <name>printf</name>
         <value>0x82771</value>
         <object_component_ref idref="oc-12c"/>
      </symbol>
      <symbol id="sm-4b3">
         <name>__TI_printfi</name>
         <value>0x81059</value>
         <object_component_ref idref="oc-2ed"/>
      </symbol>
      <symbol id="sm-4c7">
         <name>putc</name>
         <value>0x82316</value>
         <object_component_ref idref="oc-1d2"/>
      </symbol>
      <symbol id="sm-4c8">
         <name>fputc</name>
         <value>0x82316</value>
         <object_component_ref idref="oc-1d2"/>
      </symbol>
      <symbol id="sm-4c9">
         <name>putchar</name>
         <value>0x82364</value>
         <object_component_ref idref="oc-1d2"/>
      </symbol>
      <symbol id="sm-4e6">
         <name>puts</name>
         <value>0x81c86</value>
         <object_component_ref idref="oc-1d8"/>
      </symbol>
      <symbol id="sm-4e7">
         <name>fputs</name>
         <value>0x81bf1</value>
         <object_component_ref idref="oc-1d8"/>
      </symbol>
      <symbol id="sm-4ff">
         <name>__TI_wrt_ok</name>
         <value>0x82199</value>
         <object_component_ref idref="oc-2bb"/>
      </symbol>
      <symbol id="sm-500">
         <name>__TI_rd_ok</name>
         <value>0x821d3</value>
         <object_component_ref idref="oc-2bb"/>
      </symbol>
      <symbol id="sm-518">
         <name>setvbuf</name>
         <value>0x81f61</value>
         <object_component_ref idref="oc-34c"/>
      </symbol>
      <symbol id="sm-52f">
         <name>frexpl</name>
         <value>0x822bc</value>
         <object_component_ref idref="oc-41d"/>
      </symbol>
      <symbol id="sm-530">
         <name>frexp</name>
         <value>0x822bc</value>
         <object_component_ref idref="oc-41d"/>
      </symbol>
      <symbol id="sm-552">
         <name>scalbn</name>
         <value>0x81b48</value>
         <object_component_ref idref="oc-423"/>
      </symbol>
      <symbol id="sm-553">
         <name>scalbnl</name>
         <value>0x81b48</value>
         <object_component_ref idref="oc-423"/>
      </symbol>
      <symbol id="sm-554">
         <name>ldexpl</name>
         <value>0x81b48</value>
         <object_component_ref idref="oc-423"/>
      </symbol>
      <symbol id="sm-555">
         <name>ldexp</name>
         <value>0x81b48</value>
         <object_component_ref idref="oc-423"/>
      </symbol>
      <symbol id="sm-564">
         <name>wcslen</name>
         <value>0x82e45</value>
         <object_component_ref idref="oc-38f"/>
      </symbol>
      <symbol id="sm-56e">
         <name>_c_int00</name>
         <value>0x82c97</value>
         <object_component_ref idref="oc-7c"/>
      </symbol>
      <symbol id="sm-56f">
         <name>__stack</name>
         <value>0x400</value>
         <object_component_ref idref="oc-43"/>
      </symbol>
      <symbol id="sm-586">
         <name>__c28xabi_addd</name>
         <value>0x81c99</value>
         <object_component_ref idref="oc-4a2"/>
      </symbol>
      <symbol id="sm-592">
         <name>__c28xabi_cmpd</name>
         <value>0x8293f</value>
         <object_component_ref idref="oc-3ef"/>
      </symbol>
      <symbol id="sm-5a0">
         <name>__c28xabi_mpyd</name>
         <value>0x81ede</value>
         <object_component_ref idref="oc-3fe"/>
      </symbol>
      <symbol id="sm-5a9">
         <name>__c28xabi_negd</name>
         <value>0x82e81</value>
         <object_component_ref idref="oc-3f4"/>
      </symbol>
      <symbol id="sm-5b1">
         <name>__c28xabi_subd</name>
         <value>0x82dd5</value>
         <object_component_ref idref="oc-413"/>
      </symbol>
      <symbol id="sm-5bc">
         <name>__c28xabi_dtoi</name>
         <value>0x82a76</value>
         <object_component_ref idref="oc-418"/>
      </symbol>
      <symbol id="sm-5c7">
         <name>__c28xabi_dtol</name>
         <value>0x82ab6</value>
         <object_component_ref idref="oc-403"/>
      </symbol>
      <symbol id="sm-5d4">
         <name>__c28xabi_divf</name>
         <value>0x81e56</value>
         <object_component_ref idref="oc-270"/>
      </symbol>
      <symbol id="sm-5dc">
         <name>__c28xabi_orll</name>
         <value>0x82c2a</value>
         <object_component_ref idref="oc-38a"/>
      </symbol>
      <symbol id="sm-5dd">
         <name>__c28xabi_xorll</name>
         <value>0x82c32</value>
         <object_component_ref idref="oc-38a"/>
      </symbol>
      <symbol id="sm-5de">
         <name>__c28xabi_andll</name>
         <value>0x82c22</value>
         <object_component_ref idref="oc-38a"/>
      </symbol>
      <symbol id="sm-5e8">
         <name>__c28xabi_cmpll</name>
         <value>0x82b2f</value>
         <object_component_ref idref="oc-380"/>
      </symbol>
      <symbol id="sm-5e9">
         <name>__c28xabi_cmpull</name>
         <value>0x82b41</value>
         <object_component_ref idref="oc-380"/>
      </symbol>
      <symbol id="sm-610">
         <name>__c28xabi_modull</name>
         <value>0x8175f</value>
         <object_component_ref idref="oc-385"/>
      </symbol>
      <symbol id="sm-611">
         <name>__c28xabi_divull</name>
         <value>0x81730</value>
         <object_component_ref idref="oc-385"/>
      </symbol>
      <symbol id="sm-612">
         <name>__c28xabi_divll</name>
         <value>0x816ba</value>
         <object_component_ref idref="oc-385"/>
      </symbol>
      <symbol id="sm-613">
         <name>__c28xabi_modll</name>
         <value>0x816f6</value>
         <object_component_ref idref="oc-385"/>
      </symbol>
      <symbol id="sm-61f">
         <name>__c28xabi_itod</name>
         <value>0x82b4d</value>
         <object_component_ref idref="oc-429"/>
      </symbol>
      <symbol id="sm-62b">
         <name>__c28xabi_ltod</name>
         <value>0x82b87</value>
         <object_component_ref idref="oc-40e"/>
      </symbol>
      <symbol id="sm-63e">
         <name>__c28xabi_divd</name>
         <value>0x81dcb</value>
         <object_component_ref idref="oc-3f9"/>
      </symbol>
      <symbol id="sm-650">
         <name>memcpy</name>
         <value>0x82b6a</value>
         <object_component_ref idref="oc-49"/>
      </symbol>
      <symbol id="sm-65d">
         <name>_system_pre_init</name>
         <value>0x82ecd</value>
         <object_component_ref idref="oc-90"/>
      </symbol>
      <symbol id="sm-66c">
         <name>__TI_auto_init_nobinit_nopinit</name>
         <value>0x828ea</value>
         <object_component_ref idref="oc-a9"/>
      </symbol>
      <symbol id="sm-67b">
         <name>__TI_zero_init_nomemset</name>
         <value>0x82dfd</value>
         <object_component_ref idref="oc-51"/>
      </symbol>
      <symbol id="sm-688">
         <name>__TI_decompress_none</name>
         <value>0x82e8a</value>
         <object_component_ref idref="oc-19"/>
      </symbol>
      <symbol id="sm-69c">
         <name>__TI_decompress_lzss</name>
         <value>0x82864</value>
         <object_component_ref idref="oc-13"/>
      </symbol>
      <symbol id="sm-6b2">
         <name>C$$EXIT</name>
         <value>0x82993</value>
         <object_component_ref idref="oc-9d"/>
      </symbol>
      <symbol id="sm-6b3">
         <name>abort</name>
         <value>0x82993</value>
         <object_component_ref idref="oc-9d"/>
      </symbol>
      <symbol id="sm-6b4">
         <name>exit</name>
         <value>0x82995</value>
         <object_component_ref idref="oc-9d"/>
      </symbol>
      <symbol id="sm-6b5">
         <name>__TI_dtors_ptr</name>
         <value>0xaab6</value>
         <object_component_ref idref="oc-e1"/>
      </symbol>
      <symbol id="sm-6b6">
         <name>__TI_cleanup_ptr</name>
         <value>0xaab4</value>
         <object_component_ref idref="oc-e1"/>
      </symbol>
      <symbol id="sm-6b7">
         <name>__TI_enable_exit_profile_output</name>
         <value>0xaab2</value>
         <object_component_ref idref="oc-e1"/>
      </symbol>
      <symbol id="sm-6ce">
         <name>_nop</name>
         <value>0x82e80</value>
         <object_component_ref idref="oc-145"/>
      </symbol>
      <symbol id="sm-6cf">
         <name>_lock</name>
         <value>0xaab8</value>
         <object_component_ref idref="oc-e4"/>
      </symbol>
      <symbol id="sm-6d0">
         <name>_unlock</name>
         <value>0xaaba</value>
         <object_component_ref idref="oc-1e2"/>
      </symbol>
      <symbol id="sm-6d1">
         <name>_register_lock</name>
         <value>0x82e7c</value>
         <object_component_ref idref="oc-145"/>
      </symbol>
      <symbol id="sm-6d2">
         <name>_register_unlock</name>
         <value>0x82e78</value>
         <object_component_ref idref="oc-145"/>
      </symbol>
      <symbol id="sm-6e1">
         <name>__TI_ltoa</name>
         <value>0x82834</value>
         <object_component_ref idref="oc-408"/>
      </symbol>
      <symbol id="sm-6f0">
         <name>_args_main</name>
         <value>0x82e17</value>
         <object_component_ref idref="oc-97"/>
      </symbol>
      <symbol id="sm-705">
         <name>atoi</name>
         <value>0x82803</value>
         <object_component_ref idref="oc-37a"/>
      </symbol>
      <symbol id="sm-710">
         <name>_ctypes_</name>
         <value>0x80008</value>
         <object_component_ref idref="oc-3e1"/>
      </symbol>
      <symbol id="sm-725">
         <name>__TI_tmpnams</name>
         <value>0xa920</value>
         <object_component_ref idref="oc-4d2"/>
      </symbol>
      <symbol id="sm-726">
         <name>_ftable</name>
         <value>0xa9ca</value>
         <object_component_ref idref="oc-1de"/>
      </symbol>
      <symbol id="sm-727">
         <name>__TI_ft_end</name>
         <value>0xaabc</value>
         <object_component_ref idref="oc-354"/>
      </symbol>
      <symbol id="sm-737">
         <name>memccpy</name>
         <value>0x82dc5</value>
         <object_component_ref idref="oc-372"/>
      </symbol>
      <symbol id="sm-747">
         <name>memchr</name>
         <value>0x82e0a</value>
         <object_component_ref idref="oc-2d5"/>
      </symbol>
      <symbol id="sm-7ae">
         <name>_sys_memory</name>
         <value>0xa000</value>
         <object_component_ref idref="oc-44"/>
      </symbol>
      <symbol id="sm-7af">
         <name>free</name>
         <value>0x81209</value>
         <object_component_ref idref="oc-3b5"/>
      </symbol>
      <symbol id="sm-7b0">
         <name>__TI_heap_total_available</name>
         <value>0x81436</value>
         <object_component_ref idref="oc-3b5"/>
      </symbol>
      <symbol id="sm-7b1">
         <name>__TI_heap_largest_available</name>
         <value>0x81455</value>
         <object_component_ref idref="oc-3b5"/>
      </symbol>
      <symbol id="sm-7b2">
         <name>realloc</name>
         <value>0x812d3</value>
         <object_component_ref idref="oc-3b5"/>
      </symbol>
      <symbol id="sm-7b3">
         <name>memalign</name>
         <value>0x81388</value>
         <object_component_ref idref="oc-3b5"/>
      </symbol>
      <symbol id="sm-7b4">
         <name>calloc</name>
         <value>0x8135b</value>
         <object_component_ref idref="oc-3b5"/>
      </symbol>
      <symbol id="sm-7b5">
         <name>malloc</name>
         <value>0x811de</value>
         <object_component_ref idref="oc-3b5"/>
      </symbol>
      <symbol id="sm-7b6">
         <name>__TI_heap_check</name>
         <value>0x81474</value>
         <object_component_ref idref="oc-3b5"/>
      </symbol>
      <symbol id="sm-7b7">
         <name>aligned_alloc</name>
         <value>0x81388</value>
         <object_component_ref idref="oc-3b5"/>
      </symbol>
      <symbol id="sm-7b8">
         <name>minit</name>
         <value>0x81357</value>
         <object_component_ref idref="oc-3b5"/>
      </symbol>
      <symbol id="sm-7c7">
         <name>memset</name>
         <value>0x82ebe</value>
         <object_component_ref idref="oc-75"/>
      </symbol>
      <symbol id="sm-7d7">
         <name>strchr</name>
         <value>0x82e23</value>
         <object_component_ref idref="oc-42e"/>
      </symbol>
      <symbol id="sm-7e5">
         <name>strcpy</name>
         <value>0x82ec5</value>
         <object_component_ref idref="oc-36c"/>
      </symbol>
      <symbol id="sm-7f3">
         <name>strlen</name>
         <value>0x82e9a</value>
         <object_component_ref idref="oc-2cf"/>
      </symbol>
      <symbol id="sm-7fe">
         <name>errno</name>
         <value>0xaabd</value>
         <object_component_ref idref="oc-395"/>
      </symbol>
      <symbol id="sm-80c">
         <name>write</name>
         <value>0x82c09</value>
         <object_component_ref idref="oc-2c7"/>
      </symbol>
      <symbol id="sm-81c">
         <name>_stream</name>
         <value>0xaa8a</value>
         <object_component_ref idref="oc-359"/>
      </symbol>
      <symbol id="sm-81d">
         <name>_device</name>
         <value>0xaa42</value>
         <object_component_ref idref="oc-3cb"/>
      </symbol>
      <symbol id="sm-834">
         <name>__TI_doflush</name>
         <value>0x82050</value>
         <object_component_ref idref="oc-2c1"/>
      </symbol>
      <symbol id="sm-835">
         <name>fflush</name>
         <value>0x8207f</value>
         <object_component_ref idref="oc-2c1"/>
      </symbol>
      <symbol id="sm-86e">
         <name>__TI_cleanup</name>
         <value>0x81638</value>
         <object_component_ref idref="oc-3bb"/>
      </symbol>
      <symbol id="sm-86f">
         <name>freopen</name>
         <value>0x81655</value>
         <object_component_ref idref="oc-3bb"/>
      </symbol>
      <symbol id="sm-870">
         <name>fopen</name>
         <value>0x81673</value>
         <object_component_ref idref="oc-3bb"/>
      </symbol>
      <symbol id="sm-881">
         <name>fseeko</name>
         <value>0x825de</value>
         <object_component_ref idref="oc-346"/>
      </symbol>
      <symbol id="sm-882">
         <name>fseek</name>
         <value>0x825de</value>
         <object_component_ref idref="oc-346"/>
      </symbol>
      <symbol id="sm-890">
         <name>copysign</name>
         <value>0x82a52</value>
         <object_component_ref idref="oc-4b1"/>
      </symbol>
      <symbol id="sm-891">
         <name>copysignl</name>
         <value>0x82a52</value>
         <object_component_ref idref="oc-4b1"/>
      </symbol>
      <symbol id="sm-899">
         <name>__c28xabi_divul</name>
         <value>0x82986</value>
         <object_component_ref idref="oc-49a"/>
      </symbol>
      <symbol id="sm-89a">
         <name>__c28xabi_modul</name>
         <value>0x8298d</value>
         <object_component_ref idref="oc-49a"/>
      </symbol>
      <symbol id="sm-89b">
         <name>__c28xabi_modl</name>
         <value>0x82978</value>
         <object_component_ref idref="oc-49a"/>
      </symbol>
      <symbol id="sm-89c">
         <name>__c28xabi_divl</name>
         <value>0x82969</value>
         <object_component_ref idref="oc-49a"/>
      </symbol>
      <symbol id="sm-8aa">
         <name>_system_post_cinit</name>
         <value>0x82ecf</value>
         <object_component_ref idref="oc-ec"/>
      </symbol>
      <symbol id="sm-8b7">
         <name>HOSTclose</name>
         <value>0x829bc</value>
         <object_component_ref idref="oc-45a"/>
      </symbol>
      <symbol id="sm-8c4">
         <name>HOSTlseek</name>
         <value>0x821fe</value>
         <object_component_ref idref="oc-46c"/>
      </symbol>
      <symbol id="sm-8d7">
         <name>parmbuf</name>
         <value>0xa9c0</value>
         <object_component_ref idref="oc-4e0"/>
      </symbol>
      <symbol id="sm-8d8">
         <name>HOSTopen</name>
         <value>0x8261b</value>
         <object_component_ref idref="oc-454"/>
      </symbol>
      <symbol id="sm-8e6">
         <name>HOSTread</name>
         <value>0x8268e</value>
         <object_component_ref idref="oc-460"/>
      </symbol>
      <symbol id="sm-8f3">
         <name>HOSTrename</name>
         <value>0x82563</value>
         <object_component_ref idref="oc-478"/>
      </symbol>
      <symbol id="sm-900">
         <name>HOSTunlink</name>
         <value>0x82a2e</value>
         <object_component_ref idref="oc-472"/>
      </symbol>
      <symbol id="sm-90e">
         <name>HOSTwrite</name>
         <value>0x82655</value>
         <object_component_ref idref="oc-466"/>
      </symbol>
      <symbol id="sm-92b">
         <name>__TI_readmsg</name>
         <value>0x81d8e</value>
         <object_component_ref idref="oc-4e3"/>
      </symbol>
      <symbol id="sm-92c">
         <name>C$$IO$$</name>
         <value>0x81d89</value>
         <object_component_ref idref="oc-4e3"/>
      </symbol>
      <symbol id="sm-92d">
         <name>__CIOBUF_</name>
         <value>0xa800</value>
         <object_component_ref idref="oc-52a"/>
      </symbol>
      <symbol id="sm-92e">
         <name>__TI_writemsg</name>
         <value>0x81d36</value>
         <object_component_ref idref="oc-4e3"/>
      </symbol>
      <symbol id="sm-947">
         <name>open</name>
         <value>0x820c3</value>
         <object_component_ref idref="oc-442"/>
      </symbol>
      <symbol id="sm-955">
         <name>lseek</name>
         <value>0x82c3a</value>
         <object_component_ref idref="oc-3ad"/>
      </symbol>
      <symbol id="sm-967">
         <name>__TI_closefile</name>
         <value>0x8225f</value>
         <object_component_ref idref="oc-448"/>
      </symbol>
      <symbol id="sm-968">
         <name>fclose</name>
         <value>0x822a3</value>
         <object_component_ref idref="oc-448"/>
      </symbol>
      <symbol id="sm-97a">
         <name>finddevice</name>
         <value>0x823bb</value>
         <object_component_ref idref="oc-4c4"/>
      </symbol>
      <symbol id="sm-97b">
         <name>getdevice</name>
         <value>0x823d6</value>
         <object_component_ref idref="oc-4c4"/>
      </symbol>
      <symbol id="sm-98a">
         <name>strcmp</name>
         <value>0x82e6e</value>
         <object_component_ref idref="oc-50e"/>
      </symbol>
      <symbol id="sm-99b">
         <name>strncpy</name>
         <value>0x82d43</value>
         <object_component_ref idref="oc-514"/>
      </symbol>
      <symbol id="sm-9ad">
         <name>close</name>
         <value>0x8279f</value>
         <object_component_ref idref="oc-4cc"/>
      </symbol>
      <symbol id="sm-9ba">
         <name>unlink</name>
         <value>0x82bf0</value>
         <object_component_ref idref="oc-4d5"/>
      </symbol>
      <symbol id="sm-9bc">
         <name>__c_args__</name>
         <value>0x0</value>
      </symbol>
      <symbol id="sm-9bd">
         <name>remove</name>
         <value>0x82bf0</value>
      </symbol>
   </symbol_table>
   <title>Link successful</title>
</link_info>
