******************************************************************************
             TMS320C2000 Linker PC v22.6.2                     
******************************************************************************
>> Linked Sat Jul 19 13:05:26 2025

OUTPUT FILE NAME:   <3.EXTI.out>
ENTRY POINT SYMBOL: "code_start"  address: 00000000


MEMORY CONFIGURATION

         name            origin    length      used     unused   attr    fill
----------------------  --------  ---------  --------  --------  ----  --------
  BEGIN                 00000000   00000002  00000002  00000000  RWIX
  BOOT_RSVD             00000002   00000126  00000000  00000126  RWIX
  RAMM0                 00000128   000002d8  00000014  000002c4  RWIX
  RAMM1                 00000400   00000400  00000200  00000200  RWIX
  CLATOCPURAM           00001480   00000080  00000000  00000080  RWIX
  CPUTOCLARAM           00001500   00000080  00000000  00000080  RWIX
  CLATODMARAM           00001680   00000080  00000000  00000080  RWIX
  DMATOCLARAM           00001700   00000080  00000000  00000080  RWIX
  RAMLS0                00008000   00000800  00000800  00000000  RWIX
  RAMLS1                00008800   00000800  0000063b  000001c5  RWIX
  RAMLS2                00009000   00000800  00000000  00000800  RWIX
  RAMLS3                00009800   00000800  00000000  00000800  RWIX
  RAMLS4                0000a000   00000800  00000000  00000800  RWIX
  RAMLS5                0000a800   00000800  00000264  0000059c  RWIX
  RAMLS6                0000b000   00000800  00000000  00000800  RWIX
  RAMLS7                0000b800   00000800  00000000  00000800  RWIX
  RAMGS0                0000c000   00002000  00000000  00002000  RWIX
  RAMGS1                0000e000   00002000  00000000  00002000  RWIX
  RAMGS2                00010000   00002000  00000000  00002000  RWIX
  RAMGS3                00012000   00002000  00000000  00002000  RWIX
  RAMLS8                00014000   00002000  00000000  00002000  RWIX
  RAMLS9                00016000   00002000  00000000  00002000  RWIX
  FLASH_BANK0           00080000   00020000  00000000  00020000  RWIX
  FLASH_BANK1           000a0000   00020000  00000000  00020000  RWIX
  FLASH_BANK2           000c0000   00020000  00000000  00020000  RWIX
  FLASH_BANK3           000e0000   00020000  00000000  00020000  RWIX
  FLASH_BANK4           00100000   00007fff  00000000  00007fff  RWIX
  RESET                 003fffc0   00000002  00000000  00000002  RWIX


SECTION ALLOCATION MAP

 output                                  attributes/
section   page    origin      length       input sections
--------  ----  ----------  ----------   ----------------
codestart 
*          0    00000000    00000002     
                  00000000    00000002     f28p55x_codestartbranch.obj (codestart)

.cinit     0    0000012c    00000010     
                  0000012c    00000008     (.cinit..data.load) [load image, compression = lzss]
                  00000134    00000004     (__TI_handler_table)
                  00000138    00000004     (__TI_cinit_table)

.reset     0    003fffc0    00000000     DSECT

.stack     0    00000400    00000200     UNINITIALIZED
                  00000400    00000200     --HOLE--

.init_array 
*          0    00000128    00000000     UNINITIALIZED

.data      0    0000a800    0000000a     UNINITIALIZED
                  0000a800    00000006     rts2800_fpu32_eabi.lib : exit.c.obj (.data)
                  0000a806    00000002                            : _lock.c.obj (.data:_lock)
                  0000a808    00000002                            : _lock.c.obj (.data:_unlock)

.const     0    0000a80a    0000025a     
                  0000a80a    0000009a     driverlib.lib : sysctl.obj (.const:.string)
                  0000a8a4    00000098                   : gpio.obj (.const:.string)
                  0000a93c    00000057     device.obj (.const:.string)
                  0000a993    00000001     --HOLE-- [fill = 0]
                  0000a994    0000004b     driverlib.lib : pga.obj (.const:.string)
                  0000a9df    00000001     --HOLE-- [fill = 0]
                  0000a9e0    00000042     board.obj (.const:.string)
                  0000aa22    00000042     empty_driverlib_main.obj (.const:.string)

.TI.ramfunc 
*          0    00000128    00000004     
                  00000128    00000004     driverlib.lib : sysctl.obj (.TI.ramfunc)

.text.1    0    00008000    00000800     
                  00008000    00000123     driverlib.lib : sysctl.obj (.text:SysCtl_setClock)
                  00008123    000000fe                   : sysctl.obj (.text:SysCtl_isPLLValid)
                  00008221    000000eb                   : gpio.obj (.text:GPIO_setAnalogMode)
                  0000830c    000000d8     device.obj (.text:Device_enableAllPeripherals)
                  000083e4    000000b4     device.obj (.text:Device_init)
                  00008498    00000088     rts2800_fpu32_eabi.lib : fs_div28.asm.obj (.text)
                  00008520    00000073     driverlib.lib : sysctl.obj (.text:DCC_setCounterSeeds)
                  00008593    00000065                   : sysctl.obj (.text:SysCtl_getClock)
                  000085f8    00000052                   : gpio.obj (.text:GPIO_setPadConfig)
                  0000864a    00000047                   : sysctl.obj (.text:SysCtl_selectOscSource)
                  00008691    00000046                   : sysctl.obj (.text:SysCtl_selectXTAL)
                  000086d7    00000045                   : sysctl.obj (.text:SysCtl_pollX1Counter)
                  0000871c    00000044                   : pga.obj (.text:PGA_setOffsetTrimPMOS)
                  00008760    00000041                   : pga.obj (.text:PGA_setOffsetTrimNMOS)
                  000087a1    0000003d                   : interrupt.obj (.text:Interrupt_initModule)
                  000087de    0000001f     empty_driverlib_main.obj (.text:GPIO_togglePin)
                  000087fd    00000003     board.obj (.text:INPUTXBAR_init)

.text.2    0    00008800    0000063b     
                  00008800    00000037     driverlib.lib : gpio.obj (.text:GPIO_setControllerCore)
                  00008837    00000037                   : gpio.obj (.text:GPIO_setInterruptPin)
                  0000886e    00000037                   : gpio.obj (.text:GPIO_setPinConfig)
                  000088a5    00000037                   : gpio.obj (.text:GPIO_setQualificationMode)
                  000088dc    00000037                   : interrupt.obj (.text:Interrupt_enable)
                  00008913    00000031                   : gpio.obj (.text:GPIO_setDirectionMode)
                  00008944    00000031     empty_driverlib_main.obj (.text:INT_User_KEY_XINT_ISR)
                  00008975    0000002e     rts2800_fpu32_eabi.lib : copy_decompress_lzss.c.obj (.text:decompress:lzss)
                  000089a3    0000002c     driverlib.lib : gpio.obj (.text:GPIO_isPinValid)
                  000089cf    0000002c     empty_driverlib_main.obj (.text:GPIO_isPinValid)
                  000089fb    0000002b     rts2800_fpu32_eabi.lib : autoinit.c.obj (.text:__TI_auto_init_nobinit_nopinit)
                  00008a26    0000002a     board.obj (.text:XBAR_setInputPin)
                  00008a50    0000002a     driverlib.lib : gpio.obj (.text:XBAR_setInputPin)
                  00008a7a    00000029     rts2800_fpu32_eabi.lib : exit.c.obj (.text)
                  00008aa3    00000025     driverlib.lib : sysctl.obj (.text:SysCtl_selectXTALSingleEnded)
                  00008ac8    00000024                   : sysctl.obj (.text:DCC_enableSingleShotMode)
                  00008aec    0000001e                   : sysctl.obj (.text:DCC_setCounter0ClkSource)
                  00008b0a    0000001e                   : sysctl.obj (.text:DCC_setCounter1ClkSource)
                  00008b28    0000001e                   : interrupt.obj (.text:Interrupt_initVectorTable)
                  00008b46    0000001d     rts2800_fpu32_eabi.lib : memcpy.c.obj (.text)
                  00008b63    0000001b     board.obj (.text:XBAR_isBaseValid)
                  00008b7e    0000001b     driverlib.lib : gpio.obj (.text:XBAR_isBaseValid)
                  00008b99    0000001a     device.obj (.text:Device_initGPIO)
                  00008bb3    0000001a     driverlib.lib : sysctl.obj (.text:SysCtl_getLowSpeedClock)
                  00008bcd    00000019                   : sysctl.obj (.text:SysCtl_setPLLSysClk)
                  00008be6    00000017                   : pga.obj (.text:PGA_isBaseValid)
                  00008bfd    00000017     device.obj (.text:SysCtl_enablePeripheral)
                  00008c14    00000017     driverlib.lib : sysctl.obj (.text:SysCtl_enablePeripheral)
                  00008c2b    00000017     rts2800_fpu32_eabi.lib : boot28.asm.obj (.text)
                  00008c42    00000016     driverlib.lib : sysctl.obj (.text:DCC_disableDoneSignal)
                  00008c58    00000016                   : interrupt.obj (.text:Interrupt_defaultHandler)
                  00008c6e    00000015                   : sysctl.obj (.text:DCC_clearDoneFlag)
                  00008c83    00000015                   : sysctl.obj (.text:DCC_clearErrorFlag)
                  00008c98    00000015                   : sysctl.obj (.text:DCC_disableErrorSignal)
                  00008cad    00000015                   : sysctl.obj (.text:DCC_isBaseValid)
                  00008cc2    00000015     device.obj (.text:GPIO_unlockPortConfig)
                  00008cd7    00000014     driverlib.lib : sysctl.obj (.text:DCC_disableModule)
                  00008ceb    00000014                   : sysctl.obj (.text:DCC_enableModule)
                  00008cff    00000014     board.obj (.text:User_KEY_init)
                  00008d13    00000014     board.obj (.text:User_LED_init)
                  00008d27    00000010     board.obj (.text:GPIO_setInterruptType)
                  00008d37    0000000f     board.obj (.text:Interrupt_register)
                  00008d46    0000000f     board.obj (.text:PinMux_init)
                  00008d55    0000000f     empty_driverlib_main.obj (.text:main)
                  00008d64    0000000d     board.obj (.text:Board_init)
                  00008d71    0000000d     board.obj (.text:INTERRUPT_init)
                  00008d7e    0000000d     driverlib.lib : interrupt.obj (.text:Interrupt_disableGlobal)
                  00008d8b    0000000d                   : interrupt.obj (.text:Interrupt_enableGlobal)
                  00008d98    0000000d     device.obj (.text:SysCtl_setLowSpeedClock)
                  00008da5    0000000c     board.obj (.text:User_KEY_XINT_init)
                  00008db1    0000000c     rts2800_fpu32_eabi.lib : args_main.c.obj (.text)
                  00008dbd    0000000b     device.obj (.text:SysCtl_disableWatchdog)
                  00008dc8    0000000b     driverlib.lib : sysctl.obj (.text:SysCtl_isMCDClockFailureDetected)
                  00008dd3    0000000a                   : interrupt.obj (.text:Interrupt_illegalOperationHandler)
                  00008ddd    0000000a                   : interrupt.obj (.text:Interrupt_nmiHandler)
                  00008de7    00000009     board.obj (.text:GPIO_enableInterrupt)
                  00008df0    00000009     rts2800_fpu32_eabi.lib : _lock.c.obj (.text)
                  00008df9    00000008                            : copy_decompress_none.c.obj (.text:decompress:none)
                  00008e01    00000008     f28p55x_codestartbranch.obj (.text)
                  00008e09    00000007     device.obj (.text:ASysCtl_lockVREG)
                  00008e10    00000007     driverlib.lib : sysctl.obj (.text:SysCtl_resetMCD)
                  00008e17    00000007     device.obj (.text:__error__)
                  00008e1e    00000007     board.obj (.text:myINPUTXBARINPUT0_init)
                  00008e25    00000006     empty_driverlib_main.obj (.text:Interrupt_clearACKGroup)
                  00008e2b    00000005     board.obj (.text:GPIO_init)
                  00008e30    00000004     device.obj (.text:SysCtl_deviceCal)
                  00008e34    00000003     board.obj (.text:XINT_init)
                  00008e37    00000002     rts2800_fpu32_eabi.lib : pre_init.c.obj (.text)
                  00008e39    00000001     c2000ware_libraries.obj (.text:C2000Ware_libraries_init)
                  00008e3a    00000001     rts2800_fpu32_eabi.lib : startup.c.obj (.text)

MODULE SUMMARY

       Module                        code   ro data   rw data
       ------                        ----   -------   -------
    .\
       empty_driverlib_main.obj      145    66        0      
    +--+-----------------------------+------+---------+---------+
       Total:                        145    66        0      
                                                             
    .\device\
       device.obj                    508    87        0      
       f28p55x_codestartbranch.obj   10     0         0      
    +--+-----------------------------+------+---------+---------+
       Total:                        518    87        0      
                                                             
    .\syscfg\
       board.obj                     220    66        0      
       c2000ware_libraries.obj       1      0         0      
    +--+-----------------------------+------+---------+---------+
       Total:                        221    66        0      
                                                             
    E:/TI/sdk/C2000Ware_5_05_00_00/driverlib/f28p55x/driverlib/ccs/Debug/driverlib.lib
       sysctl.obj                    1346   154       0      
       gpio.obj                      699    152       0      
       pga.obj                       156    75        0      
       interrupt.obj                 214    0         0      
    +--+-----------------------------+------+---------+---------+
       Total:                        2415   381       0      
                                                             
    E:\TI\ccs\tools\compiler\ti-cgt-c2000_22.6.2.LTS\lib\rts2800_fpu32_eabi.lib
       fs_div28.asm.obj              136    0         0      
       exit.c.obj                    41     0         6      
       copy_decompress_lzss.c.obj    46     0         0      
       autoinit.c.obj                43     0         0      
       memcpy.c.obj                  29     0         0      
       boot28.asm.obj                23     0         0      
       _lock.c.obj                   9      0         4      
       args_main.c.obj               12     0         0      
       copy_decompress_none.c.obj    8      0         0      
       pre_init.c.obj                2      0         0      
       startup.c.obj                 1      0         0      
    +--+-----------------------------+------+---------+---------+
       Total:                        350    0         10     
                                                             
       Stack:                        0      0         512    
       Linker Generated:             0      16        0      
    +--+-----------------------------+------+---------+---------+
       Grand Total:                  3649   616       522    


LINKER GENERATED COPY TABLES

__TI_cinit_table @ 00000138 records: 1, size/record: 4, table size: 4
	.data: load addr=0000012c, load size=00000008 bytes, run addr=0000a800, run size=0000000a bytes, compression=lzss


LINKER GENERATED HANDLER TABLE

__TI_handler_table @ 00000134 records: 2, size/record: 2, table size: 4
	index: 0, handler: __TI_decompress_lzss
	index: 1, handler: __TI_decompress_none


GLOBAL DATA SYMBOLS: SORTED BY DATA PAGE

address     data page           name
--------    ----------------    ----
00000400      10 (00000400)     __stack

0000a800     2a0 (0000a800)     __TI_enable_exit_profile_output
0000a802     2a0 (0000a800)     __TI_cleanup_ptr
0000a804     2a0 (0000a800)     __TI_dtors_ptr
0000a806     2a0 (0000a800)     _lock
0000a808     2a0 (0000a800)     _unlock


GLOBAL SYMBOLS: SORTED ALPHABETICALLY BY Name 

page  address   name                             
----  -------   ----                             
0     00008d64  Board_init                       
0     00008a7a  C$$EXIT                          
0     00008e39  C2000Ware_libraries_init         
0     0000830c  Device_enableAllPeripherals      
0     000083e4  Device_init                      
0     00008b99  Device_initGPIO                  
0     00008e2b  GPIO_init                        
0     00008221  GPIO_setAnalogMode               
0     00008800  GPIO_setControllerCore           
0     00008913  GPIO_setDirectionMode            
0     00008837  GPIO_setInterruptPin             
0     000085f8  GPIO_setPadConfig                
0     0000886e  GPIO_setPinConfig                
0     000088a5  GPIO_setQualificationMode        
0     000087fd  INPUTXBAR_init                   
0     00008d71  INTERRUPT_init                   
0     00008944  INT_User_KEY_XINT_ISR            
0     00008c58  Interrupt_defaultHandler         
0     000088dc  Interrupt_enable                 
0     00008dd3  Interrupt_illegalOperationHandler
0     000087a1  Interrupt_initModule             
0     00008b28  Interrupt_initVectorTable        
0     00008ddd  Interrupt_nmiHandler             
0     00008760  PGA_setOffsetTrimNMOS            
0     0000871c  PGA_setOffsetTrimPMOS            
0     00008d46  PinMux_init                      
0     00000128  SysCtl_delay                     
0     00008593  SysCtl_getClock                  
0     00008bb3  SysCtl_getLowSpeedClock          
0     00008123  SysCtl_isPLLValid                
0     0000864a  SysCtl_selectOscSource           
0     00008691  SysCtl_selectXTAL                
0     00008aa3  SysCtl_selectXTALSingleEnded     
0     00008000  SysCtl_setClock                  
0     00008da5  User_KEY_XINT_init               
0     00008cff  User_KEY_init                    
0     00008d13  User_LED_init                    
0     00008e34  XINT_init                        
0     00000138  __TI_CINIT_Base                  
0     0000013c  __TI_CINIT_Limit                 
0     0000013c  __TI_CINIT_Warm                  
0     00000134  __TI_Handler_Table_Base          
0     00000138  __TI_Handler_Table_Limit         
0     00000600  __TI_STACK_END                   
abs   00000200  __TI_STACK_SIZE                  
0     000089fb  __TI_auto_init_nobinit_nopinit   
0     0000a802  __TI_cleanup_ptr                 
0     00008975  __TI_decompress_lzss             
0     00008df9  __TI_decompress_none             
0     0000a804  __TI_dtors_ptr                   
0     0000a800  __TI_enable_exit_profile_output  
abs   ffffffff  __TI_pprof_out_hndl              
abs   ffffffff  __TI_prof_data_size              
abs   ffffffff  __TI_prof_data_start             
0     00008498  __c28xabi_divf                   
n/a   UNDEFED   __c_args__                       
0     00008e17  __error__                        
0     00000400  __stack                          
0     00008db1  _args_main                       
0     00008c2b  _c_int00                         
0     0000a806  _lock                            
0     00008df8  _nop                             
0     00008df4  _register_lock                   
0     00008df0  _register_unlock                 
0     00008e3a  _system_post_cinit               
0     00008e37  _system_pre_init                 
0     0000a808  _unlock                          
0     00008a7a  abort                            
0     00000000  code_start                       
0     00008a7c  exit                             
0     00008d55  main                             
0     00008b46  memcpy                           
0     00008e1e  myINPUTXBARINPUT0_init           


GLOBAL SYMBOLS: SORTED BY Symbol Address 

page  address   name                             
----  -------   ----                             
0     00000000  code_start                       
0     00000128  SysCtl_delay                     
0     00000134  __TI_Handler_Table_Base          
0     00000138  __TI_CINIT_Base                  
0     00000138  __TI_Handler_Table_Limit         
0     0000013c  __TI_CINIT_Limit                 
0     0000013c  __TI_CINIT_Warm                  
0     00000400  __stack                          
0     00000600  __TI_STACK_END                   
0     00008000  SysCtl_setClock                  
0     00008123  SysCtl_isPLLValid                
0     00008221  GPIO_setAnalogMode               
0     0000830c  Device_enableAllPeripherals      
0     000083e4  Device_init                      
0     00008498  __c28xabi_divf                   
0     00008593  SysCtl_getClock                  
0     000085f8  GPIO_setPadConfig                
0     0000864a  SysCtl_selectOscSource           
0     00008691  SysCtl_selectXTAL                
0     0000871c  PGA_setOffsetTrimPMOS            
0     00008760  PGA_setOffsetTrimNMOS            
0     000087a1  Interrupt_initModule             
0     000087fd  INPUTXBAR_init                   
0     00008800  GPIO_setControllerCore           
0     00008837  GPIO_setInterruptPin             
0     0000886e  GPIO_setPinConfig                
0     000088a5  GPIO_setQualificationMode        
0     000088dc  Interrupt_enable                 
0     00008913  GPIO_setDirectionMode            
0     00008944  INT_User_KEY_XINT_ISR            
0     00008975  __TI_decompress_lzss             
0     000089fb  __TI_auto_init_nobinit_nopinit   
0     00008a7a  C$$EXIT                          
0     00008a7a  abort                            
0     00008a7c  exit                             
0     00008aa3  SysCtl_selectXTALSingleEnded     
0     00008b28  Interrupt_initVectorTable        
0     00008b46  memcpy                           
0     00008b99  Device_initGPIO                  
0     00008bb3  SysCtl_getLowSpeedClock          
0     00008c2b  _c_int00                         
0     00008c58  Interrupt_defaultHandler         
0     00008cff  User_KEY_init                    
0     00008d13  User_LED_init                    
0     00008d46  PinMux_init                      
0     00008d55  main                             
0     00008d64  Board_init                       
0     00008d71  INTERRUPT_init                   
0     00008da5  User_KEY_XINT_init               
0     00008db1  _args_main                       
0     00008dd3  Interrupt_illegalOperationHandler
0     00008ddd  Interrupt_nmiHandler             
0     00008df0  _register_unlock                 
0     00008df4  _register_lock                   
0     00008df8  _nop                             
0     00008df9  __TI_decompress_none             
0     00008e17  __error__                        
0     00008e1e  myINPUTXBARINPUT0_init           
0     00008e2b  GPIO_init                        
0     00008e34  XINT_init                        
0     00008e37  _system_pre_init                 
0     00008e39  C2000Ware_libraries_init         
0     00008e3a  _system_post_cinit               
0     0000a800  __TI_enable_exit_profile_output  
0     0000a802  __TI_cleanup_ptr                 
0     0000a804  __TI_dtors_ptr                   
0     0000a806  _lock                            
0     0000a808  _unlock                          
abs   00000200  __TI_STACK_SIZE                  
abs   ffffffff  __TI_pprof_out_hndl              
abs   ffffffff  __TI_prof_data_size              
abs   ffffffff  __TI_prof_data_start             
n/a   UNDEFED   __c_args__                       

[73 symbols]
